<html>
<body>
<pre>
<h1>�Vision Build Log</h1>
<h2>Tool Versions:</h2>
IDE-Version: ��Vision V5.43.1.0
Copyright (C) 2025 ARM Ltd and ARM Germany GmbH. All rights reserved.
License Information: LZQ Administrator, LZQ, LIC=W96CK-Z013C-68EFC-7RST6-L42UL-A2SCT
 
Tool Versions:
Toolchain:       MDK-ARM Professional  Version: 5.43.0.0
Toolchain Path:  E:\KEIL\CORE\ARM\ARM_Compiler_5.06u7\Bin
C Compiler:      Armcc.exe V5.06 update 7 (build 960)
Assembler:       Armasm.exe V5.06 update 7 (build 960)
Linker/Locator:  ArmLink.exe V5.06 update 7 (build 960)
Library Manager: ArmAr.exe V5.06 update 7 (build 960)
Hex Converter:   FromElf.exe V5.06 update 7 (build 960)
CPU DLL:         SARMCM3.DLL V5.43.0.0
Dialog DLL:      DCM.DLL V1.17.5.0
Target DLL:      CMSIS_AGDI.dll V1.33.24.0
Dialog DLL:      TCM.DLL V1.56.6.0
 
<h2>Project:</h2>
E:\project\myproject\myCard\wlan\v2.0\MDK-ARM\v2.0.uvprojx
Project File Date:  07/14/2026

<h2>Output:</h2>
*** Using Compiler 'V5.06 update 7 (build 960)', folder: 'E:\KEIL\CORE\ARM\ARM_Compiler_5.06u7\Bin'
Build target 'v2.0'
assembling startup_stm32f103xe.s...
compiling can.c...
compiling dma.c...
compiling gpio.c...
compiling adc.c...
compiling spi.c...
compiling stm32f1xx_hal_msp.c...
compiling usart.c...
compiling stm32f1xx_it.c...
compiling tim.c...
compiling stm32f1xx_hal_gpio_ex.c...
compiling main.c...
compiling stm32f1xx_hal_cortex.c...
compiling stm32f1xx_hal_flash.c...
compiling stm32f1xx_hal_rcc_ex.c...
compiling stm32f1xx_hal_gpio.c...
compiling stm32f1xx_hal_pwr.c...
compiling stm32f1xx_hal.c...
compiling stm32f1xx_hal_flash_ex.c...
compiling stm32f1xx_hal_adc.c...
compiling stm32f1xx_hal_adc_ex.c...
compiling stm32f1xx_hal_rcc.c...
compiling stm32f1xx_hal_dma.c...
compiling stm32f1xx_hal_exti.c...
compiling driver_w25qxx.c...
compiling loopback.c...
compiling socket.c...
compiling app_w25qxx.c...
compiling hal_flash.c...
compiling system_stm32f1xx.c...
compiling stm32f1xx_hal_can.c...
compiling wizchip_conf.c...
compiling app_w5500.c...
..\BSP\ioLibrary_Driver\app_w5500.c(21): warning:  #550-D: variable "tcp_server_client_port"  was set but never used
  static uint16_t tcp_server_client_port = 0;      // 已连接客户端端口
..\BSP\ioLibrary_Driver\app_w5500.c: 1 warning, 0 errors
compiling wiz_platform.c...
compiling stm32f1xx_hal_spi.c...
compiling stm32f1xx_hal_uart.c...
compiling stm32f1xx_hal_tim_ex.c...
compiling w5500.c...
compiling stm32f1xx_hal_tim.c...
compiling dhcp.c...
compiling lfs_util.c...
compiling lfs_user.c...
compiling cJSON_Utils.c...
compiling lfs.c...
compiling cJSON.c...
compiling digital.c...
compiling temp.c...
compiling msh.c...
linking...
Program Size: Code=72278 RO-data=1490 RW-data=1164 ZI-data=16924  
FromELF: creating hex file...
"v2.0\v2_0.axf" - 0 Error(s), 1 Warning(s).

<h2>Software Packages used:</h2>

Package Vendor: ARM
                https://www.keil.com/pack/ARM.CMSIS.6.3.0.pack
                ARM::CMSIS@6.3.0
                CMSIS (Common Microcontroller Software Interface Standard)
   * Component: CORE Version: 6.2.0

Package Vendor: Keil
                https://www.keil.com/pack/Keil.STM32F1xx_DFP.2.4.1.pack
                Keil::STM32F1xx_DFP@2.4.1
                STMicroelectronics STM32F1 Series Device Support, Drivers and Examples

<h2>Collection of Component include folders:</h2>
  ./RTE/_v2.0
  E:/KEIL/PACK/ARM/CMSIS/6.3.0/CMSIS/Core/Include
  E:/KEIL/PACK/Keil/STM32F1xx_DFP/2.4.1/Device/Include

<h2>Collection of Component Files used:</h2>

   * Component: ARM::CMSIS:CORE@6.2.0
      Include file:  CMSIS/Core/Include/tz_context.h
Build Time Elapsed:  00:00:19
</pre>
</body>
</html>
