Component: ARM Compiler 5.06 update 7 (build 960) Tool: armlink [4d3601]

==============================================================================

Section Cross References

    startup_stm32f103xe.o(RESET) refers to startup_stm32f103xe.o(STACK) for __initial_sp
    startup_stm32f103xe.o(RESET) refers to startup_stm32f103xe.o(.text) for Reset_Handler
    startup_stm32f103xe.o(RESET) refers to stm32f1xx_it.o(i.NMI_Handler) for NMI_Handler
    startup_stm32f103xe.o(RESET) refers to stm32f1xx_it.o(i.HardFault_Handler) for HardFault_Handler
    startup_stm32f103xe.o(RESET) refers to stm32f1xx_it.o(i.MemManage_Handler) for MemManage_Handler
    startup_stm32f103xe.o(RESET) refers to stm32f1xx_it.o(i.BusFault_Handler) for BusFault_Handler
    startup_stm32f103xe.o(RESET) refers to stm32f1xx_it.o(i.UsageFault_Handler) for UsageFault_Handler
    startup_stm32f103xe.o(RESET) refers to stm32f1xx_it.o(i.SVC_Handler) for SVC_Handler
    startup_stm32f103xe.o(RESET) refers to stm32f1xx_it.o(i.DebugMon_Handler) for DebugMon_Handler
    startup_stm32f103xe.o(RESET) refers to stm32f1xx_it.o(i.PendSV_Handler) for PendSV_Handler
    startup_stm32f103xe.o(RESET) refers to stm32f1xx_it.o(i.SysTick_Handler) for SysTick_Handler
    startup_stm32f103xe.o(RESET) refers to stm32f1xx_it.o(i.DMA1_Channel3_IRQHandler) for DMA1_Channel3_IRQHandler
    startup_stm32f103xe.o(RESET) refers to stm32f1xx_it.o(i.DMA1_Channel5_IRQHandler) for DMA1_Channel5_IRQHandler
    startup_stm32f103xe.o(RESET) refers to stm32f1xx_it.o(i.DMA1_Channel6_IRQHandler) for DMA1_Channel6_IRQHandler
    startup_stm32f103xe.o(RESET) refers to stm32f1xx_it.o(i.TIM3_IRQHandler) for TIM3_IRQHandler
    startup_stm32f103xe.o(RESET) refers to stm32f1xx_it.o(i.USART1_IRQHandler) for USART1_IRQHandler
    startup_stm32f103xe.o(RESET) refers to stm32f1xx_it.o(i.USART2_IRQHandler) for USART2_IRQHandler
    startup_stm32f103xe.o(RESET) refers to stm32f1xx_it.o(i.USART3_IRQHandler) for USART3_IRQHandler
    startup_stm32f103xe.o(.text) refers to system_stm32f1xx.o(i.SystemInit) for SystemInit
    startup_stm32f103xe.o(.text) refers to entry.o(.ARM.Collect$$$$00000000) for __main
    main.o(i.HAL_TIM_PeriodElapsedCallback) refers to dhcp.o(i.DHCP_time_handler) for DHCP_time_handler
    main.o(i.HAL_TIM_PeriodElapsedCallback) refers to app_w5500.o(i.tcp_1s_callback) for tcp_1s_callback
    main.o(i.HAL_UARTEx_RxEventCallback) refers to msh.o(i.msh_rx_data) for msh_rx_data
    main.o(i.HAL_UARTEx_RxEventCallback) refers to main.o(.bss) for .bss
    main.o(i.SystemClock_Config) refers to memseta.o(.text) for __aeabi_memclr4
    main.o(i.SystemClock_Config) refers to stm32f1xx_hal_rcc.o(i.HAL_RCC_OscConfig) for HAL_RCC_OscConfig
    main.o(i.SystemClock_Config) refers to stm32f1xx_hal_rcc.o(i.HAL_RCC_ClockConfig) for HAL_RCC_ClockConfig
    main.o(i.SystemClock_Config) refers to stm32f1xx_hal_rcc_ex.o(i.HAL_RCCEx_PeriphCLKConfig) for HAL_RCCEx_PeriphCLKConfig
    main.o(i.fputc) refers to stm32f1xx_hal_uart.o(i.HAL_UART_Transmit) for HAL_UART_Transmit
    main.o(i.fputc) refers to usart.o(.bss) for huart1
    main.o(i.main) refers to stm32f1xx_hal.o(i.HAL_Init) for HAL_Init
    main.o(i.main) refers to main.o(i.SystemClock_Config) for SystemClock_Config
    main.o(i.main) refers to gpio.o(i.MX_GPIO_Init) for MX_GPIO_Init
    main.o(i.main) refers to dma.o(i.MX_DMA_Init) for MX_DMA_Init
    main.o(i.main) refers to spi.o(i.MX_SPI1_Init) for MX_SPI1_Init
    main.o(i.main) refers to spi.o(i.MX_SPI2_Init) for MX_SPI2_Init
    main.o(i.main) refers to usart.o(i.MX_USART1_UART_Init) for MX_USART1_UART_Init
    main.o(i.main) refers to usart.o(i.MX_USART2_UART_Init) for MX_USART2_UART_Init
    main.o(i.main) refers to usart.o(i.MX_USART3_UART_Init) for MX_USART3_UART_Init
    main.o(i.main) refers to can.o(i.MX_CAN_Init) for MX_CAN_Init
    main.o(i.main) refers to tim.o(i.MX_TIM2_Init) for MX_TIM2_Init
    main.o(i.main) refers to adc.o(i.MX_ADC1_Init) for MX_ADC1_Init
    main.o(i.main) refers to tim.o(i.MX_TIM3_Init) for MX_TIM3_Init
    main.o(i.main) refers to stm32f1xx_hal_uart.o(i.HAL_UARTEx_ReceiveToIdle_DMA) for HAL_UARTEx_ReceiveToIdle_DMA
    main.o(i.main) refers to stm32f1xx_hal_tim.o(i.HAL_TIM_Base_Start_IT) for HAL_TIM_Base_Start_IT
    main.o(i.main) refers to stm32f1xx_hal_tim.o(i.HAL_TIM_PWM_Start) for HAL_TIM_PWM_Start
    main.o(i.main) refers to stm32f1xx_hal_adc.o(i.HAL_ADC_Start) for HAL_ADC_Start
    main.o(i.main) refers to temp.o(i.board_temp_init) for board_temp_init
    main.o(i.main) refers to lfs_user.o(i.lfs_info_init) for lfs_info_init
    main.o(i.main) refers to lfs_user.o(i.test_folder_and_file) for test_folder_and_file
    main.o(i.main) refers to lfs_user.o(i.lfs_user_read) for lfs_user_read
    main.o(i.main) refers to msh.o(i.msh_init) for msh_init
    main.o(i.main) refers to wiz_platform.o(i.wizchip_initialize) for wizchip_initialize
    main.o(i.main) refers to digital.o(i.Set_digital) for Set_digital
[...]
    UsageFault_Handler                       0x0800510d   Thumb Code     2  stm32f1xx_it.o(i.UsageFault_Handler)
    WIZCHIP_READ                             0x08005111   Thumb Code    84  w5500.o(i.WIZCHIP_READ)
    WIZCHIP_READ_BUF                         0x08005169   Thumb Code   112  w5500.o(i.WIZCHIP_READ_BUF)
    WIZCHIP_WRITE                            0x080051dd   Thumb Code    90  w5500.o(i.WIZCHIP_WRITE)
    WIZCHIP_WRITE_BUF                        0x0800523d   Thumb Code   108  w5500.o(i.WIZCHIP_WRITE_BUF)
    __0printf                                0x080052ad   Thumb Code    22  printfa.o(i.__0printf)
    __1printf                                0x080052ad   Thumb Code     0  printfa.o(i.__0printf)
    __2printf                                0x080052ad   Thumb Code     0  printfa.o(i.__0printf)
    __c89printf                              0x080052ad   Thumb Code     0  printfa.o(i.__0printf)
    printf                                   0x080052ad   Thumb Code     0  printfa.o(i.__0printf)
    __0sprintf                               0x080052cd   Thumb Code    34  printfa.o(i.__0sprintf)
    __1sprintf                               0x080052cd   Thumb Code     0  printfa.o(i.__0sprintf)
    __2sprintf                               0x080052cd   Thumb Code     0  printfa.o(i.__0sprintf)
    __c89sprintf                             0x080052cd   Thumb Code     0  printfa.o(i.__0sprintf)
    sprintf                                  0x080052cd   Thumb Code     0  printfa.o(i.__0sprintf)
    __0vsprintf                              0x080052f5   Thumb Code    30  printfa.o(i.__0vsprintf)
    __1vsprintf                              0x080052f5   Thumb Code     0  printfa.o(i.__0vsprintf)
    __2vsprintf                              0x080052f5   Thumb Code     0  printfa.o(i.__0vsprintf)
    __c89vsprintf                            0x080052f5   Thumb Code     0  printfa.o(i.__0vsprintf)
    vsprintf                                 0x080052f5   Thumb Code     0  printfa.o(i.__0vsprintf)
    free                                     0x08005339   Thumb Code    88  mallocr.o(i.__free$realloc)
    malloc                                   0x08005395   Thumb Code    64  mallocr.o(i.__malloc$realloc)
    __scatterload_copy                       0x080053e5   Thumb Code    14  handlers.o(i.__scatterload_copy)
    __scatterload_null                       0x080053f3   Thumb Code     2  handlers.o(i.__scatterload_null)
    __scatterload_zeroinit                   0x080053f5   Thumb Code    14  handlers.o(i.__scatterload_zeroinit)
    _is_digit                                0x08005589   Thumb Code    14  scanf_fp.o(i._is_digit)
    app_w25qxx_chip_erase                    0x08006a69   Thumb Code    36  app_w25qxx.o(i.app_w25qxx_chip_erase)
    app_w25qxx_erase                         0x08006afd   Thumb Code   140  app_w25qxx.o(i.app_w25qxx_erase)
    app_w25qxx_init                          0x08006c45   Thumb Code    12  app_w25qxx.o(i.app_w25qxx_init)
    app_w25qxx_read                          0x08006c51   Thumb Code    12  app_w25qxx.o(i.app_w25qxx_read)
    app_w25qxx_write                         0x08006c61   Thumb Code    12  app_w25qxx.o(i.app_w25qxx_write)
    board_temp_get                           0x08006c71   Thumb Code    54  temp.o(i.board_temp_get)
    board_temp_init                          0x08006cc1   Thumb Code    30  temp.o(i.board_temp_init)
    cJSON_AddNumberToObject                  0x08006d15   Thumb Code    46  cjson.o(i.cJSON_AddNumberToObject)
    cJSON_AddStringToObject                  0x08006d49   Thumb Code    44  cjson.o(i.cJSON_AddStringToObject)
    cJSON_CreateNumber                       0x08006d79   Thumb Code    78  cjson.o(i.cJSON_CreateNumber)
    cJSON_CreateObject                       0x08006dd9   Thumb Code    18  cjson.o(i.cJSON_CreateObject)
    cJSON_CreateString                       0x08006df1   Thumb Code    44  cjson.o(i.cJSON_CreateString)
    cJSON_Delete                             0x08006e21   Thumb Code    76  cjson.o(i.cJSON_Delete)
    cJSON_GetObjectItem                      0x08006e71   Thumb Code     6  cjson.o(i.cJSON_GetObjectItem)
    cJSON_Parse                              0x08006e8d   Thumb Code     8  cjson.o(i.cJSON_Parse)
    cJSON_ParseWithLengthOpts                0x08006e95   Thumb Code   210  cjson.o(i.cJSON_ParseWithLengthOpts)
    cJSON_ParseWithOpts                      0x08006f71   Thumb Code    34  cjson.o(i.cJSON_ParseWithOpts)
    cJSON_PrintUnformatted                   0x08006f95   Thumb Code     8  cjson.o(i.cJSON_PrintUnformatted)
    check_DHCP_leasedIP                      0x08006fc9   Thumb Code    78  dhcp.o(i.check_DHCP_leasedIP)
    check_DHCP_timeout                       0x08007031   Thumb Code   106  dhcp.o(i.check_DHCP_timeout)
    close                                    0x080070a1   Thumb Code   108  socket.o(i.close)
    ctlwizchip                               0x0800716d   Thumb Code   230  wizchip_conf.o(i.ctlwizchip)
    default_ip_assign                        0x08007259   Thumb Code    44  dhcp.o(i.default_ip_assign)
    default_ip_conflict                      0x08007289   Thumb Code    32  dhcp.o(i.default_ip_conflict)
    default_ip_update                        0x080072ad   Thumb Code    36  dhcp.o(i.default_ip_update)
    disconnect                               0x080072d9   Thumb Code   134  socket.o(i.disconnect)
    flash_erase                              0x080073f1   Thumb Code   112  hal_flash.o(i.flash_erase)
    flash_read                               0x0800746d   Thumb Code    42  hal_flash.o(i.flash_read)
    flash_write                              0x080074a1   Thumb Code   102  hal_flash.o(i.flash_write)
    fputc                                    0x08007515   Thumb Code    20  main.o(i.fputc)
    getDNSfromDHCP                           0x0800752d   Thumb Code    20  dhcp.o(i.getDNSfromDHCP)
    getGWfromDHCP                            0x08007545   Thumb Code    20  dhcp.o(i.getGWfromDHCP)
    getIPfromDHCP                            0x0800755d   Thumb Code    20  dhcp.o(i.getIPfromDHCP)
    getSNfromDHCP                            0x08007575   Thumb Code    20  dhcp.o(i.getSNfromDHCP)
    getSn_RX_RSR                             0x0800758d   Thumb Code    76  w5500.o(i.getSn_RX_RSR)
    getSn_TX_FSR                             0x080075d9   Thumb Code    76  w5500.o(i.getSn_TX_FSR)
    lfs_crc                                  0x08007ce9   Thumb Code    50  lfs_util.o(i.lfs_crc)
    lfs_dir_close                            0x080080fd   Thumb Code    10  lfs.o(i.lfs_dir_close)
    lfs_dir_open                             0x0800903d   Thumb Code     4  lfs.o(i.lfs_dir_open)
    lfs_dir_read                             0x080094a5   Thumb Code     4  lfs.o(i.lfs_dir_read)
    lfs_file_close                           0x08009d89   Thumb Code     4  lfs.o(i.lfs_file_close)
    lfs_file_open                            0x0800a0f9   Thumb Code    12  lfs.o(i.lfs_file_open)
    lfs_file_read                            0x0800a373   Thumb Code    48  lfs.o(i.lfs_file_read)
    lfs_file_write                           0x0800a5bd   Thumb Code     4  lfs.o(i.lfs_file_write)
    lfs_format                               0x0800a6bd   Thumb Code     4  lfs.o(i.lfs_format)
    lfs_info_init                            0x0800af0d   Thumb Code    40  lfs_user.o(i.lfs_info_init)
    lfs_mkdir                                0x0800b07d   Thumb Code     4  lfs.o(i.lfs_mkdir)
    lfs_mount                                0x0800b211   Thumb Code     4  lfs.o(i.lfs_mount)
    lfs_stat                                 0x0800b6fb   Thumb Code    70  lfs.o(i.lfs_stat)
    lfs_user_exist                           0x0800b88d   Thumb Code    34  lfs_user.o(i.lfs_user_exist)
    lfs_user_init                            0x0800b8e5   Thumb Code    96  lfs_user.o(i.lfs_user_init)
    lfs_user_isdir                           0x0800b975   Thumb Code     4  lfs_user.o(i.lfs_user_isdir)
    lfs_user_listdir                         0x0800b979   Thumb Code   190  lfs_user.o(i.lfs_user_listdir)
    lfs_user_mkdir                           0x0800ba49   Thumb Code   118  lfs_user.o(i.lfs_user_mkdir)
    lfs_user_read                            0x0800bacd   Thumb Code   118  lfs_user.o(i.lfs_user_read)
    lfs_user_read_file                       0x0800bbe9   Thumb Code   116  lfs_user.o(i.lfs_user_read_file)
    lfs_user_save_tcp_client_dest_info       0x0800bc65   Thumb Code    88  lfs_user.o(i.lfs_user_save_tcp_client_dest_info)
    lfs_user_write_file                      0x0800bd25   Thumb Code   118  lfs_user.o(i.lfs_user_write_file)
    listen                                   0x0800bda5   Thumb Code   112  socket.o(i.listen)
    main                                     0x0800be15   Thumb Code   196  main.o(i.main)
    makeDHCPMSG                              0x0800bf2d   Thumb Code   202  dhcp.o(i.makeDHCPMSG)
    msh_init                                 0x0800c64d   Thumb Code    18  msh.o(i.msh_init)
    msh_printf                               0x0800c93d   Thumb Code    42  msh.o(i.msh_printf)
    msh_process                              0x0800c96d   Thumb Code   188  msh.o(i.msh_process)
    msh_rx_data                              0x0800ca91   Thumb Code    24  msh.o(i.msh_rx_data)
    network_init                             0x0800cf01   Thumb Code    44  wiz_platform.o(i.network_init)
    network_proc                             0x0800d059   Thumb Code    34  app_w5500.o(i.network_proc)
    parseDHCPMSG                             0x0800d475   Thumb Code   436  dhcp.o(i.parseDHCPMSG)
    realloc                                  0x0800e2b9   Thumb Code   102  mallocr.o(i.realloc)
    recv                                     0x0800e325   Thumb Code   224  socket.o(i.recv)
    recvfrom                                 0x0800e409   Thumb Code   524  socket.o(i.recvfrom)
    reg_wizchip_cris_cbfunc                  0x0800e61d   Thumb Code    22  wizchip_conf.o(i.reg_wizchip_cris_cbfunc)
    reg_wizchip_cs_cbfunc                    0x0800e641   Thumb Code    22  wizchip_conf.o(i.reg_wizchip_cs_cbfunc)
    reg_wizchip_spi_cbfunc                   0x0800e665   Thumb Code    30  wizchip_conf.o(i.reg_wizchip_spi_cbfunc)
    reg_wizchip_spiburst_cbfunc              0x0800e691   Thumb Code    30  wizchip_conf.o(i.reg_wizchip_spiburst_cbfunc)
    reset_DHCP_timeout                       0x0800e6bd   Thumb Code    14  dhcp.o(i.reset_DHCP_timeout)
    send                                     0x0800e6d1   Thumb Code   278  socket.o(i.send)
    send_DHCP_DECLINE                        0x0800e7ed   Thumb Code   250  dhcp.o(i.send_DHCP_DECLINE)
    send_DHCP_DISCOVER                       0x0800e8ed   Thumb Code   466  dhcp.o(i.send_DHCP_DISCOVER)
    send_DHCP_REQUEST                        0x0800eac5   Thumb Code   650  dhcp.o(i.send_DHCP_REQUEST)
    sendto                                   0x0800ed55   Thumb Code   378  socket.o(i.sendto)
    socket                                   0x0800eed5   Thumb Code   276  socket.o(i.socket)
    strtod                                   0x0800f009   Thumb Code    28  strtod.o(i.strtod)
    system_reboot                            0x0800f025   Thumb Code     4  msh.o(i.system_reboot)
    tcp_1s_callback                          0x0800f029   Thumb Code    30  app_w5500.o(i.tcp_1s_callback)
    test_folder_and_file                     0x0800f04d   Thumb Code    90  lfs_user.o(i.test_folder_and_file)
    w25qxx_basic_init                        0x0800f46d   Thumb Code   140  app_w25qxx.o(i.w25qxx_basic_init)
    w25qxx_block_erase_32k                   0x0800f5b1   Thumb Code  1216  driver_w25qxx.o(i.w25qxx_block_erase_32k)
    w25qxx_block_erase_64k                   0x0800fab9   Thumb Code  1246  driver_w25qxx.o(i.w25qxx_block_erase_64k)
    w25qxx_chip_erase                        0x0800ffbd   Thumb Code   456  driver_w25qxx.o(i.w25qxx_chip_erase)
    w25qxx_deinit                            0x080101fd   Thumb Code   172  driver_w25qxx.o(i.w25qxx_deinit)
    w25qxx_init                              0x08010309   Thumb Code  1626  driver_w25qxx.o(i.w25qxx_init)
    w25qxx_read                              0x080109c9   Thumb Code   602  driver_w25qxx.o(i.w25qxx_read)
    w25qxx_sector_erase_4k                   0x08010cb5   Thumb Code  1216  driver_w25qxx.o(i.w25qxx_sector_erase_4k)
    w25qxx_set_address_mode                  0x080111bd   Thumb Code   204  driver_w25qxx.o(i.w25qxx_set_address_mode)
    w25qxx_set_dual_quad_spi                 0x080112dd   Thumb Code    12  driver_w25qxx.o(i.w25qxx_set_dual_quad_spi)
    w25qxx_set_interface                     0x080112e9   Thumb Code    14  driver_w25qxx.o(i.w25qxx_set_interface)
    w25qxx_set_type                          0x080112f7   Thumb Code    12  driver_w25qxx.o(i.w25qxx_set_type)
    w25qxx_spi_deinit                        0x08011303   Thumb Code     4  app_w25qxx.o(i.w25qxx_spi_deinit)
    w25qxx_spi_delayms                       0x08011307   Thumb Code     4  app_w25qxx.o(i.w25qxx_spi_delayms)
    w25qxx_spi_delayus                       0x0801130b   Thumb Code     2  app_w25qxx.o(i.w25qxx_spi_delayus)
    w25qxx_spi_init                          0x0801130d   Thumb Code     4  app_w25qxx.o(i.w25qxx_spi_init)
    w25qxx_spi_write_read                    0x08011311   Thumb Code   102  app_w25qxx.o(i.w25qxx_spi_write_read)
    w25qxx_write                             0x0801137d   Thumb Code   214  driver_w25qxx.o(i.w25qxx_write)
    wiz_recv_data                            0x08011551   Thumb Code    96  w5500.o(i.wiz_recv_data)
    wiz_recv_ignore                          0x080115b1   Thumb Code    66  w5500.o(i.wiz_recv_ignore)
    wiz_send_data                            0x080115f3   Thumb Code    96  w5500.o(i.wiz_send_data)
    wizchip_bus_readdata                     0x08011653   Thumb Code     4  wizchip_conf.o(i.wizchip_bus_readdata)
    wizchip_bus_writedata                    0x08011657   Thumb Code     4  wizchip_conf.o(i.wizchip_bus_writedata)
    wizchip_clrinterrupt                     0x0801165d   Thumb Code    58  wizchip_conf.o(i.wizchip_clrinterrupt)
    wizchip_cris_enter                       0x0801169b   Thumb Code     2  wizchip_conf.o(i.wizchip_cris_enter)
    wizchip_cris_exit                        0x080116a1   Thumb Code     2  wizchip_conf.o(i.wizchip_cris_exit)
    wizchip_cs_deselect                      0x080116a3   Thumb Code     2  wizchip_conf.o(i.wizchip_cs_deselect)
    wizchip_cs_select                        0x080116a5   Thumb Code     2  wizchip_conf.o(i.wizchip_cs_select)
    wizchip_getinterrupt                     0x080116b9   Thumb Code    30  wizchip_conf.o(i.wizchip_getinterrupt)
    wizchip_getinterruptmask                 0x080116d7   Thumb Code    28  wizchip_conf.o(i.wizchip_getinterruptmask)
    wizchip_getnetinfo                       0x080116f5   Thumb Code    82  wizchip_conf.o(i.wizchip_getnetinfo)
    wizchip_init                             0x0801174d   Thumb Code   122  wizchip_conf.o(i.wizchip_init)
    wizchip_initialize                       0x080117c9   Thumb Code   188  wiz_platform.o(i.wizchip_initialize)
    wizchip_setinterruptmask                 0x08011921   Thumb Code    28  wizchip_conf.o(i.wizchip_setinterruptmask)
    wizchip_setnetinfo                       0x0801193d   Thumb Code    82  wizchip_conf.o(i.wizchip_setnetinfo)
    wizchip_spi_readburst                    0x08011995   Thumb Code     2  wizchip_conf.o(i.wizchip_spi_readburst)
    wizchip_spi_readbyte                     0x08011997   Thumb Code     4  wizchip_conf.o(i.wizchip_spi_readbyte)
    wizchip_spi_writeburst                   0x0801199b   Thumb Code     2  wizchip_conf.o(i.wizchip_spi_writeburst)
    wizchip_spi_writebyte                    0x0801199d   Thumb Code     2  wizchip_conf.o(i.wizchip_spi_writebyte)
    wizchip_sw_reset                         0x0801199f   Thumb Code   116  wizchip_conf.o(i.wizchip_sw_reset)
    wizphy_getphyconf                        0x08011a45   Thumb Code    78  wizchip_conf.o(i.wizphy_getphyconf)
    wizphy_getphylink                        0x08011a93   Thumb Code    22  wizchip_conf.o(i.wizphy_getphylink)
    wizphy_getphypmode                       0x08011aa9   Thumb Code    26  wizchip_conf.o(i.wizphy_getphypmode)
    wizphy_reset                             0x08011ac3   Thumb Code    42  wizchip_conf.o(i.wizphy_reset)
    wizphy_setphyconf                        0x08011aed   Thumb Code    74  wizchip_conf.o(i.wizphy_setphyconf)
    wizphy_setphypmode                       0x08011b37   Thumb Code    80  wizchip_conf.o(i.wizphy_setphypmode)
    AHBPrescTable                            0x08011baa   Data          16  system_stm32f1xx.o(.constdata)
    APBPrescTable                            0x08011bba   Data           8  system_stm32f1xx.o(.constdata)
    __ctype_categories                       0x08011e0c   Data          64  ctype_c.o(.constdata)
    Region$$Table$$Base                      0x08012008   Number         0  anon$$obj.o(Region$$Table)
    Region$$Table$$Limit                     0x08012028   Number         0  anon$$obj.o(Region$$Table)
    boot                                     0x20000000   Data           4  main.o(.data)
    uwTickFreq                               0x20000004   Data           1  stm32f1xx_hal.o(.data)
    uwTickPrio                               0x20000008   Data           4  stm32f1xx_hal.o(.data)
    uwTick                                   0x2000000c   Data           4  stm32f1xx_hal.o(.data)
    SystemCoreClock                          0x20000010   Data           4  system_stm32f1xx.o(.data)
    tcp_send_interval                        0x20000014   Data           2  app_w5500.o(.data)
    socket_0_tcp_dest_port                   0x20000016   Data           2  app_w5500.o(.data)
    tcp_state                                0x20000028   Data           4  app_w5500.o(.data)
    phy_state                                0x2000002c   Data           4  app_w5500.o(.data)
    socket_0_tcp_dest_ip                     0x20000030   Data           4  app_w5500.o(.data)
    default_net_info                         0x2000003c   Data          23  wiz_platform.o(.data)
    sock_pack_info                           0x2000005a   Data           8  socket.o(.data)
    WIZCHIP                                  0x2000006c   Data          44  wizchip_conf.o(.data)
    dhcp_state                               0x20000098   Data           1  dhcp.o(.data)
    dhcp_retry_count                         0x20000099   Data           1  dhcp.o(.data)
    DHCP_SOCKET                              0x2000009a   Data           1  dhcp.o(.data)
    OLD_allocated_ip                         0x2000009b   Data           4  dhcp.o(.data)
    DHCP_allocated_ip                        0x2000009f   Data           4  dhcp.o(.data)
    DHCP_allocated_gw                        0x200000a3   Data           4  dhcp.o(.data)
    DHCP_allocated_sn                        0x200000a7   Data           4  dhcp.o(.data)
    DHCP_allocated_dns                       0x200000ab   Data           4  dhcp.o(.data)
    dhcp_lease_time                          0x200000b0   Data           4  dhcp.o(.data)
    dhcp_tick_1s                             0x200000b4   Data           4  dhcp.o(.data)
    dhcp_tick_next                           0x200000b8   Data           4  dhcp.o(.data)
    dhcp_ip_assign                           0x200000bc   Data           4  dhcp.o(.data)
    dhcp_ip_update                           0x200000c0   Data           4  dhcp.o(.data)
    dhcp_ip_conflict                         0x200000c4   Data           4  dhcp.o(.data)
    DHCP_SIP                                 0x200000c8   Data           4  dhcp.o(.data)
    DHCP_REAL_SIP                            0x200000cc   Data           4  dhcp.o(.data)
    DHCP_XID                                 0x200000d0   Data           4  dhcp.o(.data)
    pDHCPMSG                                 0x200000d4   Data           4  dhcp.o(.data)
    DHCP_CHADDR                              0x200000d8   Data           6  dhcp.o(.data)
    HOST_NAME                                0x200000de   Data           8  dhcp.o(.data)
    msh_cmd_table                            0x2000010c   Data         748  msh.o(.data)
    adc_raw                                  0x20000468   Data           2  temp.o(.data)
    __stdout                                 0x20000480   Data           4  stdout.o(.data)
    __microlib_freelist                      0x20000484   Data           4  mvars.o(.data)
    __microlib_freelist_initialised          0x20000488   Data           4  mvars.o(.data)
    u1_rx                                    0x2000048c   Data         256  main.o(.bss)
    u3_rx                                    0x2000058c   Data         256  main.o(.bss)
    hadc1                                    0x2000068c   Data          48  adc.o(.bss)
    hcan                                     0x200006bc   Data          40  can.o(.bss)
    hspi1                                    0x200006e4   Data          88  spi.o(.bss)
    hspi2                                    0x2000073c   Data          88  spi.o(.bss)
    htim2                                    0x20000794   Data          72  tim.o(.bss)
    htim3                                    0x200007dc   Data          72  tim.o(.bss)
    huart1                                   0x20000824   Data          72  usart.o(.bss)
    huart2                                   0x2000086c   Data          72  usart.o(.bss)
    huart3                                   0x200008b4   Data          72  usart.o(.bss)
    hdma_usart1_rx                           0x200008fc   Data          68  usart.o(.bss)
    hdma_usart2_rx                           0x20000940   Data          68  usart.o(.bss)
    hdma_usart3_rx                           0x20000984   Data          68  usart.o(.bss)
    pFlash                                   0x200009c8   Data          32  stm32f1xx_hal_flash.o(.bss)
    ethernet_buf                             0x20001b10   Data        2048  wiz_platform.o(.bss)
    __heap_base                              0x200026a8   Data           0  startup_stm32f103xe.o(HEAP)
    __heap_limit                             0x200036a8   Data           0  startup_stm32f103xe.o(HEAP)
    __initial_sp                             0x200046a8   Data           0  startup_stm32f103xe.o(STACK)



==============================================================================

Memory Map of the image

  Image Entry point : 0x08000131

  Load Region LR_IROM1 (Base: 0x08000000, Size: 0x000124b4, Max: 0x00080000, ABSOLUTE, COMPRESSED[0x000121f4])

    Execution Region ER_IROM1 (Exec base: 0x08000000, Load base: 0x08000000, Size: 0x00012028, Max: 0x00080000, ABSOLUTE)

    Exec Addr    Load Addr    Size         Type   Attr      Idx    E Section Name        Object

    0x08000000   0x08000000   0x00000130   Data   RO            3    RESET               startup_stm32f103xe.o
    0x08000130   0x08000130   0x00000000   Code   RO         7239  * .ARM.Collect$$$$00000000  mc_w.l(entry.o)
    0x08000130   0x08000130   0x00000004   Code   RO         7597    .ARM.Collect$$$$00000001  mc_w.l(entry2.o)
    0x08000134   0x08000134   0x00000004   Code   RO         7600    .ARM.Collect$$$$00000004  mc_w.l(entry5.o)
    0x08000138   0x08000138   0x00000000   Code   RO         7602    .ARM.Collect$$$$00000008  mc_w.l(entry7b.o)
    0x08000138   0x08000138   0x00000000   Code   RO         7604    .ARM.Collect$$$$0000000A  mc_w.l(entry8b.o)
    0x08000138   0x08000138   0x00000008   Code   RO         7605    .ARM.Collect$$$$0000000B  mc_w.l(entry9a.o)
    0x08000140   0x08000140   0x00000004   Code   RO         7612    .ARM.Collect$$$$0000000E  mc_w.l(entry12b.o)
    0x08000144   0x08000144   0x00000000   Code   RO         7607    .ARM.Collect$$$$0000000F  mc_w.l(entry10a.o)
    0x08000144   0x08000144   0x00000000   Code   RO         7609    .ARM.Collect$$$$00000011  mc_w.l(entry11a.o)
    0x08000144   0x08000144   0x00000004   Code   RO         7598    .ARM.Collect$$$$00002712  mc_w.l(entry2.o)
    0x08000148   0x08000148   0x00000024   Code   RO            4    .text               startup_stm32f103xe.o
    0x0800016c   0x0800016c   0x00000020   Code   RO         7242    .text               mc_w.l(llushr.o)
    0x0800018c   0x0800018c   0x0000000c   Code   RO         7244    .text               mc_w.l(tolower.o)
    0x08000198   0x08000198   0x00000024   Code   RO         7246    .text               mc_w.l(memcpya.o)
    0x080001bc   0x080001bc   0x00000024   Code   RO         7248    .text               mc_w.l(memseta.o)
    0x080001e0   0x080001e0   0x00000024   Code   RO         7252    .text               mc_w.l(strstr.o)
    0x08000204   0x08000204   0x00000014   Code   RO         7256    .text               mc_w.l(strchr.o)
    0x08000218   0x08000218   0x0000000e   Code   RO         7258    .text               mc_w.l(strlen.o)
    0x08000226   0x08000226   0x0000001c   Code   RO         7260    .text               mc_w.l(strcmp.o)
    0x08000242   0x08000242   0x0000001a   Code   RO         7262    .text               mc_w.l(memcmp.o)
    0x0800025c   0x0800025c   0x00000012   Code   RO         7264    .text               mc_w.l(strcpy.o)
    0x0800026e   0x0800026e   0x0000001e   Code   RO         7266    .text               mc_w.l(strncmp.o)
    0x0800028c   0x0800028c   0x0000001c   Code   RO         7270    .text               mc_w.l(strspn.o)
    0x080002a8   0x080002a8   0x00000022   Code   RO         7272    .text               mc_w.l(strcspn.o)
    0x080002ca   0x080002ca   0x00000002   PAD
    0x080002cc   0x080002cc   0x00000038   Code   RO         7565    .text               mc_w.l(__0sscanf.o)
    0x08000304   0x08000304   0x0000014c   Code   RO         7567    .text               mc_w.l(_scanf_int.o)
    0x08000450   0x08000450   0x000000e0   Code   RO         7569    .text               mc_w.l(_scanf_str.o)
    0x08000530   0x08000530   0x00000360   Code   RO         7571    .text               mc_w.l(scanf_fp.o)
    0x08000890   0x08000890   0x000000b0   Code   RO         7575    .text               mf_w.l(fadd.o)
    0x08000940   0x08000940   0x00000064   Code   RO         7577    .text               mf_w.l(fmul.o)
    0x080009a4   0x080009a4   0x0000007c   Code   RO         7579    .text               mf_w.l(fdiv.o)
    0x08000a20   0x08000a20   0x0000014e   Code   RO         7581    .text               mf_w.l(dadd.o)
    0x08000b6e   0x08000b6e   0x0000002e   Code   RO         7583    .text               mf_w.l(dscalb.o)
    0x08000b9c   0x08000b9c   0x0000000a   Code   RO         7585    .text               mf_w.l(ffltui.o)
    0x08000ba6   0x08000ba6   0x00000022   Code   RO         7587    .text               mf_w.l(dflti.o)
    0x08000bc8   0x08000bc8   0x0000003e   Code   RO         7589    .text               mf_w.l(dfixi.o)
    0x08000c06   0x08000c06   0x00000026   Code   RO         7591    .text               mf_w.l(f2d.o)
    0x08000c2c   0x08000c2c   0x00000030   Code   RO         7593    .text               mf_w.l(cdcmple.o)
    0x08000c5c   0x08000c5c   0x00000030   Code   RO         7595    .text               mf_w.l(cdrcmple.o)
    0x08000c8c   0x08000c8c   0x0000002c   Code   RO         7614    .text               mc_w.l(uidiv.o)
    0x08000cb8   0x08000cb8   0x00000062   Code   RO         7616    .text               mc_w.l(uldiv.o)
    0x08000d1a   0x08000d1a   0x0000001e   Code   RO         7618    .text               mc_w.l(llshl.o)
    0x08000d38   0x08000d38   0x00000024   Code   RO         7620    .text               mc_w.l(llsshr.o)
    0x08000d5c   0x08000d5c   0x0000001c   Code   RO         7624    .text               mc_w.l(_chval.o)
    0x08000d78   0x08000d78   0x00000028   Code   RO         7626    .text               mc_w.l(scanf_char.o)
    0x08000da0   0x08000da0   0x00000040   Code   RO         7628    .text               mc_w.l(_sgetc.o)
    0x08000de0   0x08000de0   0x0000009c   Code   RO         7630    .text               mc_w.l(strtod.o)
    0x08000e7c   0x08000e7c   0x00000000   Code   RO         7632    .text               mc_w.l(iusefp.o)
    0x08000e7c   0x08000e7c   0x0000006e   Code   RO         7633    .text               mf_w.l(fepilogue.o)
    0x08000eea   0x08000eea   0x000000ba   Code   RO         7635    .text               mf_w.l(depilogue.o)
    0x08000fa4   0x08000fa4   0x000000e4   Code   RO         7637    .text               mf_w.l(dmul.o)
    0x08001088   0x08001088   0x000000de   Code   RO         7639    .text               mf_w.l(ddiv.o)
    0x08001166   0x08001166   0x00000018   Code   RO         7641    .text               mf_w.l(dfltul.o)
    0x0800117e   0x0800117e   0x00000030   Code   RO         7643    .text               mf_w.l(dfixul.o)
    0x080011ae   0x080011ae   0x00000038   Code   RO         7645    .text               mf_w.l(d2f.o)
    0x080011e6   0x080011e6   0x00000002   PAD
    0x080011e8   0x080011e8   0x00000024   Code   RO         7647    .text               mc_w.l(init.o)
    0x0800120c   0x0800120c   0x0000000a   Code   RO         7649    .text               mc_w.l(isspace_c.o)
    0x08001216   0x08001216   0x00000002   PAD
    0x08001218   0x08001218   0x00000330   Code   RO         7651    .text               mc_w.l(_scanf.o)
    0x08001548   0x08001548   0x00000028   Code   RO         7653    .text               mc_w.l(ctype_c.o)
    0x08001570   0x08001570   0x00000056   Code   RO         7664    .text               mc_w.l(__dczerorl2.o)
    0x080015c6   0x080015c6   0x00000002   PAD
    0x080015c8   0x080015c8   0x00000056   Code   RO          735    i.ADC_ConversionStop_Disable  stm32f1xx_hal_adc.o
    0x0800161e   0x0800161e   0x00000002   PAD
    0x08001620   0x08001620   0x0000007c   Code   RO          739    i.ADC_Enable        stm32f1xx_hal_adc.o
    0x0800169c   0x0800169c   0x00000094   Code   RO         6381    i.ADC_Get_Average   temp.o
    0x08001730   0x08001730   0x00000002   Code   RO          557    i.BusFault_Handler  stm32f1xx_it.o
    0x08001732   0x08001732   0x00000002   PAD
    0x08001734   0x08001734   0x00000098   Code   RO         5053    i.DHCP_init         dhcp.o
    0x080017cc   0x080017cc   0x00000124   Code   RO         5054    i.DHCP_run          dhcp.o
    0x080018f0   0x080018f0   0x00000014   Code   RO         5055    i.DHCP_stop         dhcp.o
    0x08001904   0x08001904   0x00000010   Code   RO         5056    i.DHCP_time_handler  dhcp.o
    0x08001914   0x08001914   0x0000000c   Code   RO          558    i.DMA1_Channel3_IRQHandler  stm32f1xx_it.o
    0x08001920   0x08001920   0x0000000c   Code   RO          559    i.DMA1_Channel5_IRQHandler  stm32f1xx_it.o
    0x0800192c   0x0800192c   0x0000000c   Code   RO          560    i.DMA1_Channel6_IRQHandler  stm32f1xx_it.o
    0x08001938   0x08001938   0x0000002a   Code   RO         1391    i.DMA_SetConfig     stm32f1xx_hal_dma.o
    0x08001962   0x08001962   0x00000002   Code   RO          561    i.DebugMon_Handler  stm32f1xx_it.o
    0x08001964   0x08001964   0x00000004   Code   RO           13    i.Error_Handler     main.o
    0x08001968   0x08001968   0x00000024   Code   RO         1831    i.FLASH_MassErase   stm32f1xx_hal_flash_ex.o
    0x0800198c   0x0800198c   0x00000024   Code   RO         1836    i.FLASH_PageErase   stm32f1xx_hal_flash_ex.o
    0x080019b0   0x080019b0   0x0000001c   Code   RO         1728    i.FLASH_Program_HalfWord  stm32f1xx_hal_flash.o
    0x080019cc   0x080019cc   0x0000005c   Code   RO         1729    i.FLASH_SetErrorCode  stm32f1xx_hal_flash.o
    0x08001a28   0x08001a28   0x00000054   Code   RO         1730    i.FLASH_WaitForLastOperation  stm32f1xx_hal_flash.o
    0x08001a7c   0x08001a7c   0x000000d8   Code   RO          915    i.HAL_ADCEx_Calibration_Start  stm32f1xx_hal_adc_ex.o
    0x08001b54   0x08001b54   0x000000fc   Code   RO          741    i.HAL_ADC_ConfigChannel  stm32f1xx_hal_adc.o
    0x08001c50   0x08001c50   0x00000006   Code   RO          748    i.HAL_ADC_GetValue  stm32f1xx_hal_adc.o
    0x08001c56   0x08001c56   0x00000002   PAD
    0x08001c58   0x08001c58   0x00000120   Code   RO          750    i.HAL_ADC_Init      stm32f1xx_hal_adc.o
    0x08001d78   0x08001d78   0x00000058   Code   RO          294    i.HAL_ADC_MspInit   adc.o
    0x08001dd0   0x08001dd0   0x0000013c   Code   RO          754    i.HAL_ADC_PollForConversion  stm32f1xx_hal_adc.o
    0x08001f0c   0x08001f0c   0x000000c0   Code   RO          756    i.HAL_ADC_Start     stm32f1xx_hal_adc.o
    0x08001fcc   0x08001fcc   0x00000034   Code   RO          759    i.HAL_ADC_Stop      stm32f1xx_hal_adc.o
    0x08002000   0x08002000   0x0000011a   Code   RO         2002    i.HAL_CAN_Init      stm32f1xx_hal_can.o
    0x0800211a   0x0800211a   0x00000002   PAD
    0x0800211c   0x0800211c   0x0000006c   Code   RO          336    i.HAL_CAN_MspInit   can.o
    0x08002188   0x08002188   0x00000046   Code   RO         1392    i.HAL_DMA_Abort     stm32f1xx_hal_dma.o
    0x080021ce   0x080021ce   0x00000002   PAD
    0x080021d0   0x080021d0   0x00000130   Code   RO         1393    i.HAL_DMA_Abort_IT  stm32f1xx_hal_dma.o
    0x08002300   0x08002300   0x00000248   Code   RO         1397    i.HAL_DMA_IRQHandler  stm32f1xx_hal_dma.o
    0x08002548   0x08002548   0x0000007c   Code   RO         1398    i.HAL_DMA_Init      stm32f1xx_hal_dma.o
    0x080025c4   0x080025c4   0x00000070   Code   RO         1402    i.HAL_DMA_Start_IT  stm32f1xx_hal_dma.o
    0x08002634   0x08002634   0x00000024   Code   RO         1018    i.HAL_Delay         stm32f1xx_hal.o
    0x08002658   0x08002658   0x000000a8   Code   RO         1837    i.HAL_FLASHEx_Erase  stm32f1xx_hal_flash_ex.o
    0x08002700   0x08002700   0x00000014   Code   RO         1734    i.HAL_FLASH_Lock    stm32f1xx_hal_flash.o
    0x08002714   0x08002714   0x00000080   Code   RO         1739    i.HAL_FLASH_Program  stm32f1xx_hal_flash.o
    0x08002794   0x08002794   0x00000028   Code   RO         1741    i.HAL_FLASH_Unlock  stm32f1xx_hal_flash.o
    0x080027bc   0x080027bc   0x000001f8   Code   RO         1328    i.HAL_GPIO_Init     stm32f1xx_hal_gpio.o
    0x080029b4   0x080029b4   0x0000000a   Code   RO         1330    i.HAL_GPIO_ReadPin  stm32f1xx_hal_gpio.o
    0x080029be   0x080029be   0x0000000a   Code   RO         1332    i.HAL_GPIO_WritePin  stm32f1xx_hal_gpio.o
    0x080029c8   0x080029c8   0x0000000c   Code   RO         1022    i.HAL_GetTick       stm32f1xx_hal.o
    0x080029d4   0x080029d4   0x00000010   Code   RO         1028    i.HAL_IncTick       stm32f1xx_hal.o
    0x080029e4   0x080029e4   0x00000024   Code   RO         1029    i.HAL_Init          stm32f1xx_hal.o
    0x08002a08   0x08002a08   0x00000040   Code   RO         1030    i.HAL_InitTick      stm32f1xx_hal.o
    0x08002a48   0x08002a48   0x0000003c   Code   RO          675    i.HAL_MspInit       stm32f1xx_hal_msp.o
    0x08002a84   0x08002a84   0x0000001a   Code   RO         1488    i.HAL_NVIC_EnableIRQ  stm32f1xx_hal_cortex.o
    0x08002a9e   0x08002a9e   0x00000002   PAD
    0x08002aa0   0x08002aa0   0x00000040   Code   RO         1494    i.HAL_NVIC_SetPriority  stm32f1xx_hal_cortex.o
    0x08002ae0   0x08002ae0   0x00000024   Code   RO         1495    i.HAL_NVIC_SetPriorityGrouping  stm32f1xx_hal_cortex.o
    0x08002b04   0x08002b04   0x00000024   Code   RO         1496    i.HAL_NVIC_SystemReset  stm32f1xx_hal_cortex.o
    0x08002b28   0x08002b28   0x000000b8   Code   RO         1289    i.HAL_RCCEx_GetPeriphCLKFreq  stm32f1xx_hal_rcc_ex.o
    0x08002be0   0x08002be0   0x000000ec   Code   RO         1290    i.HAL_RCCEx_PeriphCLKConfig  stm32f1xx_hal_rcc_ex.o
    0x08002ccc   0x08002ccc   0x0000012c   Code   RO         1186    i.HAL_RCC_ClockConfig  stm32f1xx_hal_rcc.o
    0x08002df8   0x08002df8   0x00000040   Code   RO         1190    i.HAL_RCC_GetClockConfig  stm32f1xx_hal_rcc.o
    0x08002e38   0x08002e38   0x00000020   Code   RO         1193    i.HAL_RCC_GetPCLK1Freq  stm32f1xx_hal_rcc.o
    0x08002e58   0x08002e58   0x00000020   Code   RO         1194    i.HAL_RCC_GetPCLK2Freq  stm32f1xx_hal_rcc.o
    0x08002e78   0x08002e78   0x0000004c   Code   RO         1195    i.HAL_RCC_GetSysClockFreq  stm32f1xx_hal_rcc.o
    0x08002ec4   0x08002ec4   0x00000320   Code   RO         1198    i.HAL_RCC_OscConfig  stm32f1xx_hal_rcc.o
    0x080031e4   0x080031e4   0x000000b2   Code   RO         2233    i.HAL_SPI_Init      stm32f1xx_hal_spi.o
    0x08003296   0x08003296   0x00000002   PAD
    0x08003298   0x08003298   0x000000b8   Code   RO          402    i.HAL_SPI_MspInit   spi.o
    0x08003350   0x08003350   0x00000154   Code   RO         2236    i.HAL_SPI_Receive   stm32f1xx_hal_spi.o
    0x080034a4   0x080034a4   0x00000166   Code   RO         2241    i.HAL_SPI_Transmit  stm32f1xx_hal_spi.o
    0x0800360a   0x0800360a   0x000001f0   Code   RO         2242    i.HAL_SPI_TransmitReceive  stm32f1xx_hal_spi.o
    0x080037fa   0x080037fa   0x00000028   Code   RO         1499    i.HAL_SYSTICK_Config  stm32f1xx_hal_cortex.o
    0x08003822   0x08003822   0x00000002   Code   RO         3250    i.HAL_TIMEx_BreakCallback  stm32f1xx_hal_tim_ex.o
    0x08003824   0x08003824   0x00000002   Code   RO         3251    i.HAL_TIMEx_CommutCallback  stm32f1xx_hal_tim_ex.o
    0x08003826   0x08003826   0x00000002   PAD
    0x08003828   0x08003828   0x0000007c   Code   RO         3269    i.HAL_TIMEx_MasterConfigSynchronization  stm32f1xx_hal_tim_ex.o
    0x080038a4   0x080038a4   0x0000005a   Code   RO         2546    i.HAL_TIM_Base_Init  stm32f1xx_hal_tim.o
    0x080038fe   0x080038fe   0x00000002   PAD
    0x08003900   0x08003900   0x00000050   Code   RO          450    i.HAL_TIM_Base_MspInit  tim.o
    0x08003950   0x08003950   0x0000006c   Code   RO         2551    i.HAL_TIM_Base_Start_IT  stm32f1xx_hal_tim.o
    0x080039bc   0x080039bc   0x000000dc   Code   RO         2555    i.HAL_TIM_ConfigClockSource  stm32f1xx_hal_tim.o
    0x08003a98   0x08003a98   0x00000002   Code   RO         2580    i.HAL_TIM_IC_CaptureCallback  stm32f1xx_hal_tim.o
    0x08003a9a   0x08003a9a   0x00000130   Code   RO         2594    i.HAL_TIM_IRQHandler  stm32f1xx_hal_tim.o
    0x08003bca   0x08003bca   0x00000002   PAD
    0x08003bcc   0x08003bcc   0x0000005c   Code   RO          451    i.HAL_TIM_MspPostInit  tim.o
    0x08003c28   0x08003c28   0x00000002   Code   RO         2597    i.HAL_TIM_OC_DelayElapsedCallback  stm32f1xx_hal_tim.o
    0x08003c2a   0x08003c2a   0x000000cc   Code   RO         2618    i.HAL_TIM_PWM_ConfigChannel  stm32f1xx_hal_tim.o
    0x08003cf6   0x08003cf6   0x0000005a   Code   RO         2621    i.HAL_TIM_PWM_Init  stm32f1xx_hal_tim.o
    0x08003d50   0x08003d50   0x00000002   Code   RO         2623    i.HAL_TIM_PWM_MspInit  stm32f1xx_hal_tim.o
    0x08003d52   0x08003d52   0x00000002   Code   RO         2624    i.HAL_TIM_PWM_PulseFinishedCallback  stm32f1xx_hal_tim.o
    0x08003d54   0x08003d54   0x000000b4   Code   RO         2626    i.HAL_TIM_PWM_Start  stm32f1xx_hal_tim.o
    0x08003e08   0x08003e08   0x0000001c   Code   RO           14    i.HAL_TIM_PeriodElapsedCallback  main.o
    0x08003e24   0x08003e24   0x00000002   Code   RO         2637    i.HAL_TIM_TriggerCallback  stm32f1xx_hal_tim.o
    0x08003e26   0x08003e26   0x0000004a   Code   RO         3527    i.HAL_UARTEx_ReceiveToIdle_DMA  stm32f1xx_hal_uart.o
    0x08003e70   0x08003e70   0x00000018   Code   RO           15    i.HAL_UARTEx_RxEventCallback  main.o
    0x08003e88   0x08003e88   0x00000002   Code   RO         3543    i.HAL_UART_ErrorCallback  stm32f1xx_hal_uart.o
    0x08003e8a   0x08003e8a   0x00000002   PAD
    0x08003e8c   0x08003e8c   0x0000026c   Code   RO         3546    i.HAL_UART_IRQHandler  stm32f1xx_hal_uart.o
    0x080040f8   0x080040f8   0x00000064   Code   RO         3547    i.HAL_UART_Init     stm32f1xx_hal_uart.o
    0x0800415c   0x0800415c   0x000001bc   Code   RO          504    i.HAL_UART_MspInit  usart.o
    0x08004318   0x08004318   0x00000002   Code   RO         3553    i.HAL_UART_RxCpltCallback  stm32f1xx_hal_uart.o
    0x0800431a   0x0800431a   0x00000002   Code   RO         3554    i.HAL_UART_RxHalfCpltCallback  stm32f1xx_hal_uart.o
    0x0800431c   0x0800431c   0x000000a0   Code   RO         3555    i.HAL_UART_Transmit  stm32f1xx_hal_uart.o
    0x080043bc   0x080043bc   0x00000002   Code   RO         3558    i.HAL_UART_TxCpltCallback  stm32f1xx_hal_uart.o
    0x080043be   0x080043be   0x0000000a   Code   RO          562    i.HardFault_Handler  stm32f1xx_it.o
    0x080043c8   0x080043c8   0x0000004c   Code   RO          295    i.MX_ADC1_Init      adc.o
    0x08004414   0x08004414   0x0000003c   Code   RO          337    i.MX_CAN_Init       can.o
    0x08004450   0x08004450   0x0000004c   Code   RO          377    i.MX_DMA_Init       dma.o
    0x0800449c   0x0800449c   0x000000f4   Code   RO          269    i.MX_GPIO_Init      gpio.o
    0x08004590   0x08004590   0x00000048   Code   RO          403    i.MX_SPI1_Init      spi.o
    0x080045d8   0x080045d8   0x00000044   Code   RO          404    i.MX_SPI2_Init      spi.o
    0x0800461c   0x0800461c   0x00000098   Code   RO          452    i.MX_TIM2_Init      tim.o
    0x080046b4   0x080046b4   0x00000068   Code   RO          453    i.MX_TIM3_Init      tim.o
    0x0800471c   0x0800471c   0x00000038   Code   RO          505    i.MX_USART1_UART_Init  usart.o
    0x08004754   0x08004754   0x00000038   Code   RO          506    i.MX_USART2_UART_Init  usart.o
    0x0800478c   0x0800478c   0x00000038   Code   RO          507    i.MX_USART3_UART_Init  usart.o
    0x080047c4   0x080047c4   0x00000002   Code   RO          563    i.MemManage_Handler  stm32f1xx_it.o
    0x080047c6   0x080047c6   0x00000002   Code   RO          564    i.NMI_Handler       stm32f1xx_it.o
    0x080047c8   0x080047c8   0x00000010   Code   RO         5057    i.NibbleToHex       dhcp.o
    0x080047d8   0x080047d8   0x00000002   Code   RO          565    i.PendSV_Handler    stm32f1xx_it.o
    0x080047da   0x080047da   0x0000005c   Code   RO         2270    i.SPI_EndRxTransaction  stm32f1xx_hal_spi.o
    0x08004836   0x08004836   0x00000034   Code   RO         2271    i.SPI_EndRxTxTransaction  stm32f1xx_hal_spi.o
    0x0800486a   0x0800486a   0x00000002   PAD
    0x0800486c   0x0800486c   0x000000b8   Code   RO         2276    i.SPI_WaitFlagStateUntilTimeout  stm32f1xx_hal_spi.o
    0x08004924   0x08004924   0x00000002   Code   RO          566    i.SVC_Handler       stm32f1xx_it.o
    0x08004926   0x08004926   0x00000002   PAD
    0x08004928   0x08004928   0x00000030   Code   RO         6312    i.Set_digital       digital.o
    0x08004958   0x08004958   0x00000050   Code   RO         6313    i.Set_digital_State_refresh  digital.o
    0x080049a8   0x080049a8   0x00000004   Code   RO          567    i.SysTick_Handler   stm32f1xx_it.o
    0x080049ac   0x080049ac   0x0000007a   Code   RO           16    i.SystemClock_Config  main.o
    0x08004a26   0x08004a26   0x00000002   Code   RO         3881    i.SystemInit        system_stm32f1xx.o
    0x08004a28   0x08004a28   0x0000000c   Code   RO          568    i.TIM3_IRQHandler   stm32f1xx_it.o
    0x08004a34   0x08004a34   0x0000009c   Code   RO         2639    i.TIM_Base_SetConfig  stm32f1xx_hal_tim.o
    0x08004ad0   0x08004ad0   0x0000001a   Code   RO         2640    i.TIM_CCxChannelCmd  stm32f1xx_hal_tim.o
    0x08004aea   0x08004aea   0x00000014   Code   RO         2650    i.TIM_ETR_SetConfig  stm32f1xx_hal_tim.o
    0x08004afe   0x08004afe   0x00000010   Code   RO         2651    i.TIM_ITRx_SetConfig  stm32f1xx_hal_tim.o
    0x08004b0e   0x08004b0e   0x00000002   PAD
    0x08004b10   0x08004b10   0x00000060   Code   RO         2652    i.TIM_OC1_SetConfig  stm32f1xx_hal_tim.o
    0x08004b70   0x08004b70   0x0000006c   Code   RO         2653    i.TIM_OC2_SetConfig  stm32f1xx_hal_tim.o
    0x08004bdc   0x08004bdc   0x00000068   Code   RO         2654    i.TIM_OC3_SetConfig  stm32f1xx_hal_tim.o
    0x08004c44   0x08004c44   0x00000050   Code   RO         2655    i.TIM_OC4_SetConfig  stm32f1xx_hal_tim.o
    0x08004c94   0x08004c94   0x00000022   Code   RO         2657    i.TIM_TI1_ConfigInputStage  stm32f1xx_hal_tim.o
    0x08004cb6   0x08004cb6   0x00000024   Code   RO         2659    i.TIM_TI2_ConfigInputStage  stm32f1xx_hal_tim.o
    0x08004cda   0x08004cda   0x00000010   Code   RO         3560    i.UART_DMAAbortOnError  stm32f1xx_hal_uart.o
    0x08004cea   0x08004cea   0x0000004a   Code   RO         3561    i.UART_DMAError     stm32f1xx_hal_uart.o
    0x08004d34   0x08004d34   0x00000086   Code   RO         3562    i.UART_DMAReceiveCplt  stm32f1xx_hal_uart.o
    0x08004dba   0x08004dba   0x0000001e   Code   RO         3564    i.UART_DMARxHalfCplt  stm32f1xx_hal_uart.o
    0x08004dd8   0x08004dd8   0x0000004e   Code   RO         3570    i.UART_EndRxTransfer  stm32f1xx_hal_uart.o
    0x08004e26   0x08004e26   0x0000001c   Code   RO         3571    i.UART_EndTxTransfer  stm32f1xx_hal_uart.o
    0x08004e42   0x08004e42   0x000000c2   Code   RO         3572    i.UART_Receive_IT   stm32f1xx_hal_uart.o
    0x08004f04   0x08004f04   0x000000b8   Code   RO         3573    i.UART_SetConfig    stm32f1xx_hal_uart.o
    0x08004fbc   0x08004fbc   0x00000090   Code   RO         3574    i.UART_Start_Receive_DMA  stm32f1xx_hal_uart.o
    0x0800504c   0x0800504c   0x00000072   Code   RO         3576    i.UART_WaitOnFlagUntilTimeout  stm32f1xx_hal_uart.o
    0x080050be   0x080050be   0x00000002   PAD
    0x080050c0   0x080050c0   0x00000020   Code   RO          569    i.USART1_IRQHandler  stm32f1xx_it.o
    0x080050e0   0x080050e0   0x0000000c   Code   RO          570    i.USART2_IRQHandler  stm32f1xx_it.o
    0x080050ec   0x080050ec   0x00000020   Code   RO          571    i.USART3_IRQHandler  stm32f1xx_it.o
    0x0800510c   0x0800510c   0x00000002   Code   RO          572    i.UsageFault_Handler  stm32f1xx_it.o
    0x0800510e   0x0800510e   0x00000002   PAD
    0x08005110   0x08005110   0x00000058   Code   RO         4990    i.WIZCHIP_READ      w5500.o
    0x08005168   0x08005168   0x00000074   Code   RO         4991    i.WIZCHIP_READ_BUF  w5500.o
    0x080051dc   0x080051dc   0x00000060   Code   RO         4992    i.WIZCHIP_WRITE     w5500.o
    0x0800523c   0x0800523c   0x00000070   Code   RO         4993    i.WIZCHIP_WRITE_BUF  w5500.o
    0x080052ac   0x080052ac   0x00000020   Code   RO         7509    i.__0printf         mc_w.l(printfa.o)
    0x080052cc   0x080052cc   0x00000028   Code   RO         7511    i.__0sprintf        mc_w.l(printfa.o)
    0x080052f4   0x080052f4   0x00000024   Code   RO         7515    i.__0vsprintf       mc_w.l(printfa.o)
    0x08005318   0x08005318   0x00000020   Code   RO         1501    i.__NVIC_SetPriority  stm32f1xx_hal_cortex.o
    0x08005338   0x08005338   0x0000005c   Code   RO         7541    i.__free$realloc    mc_w.l(mallocr.o)
    0x08005394   0x08005394   0x00000050   Code   RO         7542    i.__malloc$realloc  mc_w.l(mallocr.o)
    0x080053e4   0x080053e4   0x0000000e   Code   RO         7658    i.__scatterload_copy  mc_w.l(handlers.o)
    0x080053f2   0x080053f2   0x00000002   Code   RO         7659    i.__scatterload_null  mc_w.l(handlers.o)
    0x080053f4   0x080053f4   0x0000000e   Code   RO         7660    i.__scatterload_zeroinit  mc_w.l(handlers.o)
    0x08005402   0x08005402   0x00000002   PAD
    0x08005404   0x08005404   0x00000184   Code   RO         7516    i._fp_digits        mc_w.l(printfa.o)
    0x08005588   0x08005588   0x0000000e   Code   RO         7573    i._is_digit         mc_w.l(scanf_fp.o)
    0x08005596   0x08005596   0x00000002   PAD
    0x08005598   0x08005598   0x000006b4   Code   RO         7517    i._printf_core      mc_w.l(printfa.o)
    0x08005c4c   0x08005c4c   0x00000024   Code   RO         7518    i._printf_post_padding  mc_w.l(printfa.o)
    0x08005c70   0x08005c70   0x0000002e   Code   RO         7519    i._printf_pre_padding  mc_w.l(printfa.o)
    0x08005c9e   0x08005c9e   0x0000000a   Code   RO         7521    i._sputc            mc_w.l(printfa.o)
    0x08005ca8   0x08005ca8   0x000004bc   Code   RO         4028    i.a_w25qxx_erase_sector  driver_w25qxx.o
    0x08006164   0x08006164   0x000004b4   Code   RO         4029    i.a_w25qxx_page_program  driver_w25qxx.o
    0x08006618   0x08006618   0x0000004e   Code   RO         4030    i.a_w25qxx_qspi_write_read  driver_w25qxx.o
    0x08006666   0x08006666   0x00000002   PAD
    0x08006668   0x08006668   0x000002d4   Code   RO         4031    i.a_w25qxx_read     driver_w25qxx.o
    0x0800693c   0x0800693c   0x00000032   Code   RO         4032    i.a_w25qxx_spi_write_read  driver_w25qxx.o
    0x0800696e   0x0800696e   0x00000002   PAD
    0x08006970   0x08006970   0x00000074   Code   RO         4033    i.a_w25qxx_write_no_check  driver_w25qxx.o
    0x080069e4   0x080069e4   0x0000002a   Code   RO         6417    i.add_item_to_array  cjson.o
    0x08006a0e   0x08006a0e   0x0000005a   Code   RO         6418    i.add_item_to_object  cjson.o
    0x08006a68   0x08006a68   0x00000094   Code   RO         3918    i.app_w25qxx_chip_erase  app_w25qxx.o
    0x08006afc   0x08006afc   0x00000148   Code   RO         3919    i.app_w25qxx_erase  app_w25qxx.o
    0x08006c44   0x08006c44   0x0000000c   Code   RO         3920    i.app_w25qxx_init   app_w25qxx.o
    0x08006c50   0x08006c50   0x00000010   Code   RO         3922    i.app_w25qxx_read   app_w25qxx.o
    0x08006c60   0x08006c60   0x00000010   Code   RO         3923    i.app_w25qxx_write  app_w25qxx.o
    0x08006c70   0x08006c70   0x00000050   Code   RO         6382    i.board_temp_get    temp.o
    0x08006cc0   0x08006cc0   0x00000024   Code   RO         6383    i.board_temp_init   temp.o
    0x08006ce4   0x08006ce4   0x00000030   Code   RO         6419    i.buffer_skip_whitespace  cjson.o
    0x08006d14   0x08006d14   0x00000034   Code   RO         6429    i.cJSON_AddNumberToObject  cjson.o
    0x08006d48   0x08006d48   0x00000030   Code   RO         6432    i.cJSON_AddStringToObject  cjson.o
    0x08006d78   0x08006d78   0x00000060   Code   RO         6443    i.cJSON_CreateNumber  cjson.o
    0x08006dd8   0x08006dd8   0x00000018   Code   RO         6444    i.cJSON_CreateObject  cjson.o
    0x08006df0   0x08006df0   0x00000030   Code   RO         6447    i.cJSON_CreateString  cjson.o
    0x08006e20   0x08006e20   0x00000050   Code   RO         6451    i.cJSON_Delete      cjson.o
    0x08006e70   0x08006e70   0x00000006   Code   RO         6465    i.cJSON_GetObjectItem  cjson.o
    0x08006e76   0x08006e76   0x00000016   Code   RO         6482    i.cJSON_New_Item    cjson.o
    0x08006e8c   0x08006e8c   0x00000008   Code   RO         6483    i.cJSON_Parse       cjson.o
    0x08006e94   0x08006e94   0x000000dc   Code   RO         6485    i.cJSON_ParseWithLengthOpts  cjson.o
    0x08006f70   0x08006f70   0x00000022   Code   RO         6486    i.cJSON_ParseWithOpts  cjson.o
    0x08006f92   0x08006f92   0x00000002   PAD
    0x08006f94   0x08006f94   0x0000000c   Code   RO         6490    i.cJSON_PrintUnformatted  cjson.o
    0x08006fa0   0x08006fa0   0x00000028   Code   RO         6500    i.cJSON_strdup      cjson.o
    0x08006fc8   0x08006fc8   0x00000068   Code   RO         5058    i.check_DHCP_leasedIP  dhcp.o
    0x08007030   0x08007030   0x00000070   Code   RO         5059    i.check_DHCP_timeout  dhcp.o
    0x080070a0   0x080070a0   0x00000074   Code   RO         4679    i.close             socket.o
    0x08007114   0x08007114   0x00000058   Code   RO         6501    i.compare_double    cjson.o
    0x0800716c   0x0800716c   0x000000ec   Code   RO         4772    i.ctlwizchip        wizchip_conf.o
    0x08007258   0x08007258   0x00000030   Code   RO         5060    i.default_ip_assign  dhcp.o
    0x08007288   0x08007288   0x00000024   Code   RO         5061    i.default_ip_conflict  dhcp.o
    0x080072ac   0x080072ac   0x00000028   Code   RO         5062    i.default_ip_update  dhcp.o
    0x080072d4   0x080072d4   0x00000004   Code   RO         6317    i.digital_read_func  digital.o
    0x080072d8   0x080072d8   0x0000008c   Code   RO         4682    i.disconnect        socket.o
    0x08007364   0x08007364   0x0000008a   Code   RO         6503    i.ensure            cjson.o
    0x080073ee   0x080073ee   0x00000002   PAD
    0x080073f0   0x080073f0   0x0000007c   Code   RO         4433    i.flash_erase       hal_flash.o
    0x0800746c   0x0800746c   0x00000034   Code   RO         4434    i.flash_read        hal_flash.o
    0x080074a0   0x080074a0   0x00000074   Code   RO         4435    i.flash_write       hal_flash.o
    0x08007514   0x08007514   0x00000018   Code   RO           17    i.fputc             main.o
    0x0800752c   0x0800752c   0x00000018   Code   RO         5064    i.getDNSfromDHCP    dhcp.o
    0x08007544   0x08007544   0x00000018   Code   RO         5065    i.getGWfromDHCP     dhcp.o
    0x0800755c   0x0800755c   0x00000018   Code   RO         5066    i.getIPfromDHCP     dhcp.o
    0x08007574   0x08007574   0x00000018   Code   RO         5067    i.getSNfromDHCP     dhcp.o
    0x0800758c   0x0800758c   0x0000004c   Code   RO         4994    i.getSn_RX_RSR      w5500.o
    0x080075d8   0x080075d8   0x0000004c   Code   RO         4995    i.getSn_TX_FSR      w5500.o
    0x08007624   0x08007624   0x0000007a   Code   RO         6505    i.get_object_item   cjson.o
    0x0800769e   0x0800769e   0x00000002   PAD
    0x080076a0   0x080076a0   0x00000050   Code   RO         7543    i.internal_alloc    mc_w.l(mallocr.o)
    0x080076f0   0x080076f0   0x0000000c   Code   RO         5195    i.lfs_aligndown     lfs.o
    0x080076fc   0x080076fc   0x00000012   Code   RO         5196    i.lfs_alignup       lfs.o
    0x0800770e   0x0800770e   0x00000002   PAD
    0x08007710   0x08007710   0x000000e4   Code   RO         5197    i.lfs_alloc         lfs.o
    0x080077f4   0x080077f4   0x0000000c   Code   RO         5198    i.lfs_alloc_drop    lfs.o
    0x08007800   0x08007800   0x0000002e   Code   RO         5199    i.lfs_alloc_lookahead  lfs.o
    0x0800782e   0x0800782e   0x00000002   PAD
    0x08007830   0x08007830   0x00000054   Code   RO         5200    i.lfs_alloc_scan    lfs.o
    0x08007884   0x08007884   0x00000066   Code   RO         5201    i.lfs_bd_cmp        lfs.o
    0x080078ea   0x080078ea   0x0000005a   Code   RO         5202    i.lfs_bd_crc        lfs.o
    0x08007944   0x08007944   0x00000006   Code   RO         5203    i.lfs_bd_erase      lfs.o
    0x0800794a   0x0800794a   0x00000074   Code   RO         5204    i.lfs_bd_flush      lfs.o
    0x080079be   0x080079be   0x00000096   Code   RO         5205    i.lfs_bd_prog       lfs.o
    0x08007a54   0x08007a54   0x0000012e   Code   RO         5206    i.lfs_bd_read       lfs.o
    0x08007b82   0x08007b82   0x00000020   Code   RO         5207    i.lfs_bd_sync       lfs.o
    0x08007ba2   0x08007ba2   0x00000018   Code   RO         5208    i.lfs_cache_zero    lfs.o
    0x08007bba   0x08007bba   0x00000002   PAD
    0x08007bbc   0x08007bbc   0x0000012c   Code   RO         5970    i.lfs_config_init   lfs_user.o
    0x08007ce8   0x08007ce8   0x00000038   Code   RO         6155    i.lfs_crc           lfs_util.o
    0x08007d20   0x08007d20   0x0000000e   Code   RO         5210    i.lfs_ctz           lfs.o
    0x08007d2e   0x08007d2e   0x00000002   PAD
    0x08007d30   0x08007d30   0x00000184   Code   RO         5211    i.lfs_ctz_extend    lfs.o
    0x08007eb4   0x08007eb4   0x00000094   Code   RO         5212    i.lfs_ctz_find      lfs.o
    0x08007f48   0x08007f48   0x00000016   Code   RO         5213    i.lfs_ctz_fromle32  lfs.o
    0x08007f5e   0x08007f5e   0x00000040   Code   RO         5214    i.lfs_ctz_index     lfs.o
    0x08007f9e   0x08007f9e   0x00000002   PAD
    0x08007fa0   0x08007fa0   0x0000009c   Code   RO         5215    i.lfs_ctz_traverse  lfs.o
    0x0800803c   0x0800803c   0x0000002c   Code   RO         5216    i.lfs_deinit        lfs.o
    0x08008068   0x08008068   0x00000094   Code   RO         5217    i.lfs_dir_alloc     lfs.o
    0x080080fc   0x080080fc   0x0000000a   Code   RO         5218    i.lfs_dir_close     lfs.o
    0x08008106   0x08008106   0x00000020   Code   RO         5219    i.lfs_dir_commit    lfs.o
    0x08008126   0x08008126   0x00000010   Code   RO         5220    i.lfs_dir_commit_commit  lfs.o
    0x08008136   0x08008136   0x00000014   Code   RO         5221    i.lfs_dir_commit_size  lfs.o
    0x0800814a   0x0800814a   0x000000aa   Code   RO         5222    i.lfs_dir_commitattr  lfs.o
    0x080081f4   0x080081f4   0x000001e4   Code   RO         5223    i.lfs_dir_commitcrc  lfs.o
    0x080083d8   0x080083d8   0x0000003a   Code   RO         5224    i.lfs_dir_commitprog  lfs.o
    0x08008412   0x08008412   0x00000002   PAD
    0x08008414   0x08008414   0x00000294   Code   RO         5225    i.lfs_dir_compact   lfs.o
    0x080086a8   0x080086a8   0x00000016   Code   RO         5227    i.lfs_dir_fetch     lfs.o
    0x080086be   0x080086be   0x00000002   PAD
    0x080086c0   0x080086c0   0x00000494   Code   RO         5228    i.lfs_dir_fetchmatch  lfs.o
    0x08008b54   0x08008b54   0x0000016c   Code   RO         5229    i.lfs_dir_find      lfs.o
    0x08008cc0   0x08008cc0   0x00000052   Code   RO         5230    i.lfs_dir_find_match  lfs.o
    0x08008d12   0x08008d12   0x00000014   Code   RO         5231    i.lfs_dir_get       lfs.o
    0x08008d26   0x08008d26   0x00000002   PAD
    0x08008d28   0x08008d28   0x0000004c   Code   RO         5232    i.lfs_dir_getgstate  lfs.o
    0x08008d74   0x08008d74   0x00000090   Code   RO         5233    i.lfs_dir_getinfo   lfs.o
    0x08008e04   0x08008e04   0x000000e2   Code   RO         5234    i.lfs_dir_getread   lfs.o
    0x08008ee6   0x08008ee6   0x00000002   PAD
    0x08008ee8   0x08008ee8   0x00000130   Code   RO         5235    i.lfs_dir_getslice  lfs.o
    0x08009018   0x08009018   0x00000024   Code   RO         5236    i.lfs_dir_needsrelocation  lfs.o
    0x0800903c   0x0800903c   0x00000004   Code   RO         5237    i.lfs_dir_open      lfs.o
    0x08009040   0x08009040   0x00000090   Code   RO         5238    i.lfs_dir_open_     lfs.o
    0x080090d0   0x080090d0   0x000003d4   Code   RO         5239    i.lfs_dir_orphaningcommit  lfs.o
    0x080094a4   0x080094a4   0x00000004   Code   RO         5240    i.lfs_dir_read      lfs.o
    0x080094a8   0x080094a8   0x0000008c   Code   RO         5241    i.lfs_dir_read_     lfs.o
    0x08009534   0x08009534   0x000002d8   Code   RO         5242    i.lfs_dir_relocatingcommit  lfs.o
    0x0800980c   0x0800980c   0x00000070   Code   RO         5247    i.lfs_dir_split     lfs.o
    0x0800987c   0x0800987c   0x00000208   Code   RO         5248    i.lfs_dir_splittingcompact  lfs.o
    0x08009a84   0x08009a84   0x0000028c   Code   RO         5250    i.lfs_dir_traverse  lfs.o
    0x08009d10   0x08009d10   0x00000078   Code   RO         5251    i.lfs_dir_traverse_filter  lfs.o
    0x08009d88   0x08009d88   0x00000004   Code   RO         5252    i.lfs_file_close    lfs.o
    0x08009d8c   0x08009d8c   0x0000002e   Code   RO         5253    i.lfs_file_close_   lfs.o
    0x08009dba   0x08009dba   0x00000002   PAD
    0x08009dbc   0x08009dbc   0x00000128   Code   RO         5254    i.lfs_file_flush    lfs.o
    0x08009ee4   0x08009ee4   0x000000ec   Code   RO         5255    i.lfs_file_flushedread  lfs.o
    0x08009fd0   0x08009fd0   0x00000126   Code   RO         5256    i.lfs_file_flushedwrite  lfs.o
    0x0800a0f6   0x0800a0f6   0x00000002   PAD
    0x0800a0f8   0x0800a0f8   0x00000010   Code   RO         5257    i.lfs_file_open     lfs.o
    0x0800a108   0x0800a108   0x00000248   Code   RO         5259    i.lfs_file_opencfg_  lfs.o
    0x0800a350   0x0800a350   0x00000022   Code   RO         5260    i.lfs_file_outline  lfs.o
    0x0800a372   0x0800a372   0x00000030   Code   RO         5261    i.lfs_file_read     lfs.o
    0x0800a3a2   0x0800a3a2   0x00000002   PAD
    0x0800a3a4   0x0800a3a4   0x00000128   Code   RO         5262    i.lfs_file_relocate  lfs.o
    0x0800a4cc   0x0800a4cc   0x000000f0   Code   RO         5269    i.lfs_file_sync_    lfs.o
    0x0800a5bc   0x0800a5bc   0x00000004   Code   RO         5273    i.lfs_file_write    lfs.o
    0x0800a5c0   0x0800a5c0   0x00000084   Code   RO         5274    i.lfs_file_write_   lfs.o
    0x0800a644   0x0800a644   0x00000024   Code   RO         5971    i.lfs_flash_erase   lfs_user.o
    0x0800a668   0x0800a668   0x00000028   Code   RO         5972    i.lfs_flash_read    lfs_user.o
    0x0800a690   0x0800a690   0x00000004   Code   RO         5973    i.lfs_flash_sync    lfs_user.o
    0x0800a694   0x0800a694   0x00000028   Code   RO         5974    i.lfs_flash_write   lfs_user.o
    0x0800a6bc   0x0800a6bc   0x00000004   Code   RO         5275    i.lfs_format        lfs.o
    0x0800a6c0   0x0800a6c0   0x000000bc   Code   RO         5276    i.lfs_format_       lfs.o
    0x0800a77c   0x0800a77c   0x00000014   Code   RO         5277    i.lfs_frombe32      lfs.o
    0x0800a790   0x0800a790   0x00000012   Code   RO         5278    i.lfs_fromle32      lfs.o
    0x0800a7a2   0x0800a7a2   0x00000002   PAD
    0x0800a7a4   0x0800a7a4   0x000000b8   Code   RO         5279    i.lfs_fs_demove     lfs.o
    0x0800a85c   0x0800a85c   0x00000254   Code   RO         5280    i.lfs_fs_deorphan   lfs.o
    0x0800aab0   0x0800aab0   0x000000bc   Code   RO         5281    i.lfs_fs_desuperblock  lfs.o
    0x0800ab6c   0x0800ab6c   0x00000024   Code   RO         5282    i.lfs_fs_forceconsistency  lfs.o
    0x0800ab90   0x0800ab90   0x0000008c   Code   RO         5288    i.lfs_fs_parent     lfs.o
    0x0800ac1c   0x0800ac1c   0x0000003e   Code   RO         5289    i.lfs_fs_parent_match  lfs.o
    0x0800ac5a   0x0800ac5a   0x00000002   PAD
    0x0800ac5c   0x0800ac5c   0x00000064   Code   RO         5290    i.lfs_fs_pred       lfs.o
    0x0800acc0   0x0800acc0   0x00000040   Code   RO         5291    i.lfs_fs_prepmove   lfs.o
    0x0800ad00   0x0800ad00   0x00000016   Code   RO         5292    i.lfs_fs_preporphans  lfs.o
    0x0800ad16   0x0800ad16   0x00000002   PAD
    0x0800ad18   0x0800ad18   0x0000001c   Code   RO         5294    i.lfs_fs_size_      lfs.o
    0x0800ad34   0x0800ad34   0x0000000a   Code   RO         5295    i.lfs_fs_size_count  lfs.o
    0x0800ad3e   0x0800ad3e   0x00000002   PAD
    0x0800ad40   0x0800ad40   0x00000158   Code   RO         5298    i.lfs_fs_traverse_  lfs.o
    0x0800ae98   0x0800ae98   0x0000000c   Code   RO         5301    i.lfs_gstate_hasmove  lfs.o
    0x0800aea4   0x0800aea4   0x0000001a   Code   RO         5302    i.lfs_gstate_hasmovehere  lfs.o
    0x0800aebe   0x0800aebe   0x00000014   Code   RO         5303    i.lfs_gstate_iszero  lfs.o
    0x0800aed2   0x0800aed2   0x0000001e   Code   RO         5304    i.lfs_gstate_tole32  lfs.o
    0x0800aef0   0x0800aef0   0x0000001a   Code   RO         5305    i.lfs_gstate_xor    lfs.o
    0x0800af0a   0x0800af0a   0x00000002   PAD
    0x0800af0c   0x0800af0c   0x00000070   Code   RO         5975    i.lfs_info_init     lfs_user.o
    0x0800af7c   0x0800af7c   0x000000f4   Code   RO         5306    i.lfs_init          lfs.o
    0x0800b070   0x0800b070   0x00000004   Code   RO         5307    i.lfs_malloc        lfs.o
    0x0800b074   0x0800b074   0x00000008   Code   RO         5308    i.lfs_min           lfs.o
    0x0800b07c   0x0800b07c   0x00000004   Code   RO         5309    i.lfs_mkdir         lfs.o
    0x0800b080   0x0800b080   0x00000178   Code   RO         5310    i.lfs_mkdir_        lfs.o
    0x0800b1f8   0x0800b1f8   0x00000018   Code   RO         5311    i.lfs_mlist_remove  lfs.o
    0x0800b210   0x0800b210   0x00000004   Code   RO         5312    i.lfs_mount         lfs.o
    0x0800b214   0x0800b214   0x000003f0   Code   RO         5313    i.lfs_mount_        lfs.o
    0x0800b604   0x0800b604   0x00000022   Code   RO         5314    i.lfs_pair_cmp      lfs.o
    0x0800b626   0x0800b626   0x00000016   Code   RO         5315    i.lfs_pair_fromle32  lfs.o
    0x0800b63c   0x0800b63c   0x00000014   Code   RO         5316    i.lfs_pair_isnull   lfs.o
    0x0800b650   0x0800b650   0x00000024   Code   RO         5317    i.lfs_pair_issync   lfs.o
    0x0800b674   0x0800b674   0x00000016   Code   RO         5318    i.lfs_pair_tole32   lfs.o
    0x0800b68a   0x0800b68a   0x00000012   Code   RO         5319    i.lfs_path_isdir    lfs.o
    0x0800b69c   0x0800b69c   0x00000024   Code   RO         5320    i.lfs_path_islast   lfs.o
    0x0800b6c0   0x0800b6c0   0x0000000c   Code   RO         5321    i.lfs_path_namelen  lfs.o
    0x0800b6cc   0x0800b6cc   0x0000002e   Code   RO         5322    i.lfs_popc          lfs.o
    0x0800b6fa   0x0800b6fa   0x00000046   Code   RO         5329    i.lfs_stat          lfs.o
    0x0800b740   0x0800b740   0x00000036   Code   RO         5330    i.lfs_superblock_fromle32  lfs.o
    0x0800b776   0x0800b776   0x00000036   Code   RO         5331    i.lfs_superblock_tole32  lfs.o
    0x0800b7ac   0x0800b7ac   0x00000012   Code   RO         5332    i.lfs_tag_dsize     lfs.o
    0x0800b7be   0x0800b7be   0x00000010   Code   RO         5333    i.lfs_tag_isdelete  lfs.o
    0x0800b7ce   0x0800b7ce   0x00000004   Code   RO         5334    i.lfs_tole32        lfs.o
    0x0800b7d2   0x0800b7d2   0x00000002   PAD
    0x0800b7d4   0x0800b7d4   0x00000088   Code   RO         5335    i.lfs_tortoise_detectcycles  lfs.o
    0x0800b85c   0x0800b85c   0x00000030   Code   RO         5976    i.lfs_user_alloc_file  lfs_user.o
    0x0800b88c   0x0800b88c   0x0000002c   Code   RO         5982    i.lfs_user_exist    lfs_user.o
    0x0800b8b8   0x0800b8b8   0x0000002c   Code   RO         5983    i.lfs_user_free_file  lfs_user.o
    0x0800b8e4   0x0800b8e4   0x00000068   Code   RO         5984    i.lfs_user_init     lfs_user.o
    0x0800b94c   0x0800b94c   0x00000028   Code   RO         5985    i.lfs_user_is_dir   lfs_user.o
    0x0800b974   0x0800b974   0x00000004   Code   RO         5986    i.lfs_user_isdir    lfs_user.o
    0x0800b978   0x0800b978   0x000000d0   Code   RO         5987    i.lfs_user_listdir  lfs_user.o
    0x0800ba48   0x0800ba48   0x00000084   Code   RO         5988    i.lfs_user_mkdir    lfs_user.o
    0x0800bacc   0x0800bacc   0x0000011c   Code   RO         5989    i.lfs_user_read     lfs_user.o
    0x0800bbe8   0x0800bbe8   0x0000007c   Code   RO         5990    i.lfs_user_read_file  lfs_user.o
    0x0800bc64   0x0800bc64   0x000000c0   Code   RO         5994    i.lfs_user_save_tcp_client_dest_info  lfs_user.o
    0x0800bd24   0x0800bd24   0x00000080   Code   RO         5996    i.lfs_user_write_file  lfs_user.o
    0x0800bda4   0x0800bda4   0x00000070   Code   RO         4684    i.listen            socket.o
    0x0800be14   0x0800be14   0x00000118   Code   RO           18    i.main              main.o
    0x0800bf2c   0x0800bf2c   0x000000d0   Code   RO         5068    i.makeDHCPMSG       dhcp.o
    0x0800bffc   0x0800bffc   0x00000310   Code   RO         6171    i.msh_board_info_callback  msh.o
    0x0800c30c   0x0800c30c   0x000000c8   Code   RO         6172    i.msh_cat_callback  msh.o
    0x0800c3d4   0x0800c3d4   0x00000038   Code   RO         6173    i.msh_clean_flash_callback  msh.o
    0x0800c40c   0x0800c40c   0x00000114   Code   RO         6174    i.msh_find_callback  msh.o
    0x0800c520   0x0800c520   0x0000012c   Code   RO         6175    i.msh_help_callback  msh.o
    0x0800c64c   0x0800c64c   0x00000030   Code   RO         6176    i.msh_init          msh.o
    0x0800c67c   0x0800c67c   0x00000208   Code   RO         6177    i.msh_ipconfig_callback  msh.o
    0x0800c884   0x0800c884   0x000000b8   Code   RO         6178    i.msh_ls_flash_callback  msh.o
    0x0800c93c   0x0800c93c   0x00000030   Code   RO         6179    i.msh_printf        msh.o
    0x0800c96c   0x0800c96c   0x000000fc   Code   RO         6180    i.msh_process       msh.o
    0x0800ca68   0x0800ca68   0x00000028   Code   RO         6182    i.msh_reboot_callback  msh.o
    0x0800ca90   0x0800ca90   0x00000020   Code   RO         6183    i.msh_rx_data       msh.o
    0x0800cab0   0x0800cab0   0x000001fc   Code   RO         6184    i.msh_set_dest_ip_callback  msh.o
    0x0800ccac   0x0800ccac   0x0000019c   Code   RO         6185    i.msh_set_dest_port_callback  msh.o
    0x0800ce48   0x0800ce48   0x00000094   Code   RO         6186    i.msh_sudo_callback  msh.o
    0x0800cedc   0x0800cedc   0x00000024   Code   RO         6187    i.msh_test_callback  msh.o
    0x0800cf00   0x0800cf00   0x00000034   Code   RO         4559    i.network_init      wiz_platform.o
    0x0800cf34   0x0800cf34   0x00000124   Code   RO         4472    i.network_phy_proc  app_w5500.o
    0x0800d058   0x0800d058   0x00000028   Code   RO         4473    i.network_proc      app_w5500.o
    0x0800d080   0x0800d080   0x00000120   Code   RO         4474    i.network_tcp_proc  app_w5500.o
    0x0800d1a0   0x0800d1a0   0x00000190   Code   RO         4475    i.network_tcp_server_proc  app_w5500.o
    0x0800d330   0x0800d330   0x00000144   Code   RO         4476    i.network_udp_proc  app_w5500.o
    0x0800d474   0x0800d474   0x000001b8   Code   RO         5069    i.parseDHCPMSG      dhcp.o
    0x0800d62c   0x0800d62c   0x000000d0   Code   RO         6507    i.parse_array       cjson.o
    0x0800d6fc   0x0800d6fc   0x00000040   Code   RO         6508    i.parse_hex4        cjson.o
    0x0800d73c   0x0800d73c   0x0000012c   Code   RO         6509    i.parse_number      cjson.o
    0x0800d868   0x0800d868   0x00000110   Code   RO         6510    i.parse_object      cjson.o
    0x0800d978   0x0800d978   0x0000010c   Code   RO         6511    i.parse_string      cjson.o
    0x0800da84   0x0800da84   0x000000fc   Code   RO         6512    i.parse_value       cjson.o
    0x0800db80   0x0800db80   0x0000009a   Code   RO         6513    i.print             cjson.o
    0x0800dc1a   0x0800dc1a   0x0000009e   Code   RO         6514    i.print_array       cjson.o
    0x0800dcb8   0x0800dcb8   0x000001c8   Code   RO         4560    i.print_network_information  wiz_platform.o
    0x0800de80   0x0800de80   0x00000110   Code   RO         6515    i.print_number      cjson.o
    0x0800df90   0x0800df90   0x00000148   Code   RO         6516    i.print_object      cjson.o
    0x0800e0d8   0x0800e0d8   0x00000110   Code   RO         6517    i.print_string_ptr  cjson.o
    0x0800e1e8   0x0800e1e8   0x000000d0   Code   RO         6518    i.print_value       cjson.o
    0x0800e2b8   0x0800e2b8   0x0000006c   Code   RO         7544    i.realloc           mc_w.l(mallocr.o)
    0x0800e324   0x0800e324   0x000000e4   Code   RO         4685    i.recv              socket.o
    0x0800e408   0x0800e408   0x00000214   Code   RO         4686    i.recvfrom          socket.o
    0x0800e61c   0x0800e61c   0x00000024   Code   RO         4774    i.reg_wizchip_cris_cbfunc  wizchip_conf.o
    0x0800e640   0x0800e640   0x00000024   Code   RO         4775    i.reg_wizchip_cs_cbfunc  wizchip_conf.o
    0x0800e664   0x0800e664   0x0000002c   Code   RO         4776    i.reg_wizchip_spi_cbfunc  wizchip_conf.o
    0x0800e690   0x0800e690   0x0000002c   Code   RO         4777    i.reg_wizchip_spiburst_cbfunc  wizchip_conf.o
    0x0800e6bc   0x0800e6bc   0x00000014   Code   RO         5071    i.reset_DHCP_timeout  dhcp.o
    0x0800e6d0   0x0800e6d0   0x0000011c   Code   RO         4687    i.send              socket.o
    0x0800e7ec   0x0800e7ec   0x00000100   Code   RO         5072    i.send_DHCP_DECLINE  dhcp.o
    0x0800e8ec   0x0800e8ec   0x000001d8   Code   RO         5073    i.send_DHCP_DISCOVER  dhcp.o
    0x0800eac4   0x0800eac4   0x00000290   Code   RO         5074    i.send_DHCP_REQUEST  dhcp.o
    0x0800ed54   0x0800ed54   0x00000180   Code   RO         4688    i.sendto            socket.o
    0x0800eed4   0x0800eed4   0x0000011c   Code   RO         4690    i.socket            socket.o
    0x0800eff0   0x0800eff0   0x00000018   Code   RO         3924    i.spi_cs_set        app_w25qxx.o
    0x0800f008   0x0800f008   0x0000001c   Code   RO         7236    i.strtod            m_ws.l(strtod.o)
    0x0800f024   0x0800f024   0x00000004   Code   RO         6188    i.system_reboot     msh.o
    0x0800f028   0x0800f028   0x00000024   Code   RO         4477    i.tcp_1s_callback   app_w5500.o
    0x0800f04c   0x0800f04c   0x000000c8   Code   RO         5998    i.test_folder_and_file  lfs_user.o
    0x0800f114   0x0800f114   0x000000a8   Code   RO         4478    i.udp_connect_request_proc  app_w5500.o
    0x0800f1bc   0x0800f1bc   0x0000010c   Code   RO         4479    i.udp_message_proc  app_w5500.o
    0x0800f2c8   0x0800f2c8   0x000000b4   Code   RO         4480    i.udp_tcp_client_connect_request_ack_proc  app_w5500.o
    0x0800f37c   0x0800f37c   0x0000001c   Code   RO         6520    i.update_offset     cjson.o
    0x0800f398   0x0800f398   0x000000d2   Code   RO         6521    i.utf16_literal_to_utf8  cjson.o
    0x0800f46a   0x0800f46a   0x00000002   PAD
    0x0800f46c   0x0800f46c   0x00000144   Code   RO         3925    i.w25qxx_basic_init  app_w25qxx.o
    0x0800f5b0   0x0800f5b0   0x00000508   Code   RO         4034    i.w25qxx_block_erase_32k  driver_w25qxx.o
    0x0800fab8   0x0800fab8   0x00000504   Code   RO         4035    i.w25qxx_block_erase_64k  driver_w25qxx.o
    0x0800ffbc   0x0800ffbc   0x00000240   Code   RO         4036    i.w25qxx_chip_erase  driver_w25qxx.o
    0x080101fc   0x080101fc   0x0000010c   Code   RO         4037    i.w25qxx_deinit     driver_w25qxx.o
    0x08010308   0x08010308   0x000006c0   Code   RO         4070    i.w25qxx_init       driver_w25qxx.o
    0x080109c8   0x080109c8   0x000002ec   Code   RO         4077    i.w25qxx_read       driver_w25qxx.o
    0x08010cb4   0x08010cb4   0x00000508   Code   RO         4082    i.w25qxx_sector_erase_4k  driver_w25qxx.o
    0x080111bc   0x080111bc   0x00000120   Code   RO         4083    i.w25qxx_set_address_mode  driver_w25qxx.o
    0x080112dc   0x080112dc   0x0000000c   Code   RO         4085    i.w25qxx_set_dual_quad_spi  driver_w25qxx.o
    0x080112e8   0x080112e8   0x0000000e   Code   RO         4086    i.w25qxx_set_interface  driver_w25qxx.o
    0x080112f6   0x080112f6   0x0000000c   Code   RO         4091    i.w25qxx_set_type   driver_w25qxx.o
    0x08011302   0x08011302   0x00000004   Code   RO         3926    i.w25qxx_spi_deinit  app_w25qxx.o
    0x08011306   0x08011306   0x00000004   Code   RO         3927    i.w25qxx_spi_delayms  app_w25qxx.o
    0x0801130a   0x0801130a   0x00000002   Code   RO         3928    i.w25qxx_spi_delayus  app_w25qxx.o
    0x0801130c   0x0801130c   0x00000004   Code   RO         3929    i.w25qxx_spi_init   app_w25qxx.o
    0x08011310   0x08011310   0x0000006c   Code   RO         3930    i.w25qxx_spi_write_read  app_w25qxx.o
    0x0801137c   0x0801137c   0x00000128   Code   RO         4093    i.w25qxx_write      driver_w25qxx.o
    0x080114a4   0x080114a4   0x000000ac   Code   RO         4561    i.wiz_dhcp_process  wiz_platform.o
    0x08011550   0x08011550   0x00000060   Code   RO         4996    i.wiz_recv_data     w5500.o
    0x080115b0   0x080115b0   0x00000042   Code   RO         4997    i.wiz_recv_ignore   w5500.o
    0x080115f2   0x080115f2   0x00000060   Code   RO         4998    i.wiz_send_data     w5500.o
    0x08011652   0x08011652   0x00000004   Code   RO         4778    i.wizchip_bus_readdata  wizchip_conf.o
    0x08011656   0x08011656   0x00000004   Code   RO         4779    i.wizchip_bus_writedata  wizchip_conf.o
    0x0801165a   0x0801165a   0x00000002   PAD
    0x0801165c   0x0801165c   0x0000003a   Code   RO         4780    i.wizchip_clrinterrupt  wizchip_conf.o
    0x08011696   0x08011696   0x00000004   Code   RO         4562    i.wizchip_cris_enter  wiz_platform.o
    0x0801169a   0x0801169a   0x00000002   Code   RO         4781    i.wizchip_cris_enter  wizchip_conf.o
    0x0801169c   0x0801169c   0x00000004   Code   RO         4563    i.wizchip_cris_exit  wiz_platform.o
    0x080116a0   0x080116a0   0x00000002   Code   RO         4782    i.wizchip_cris_exit  wizchip_conf.o
    0x080116a2   0x080116a2   0x00000002   Code   RO         4783    i.wizchip_cs_deselect  wizchip_conf.o
    0x080116a4   0x080116a4   0x00000002   Code   RO         4784    i.wizchip_cs_select  wizchip_conf.o
    0x080116a6   0x080116a6   0x00000002   PAD
    0x080116a8   0x080116a8   0x00000010   Code   RO         4564    i.wizchip_deselect  wiz_platform.o
    0x080116b8   0x080116b8   0x0000001e   Code   RO         4785    i.wizchip_getinterrupt  wizchip_conf.o
    0x080116d6   0x080116d6   0x0000001c   Code   RO         4786    i.wizchip_getinterruptmask  wizchip_conf.o
    0x080116f2   0x080116f2   0x00000002   PAD
    0x080116f4   0x080116f4   0x00000058   Code   RO         4787    i.wizchip_getnetinfo  wizchip_conf.o
    0x0801174c   0x0801174c   0x0000007a   Code   RO         4790    i.wizchip_init      wizchip_conf.o
    0x080117c6   0x080117c6   0x00000002   PAD
    0x080117c8   0x080117c8   0x0000010c   Code   RO         4565    i.wizchip_initialize  wiz_platform.o
    0x080118d4   0x080118d4   0x0000001c   Code   RO         4566    i.wizchip_read_buff  wiz_platform.o
    0x080118f0   0x080118f0   0x00000020   Code   RO         4567    i.wizchip_read_byte  wiz_platform.o
    0x08011910   0x08011910   0x00000010   Code   RO         4568    i.wizchip_select    wiz_platform.o
    0x08011920   0x08011920   0x0000001c   Code   RO         4791    i.wizchip_setinterruptmask  wizchip_conf.o
    0x0801193c   0x0801193c   0x00000058   Code   RO         4792    i.wizchip_setnetinfo  wizchip_conf.o
    0x08011994   0x08011994   0x00000002   Code   RO         4795    i.wizchip_spi_readburst  wizchip_conf.o
    0x08011996   0x08011996   0x00000004   Code   RO         4796    i.wizchip_spi_readbyte  wizchip_conf.o
    0x0801199a   0x0801199a   0x00000002   Code   RO         4797    i.wizchip_spi_writeburst  wizchip_conf.o
    0x0801199c   0x0801199c   0x00000002   Code   RO         4798    i.wizchip_spi_writebyte  wizchip_conf.o
    0x0801199e   0x0801199e   0x00000074   Code   RO         4799    i.wizchip_sw_reset  wizchip_conf.o
    0x08011a12   0x08011a12   0x0000001a   Code   RO         4569    i.wizchip_write_buff  wiz_platform.o
    0x08011a2c   0x08011a2c   0x00000018   Code   RO         4570    i.wizchip_write_byte  wiz_platform.o
    0x08011a44   0x08011a44   0x0000004e   Code   RO         4800    i.wizphy_getphyconf  wizchip_conf.o
    0x08011a92   0x08011a92   0x00000016   Code   RO         4801    i.wizphy_getphylink  wizchip_conf.o
    0x08011aa8   0x08011aa8   0x0000001a   Code   RO         4802    i.wizphy_getphypmode  wizchip_conf.o
    0x08011ac2   0x08011ac2   0x0000002a   Code   RO         4804    i.wizphy_reset      wizchip_conf.o
    0x08011aec   0x08011aec   0x0000004a   Code   RO         4805    i.wizphy_setphyconf  wizchip_conf.o
    0x08011b36   0x08011b36   0x00000050   Code   RO         4806    i.wizphy_setphypmode  wizchip_conf.o
    0x08011b86   0x08011b86   0x00000012   Data   RO         1199    .constdata          stm32f1xx_hal_rcc.o
    0x08011b98   0x08011b98   0x00000012   Data   RO         1291    .constdata          stm32f1xx_hal_rcc_ex.o
    0x08011baa   0x08011baa   0x00000010   Data   RO         3882    .constdata          system_stm32f1xx.o
    0x08011bba   0x08011bba   0x00000008   Data   RO         3883    .constdata          system_stm32f1xx.o
    0x08011bc2   0x08011bc2   0x00000002   PAD
    0x08011bc4   0x08011bc4   0x00000208   Data   RO         5338    .constdata          lfs.o
    0x08011dcc   0x08011dcc   0x00000040   Data   RO         6156    .constdata          lfs_util.o
    0x08011e0c   0x08011e0c   0x00000040   Data   RO         7654    .constdata          mc_w.l(ctype_c.o)
    0x08011e4c   0x08011e4c   0x0000004a   Data   RO         4481    .conststring        app_w5500.o
    0x08011e96   0x08011e96   0x00000002   PAD
    0x08011e98   0x08011e98   0x00000116   Data   RO         4572    .conststring        wiz_platform.o
    0x08011fae   0x08011fae   0x00000002   PAD
    0x08011fb0   0x08011fb0   0x0000004d   Data   RO         5339    .conststring        lfs.o
    0x08011ffd   0x08011ffd   0x00000003   PAD
    0x08012000   0x08012000   0x00000008   Data   RO         6318    .conststring        digital.o
    0x08012008   0x08012008   0x00000020   Data   RO         7656    Region$$Table       anon$$obj.o


    Execution Region RW_IRAM1 (Exec base: 0x20000000, Load base: 0x08012028, Size: 0x000046a8, Max: 0x00010000, ABSOLUTE, COMPRESSED[0x000001cc])

    Exec Addr    Load Addr    Size         Type   Attr      Idx    E Section Name        Object

    0x20000000   COMPRESSED   0x00000004   Data   RW           21    .data               main.o
    0x20000004   COMPRESSED   0x0000000c   Data   RW         1036    .data               stm32f1xx_hal.o
    0x20000010   COMPRESSED   0x00000004   Data   RW         3884    .data               system_stm32f1xx.o
    0x20000014   COMPRESSED   0x00000028   Data   RW         4482    .data               app_w5500.o
    0x2000003c   COMPRESSED   0x00000017   Data   RW         4573    .data               wiz_platform.o
    0x20000053   COMPRESSED   0x00000001   PAD
    0x20000054   COMPRESSED   0x0000000e   Data   RW         4692    .data               socket.o
    0x20000062   COMPRESSED   0x00000002   PAD
    0x20000064   COMPRESSED   0x00000034   Data   RW         4807    .data               wizchip_conf.o
    0x20000098   COMPRESSED   0x0000004e   Data   RW         5075    .data               dhcp.o
    0x200000e6   COMPRESSED   0x00000002   PAD
    0x200000e8   COMPRESSED   0x00000020   Data   RW         6000    .data               lfs_user.o
    0x20000108   COMPRESSED   0x000002f0   Data   RW         6190    .data               msh.o
    0x200003f8   COMPRESSED   0x00000070   Data   RW         6319    .data               digital.o
    0x20000468   COMPRESSED   0x00000002   Data   RW         6384    .data               temp.o
    0x2000046a   COMPRESSED   0x00000002   PAD
    0x2000046c   COMPRESSED   0x00000014   Data   RW         6523    .data               cjson.o
    0x20000480   COMPRESSED   0x00000004   Data   RW         7613    .data               mc_w.l(stdout.o)
    0x20000484   COMPRESSED   0x00000004   Data   RW         7622    .data               mc_w.l(mvars.o)
    0x20000488   COMPRESSED   0x00000004   Data   RW         7623    .data               mc_w.l(mvars.o)
    0x2000048c        -       0x00000200   Zero   RW           19    .bss                main.o
    0x2000068c        -       0x00000030   Zero   RW          296    .bss                adc.o
    0x200006bc        -       0x00000028   Zero   RW          338    .bss                can.o
    0x200006e4        -       0x000000b0   Zero   RW          405    .bss                spi.o
    0x20000794        -       0x00000090   Zero   RW          454    .bss                tim.o
    0x20000824        -       0x000001a4   Zero   RW          508    .bss                usart.o
    0x200009c8        -       0x00000020   Zero   RW         1742    .bss                stm32f1xx_hal_flash.o
    0x200009e8        -       0x00001128   Zero   RW         3931    .bss                app_w25qxx.o
    0x20001b10        -       0x00000800   Zero   RW         4571    .bss                wiz_platform.o
    0x20002310        -       0x00000010   Zero   RW         4691    .bss                socket.o
    0x20002320        -       0x00000324   Zero   RW         5999    .bss                lfs_user.o
    0x20002644        -       0x00000060   Zero   RW         6189    .bss                msh.o
    0x200026a4   COMPRESSED   0x00000004   PAD
    0x200026a8        -       0x00001000   Zero   RW            2    HEAP                startup_stm32f103xe.o
    0x200036a8        -       0x00001000   Zero   RW            1    STACK               startup_stm32f103xe.o


==============================================================================

Image component sizes


      Code (inc. data)   RO Data    RW Data    ZI Data      Debug   Object Name

       164         22          0          0         48       1585   adc.o
       990        504          0          0       4392      12486   app_w25qxx.o
      1996        720         74         40          0       9603   app_w5500.o
       168         20          0          0         40       1587   can.o
      4212        180          0         20          0      35962   cjson.o
      2984        124          0         78          0      16280   dhcp.o
       132          8          8        112          0       3270   digital.o
        76          4          0          0          0        746   dma.o
     11186       2522          0          0          0      22772   driver_w25qxx.o
       244         16          0          0          0        971   gpio.o
       292         36          0          0          0       3153   hal_flash.o
     16124       1906        597          0          0     100076   lfs.o
      2084        670          0         32        804      18540   lfs_user.o
        56          6         64          0          0        950   lfs_util.o
       482        100          0          4        512     542611   main.o
      3848       2312          0        752         96      12043   msh.o
      2080         46          0         14         16       8782   socket.o
       324         40          0          0        176       2230   spi.o
        36          8        304          0       8192        788   startup_stm32f103xe.o
       164         28          0         12          0       6401   stm32f1xx_hal.o
      1316         58          0          0          0       7159   stm32f1xx_hal_adc.o
       216          6          0          0          0       1406   stm32f1xx_hal_adc_ex.o
       282          0          0          0          0       1363   stm32f1xx_hal_can.o
       234         24          0          0          0      29434   stm32f1xx_hal_cortex.o
      1236         52          0          0          0       5022   stm32f1xx_hal_dma.o
       392         46          0          0         32       4618   stm32f1xx_hal_flash.o
       240         26          0          0          0       3189   stm32f1xx_hal_flash_ex.o
       524         42          0          0          0       3471   stm32f1xx_hal_gpio.o
        60          8          0          0          0        846   stm32f1xx_hal_msp.o
      1304         94         18          0          0       5641   stm32f1xx_hal_rcc.o
       420         30         18          0          0       2477   stm32f1xx_hal_rcc_ex.o
      1700          4          0          0          0       7942   stm32f1xx_hal_spi.o
      1882         98          0          0          0      16010   stm32f1xx_hal_tim.o
       128         20          0          0          0       2345   stm32f1xx_hal_tim_ex.o
      1958         24          0          0          0      13977   stm32f1xx_hal_uart.o
       152         46          0          0          0       6833   stm32f1xx_it.o
         2          0         24          4          0       1071   system_stm32f1xx.o
       264         44          0          2          0       2375   temp.o
       428         34          0          0        144       2969   tim.o
       612         56          0          0        420       3209   usart.o
       822         18          0          0          0       6722   w5500.o
      1098        432        278         23       2048       7280   wiz_platform.o
      1302         90          0         52          0      21025   wizchip_conf.o

    ----------------------------------------------------------------------
     64302      10524       1426       1152      16924     957220   Object Totals
         0          0         32          0          0          0   (incl. Generated)
        88          0          9          7          4          0   (incl. Padding)

    ----------------------------------------------------------------------

      Code (inc. data)   RO Data    RW Data    ZI Data      Debug   Library Member Name

        28          0          0          0          0         80   strtod.o
        56          8          0          0          0         84   __0sscanf.o
        86          0          0          0          0          0   __dczerorl2.o
        28          0          0          0          0         68   _chval.o
       816          6          0          0          0        112   _scanf.o
       332          0          0          0          0         96   _scanf_int.o
       224          0          0          0          0         96   _scanf_str.o
        64          0          0          0          0         84   _sgetc.o
        40          6         64          0          0         68   ctype_c.o
         0          0          0          0          0          0   entry.o
         0          0          0          0          0          0   entry10a.o
         0          0          0          0          0          0   entry11a.o
         4          0          0          0          0          0   entry12b.o
         8          4          0          0          0          0   entry2.o
         4          0          0          0          0          0   entry5.o
         0          0          0          0          0          0   entry7b.o
         0          0          0          0          0          0   entry8b.o
         8          4          0          0          0          0   entry9a.o
        30          0          0          0          0          0   handlers.o
        36          8          0          0          0         68   init.o
        10          0          0          0          0         68   isspace_c.o
         0          0          0          0          0          0   iusefp.o
        30          0          0          0          0         68   llshl.o
        36          0          0          0          0         68   llsshr.o
        32          0          0          0          0         68   llushr.o
       360         30          0          0          0        356   mallocr.o
        26          0          0          0          0         80   memcmp.o
        36          0          0          0          0         68   memcpya.o
        36          0          0          0          0        108   memseta.o
         0          0          0          8          0          0   mvars.o
      2304        102          0          0          0        696   printfa.o
        40          8          0          0          0         84   scanf_char.o
       878         12          0          0          0        216   scanf_fp.o
         0          0          0          4          0          0   stdout.o
        20          0          0          0          0         68   strchr.o
        28          0          0          0          0         76   strcmp.o
        18          0          0          0          0         68   strcpy.o
        34          0          0          0          0         80   strcspn.o
        14          0          0          0          0         68   strlen.o
        30          0          0          0          0         80   strncmp.o
        28          0          0          0          0         80   strspn.o
        36          0          0          0          0         80   strstr.o
       156         12          0          0          0        120   strtod.o
        12          0          0          0          0         68   tolower.o
        44          0          0          0          0         80   uidiv.o
        98          0          0          0          0         92   uldiv.o
        48          0          0          0          0         68   cdcmple.o
        48          0          0          0          0         68   cdrcmple.o
        56          0          0          0          0         88   d2f.o
       334          0          0          0          0        148   dadd.o
       222          0          0          0          0        100   ddiv.o
       186          0          0          0          0        176   depilogue.o
        62          0          0          0          0         80   dfixi.o
        48          0          0          0          0         68   dfixul.o
        34          0          0          0          0         76   dflti.o
        24          0          0          0          0         76   dfltul.o
       228          0          0          0          0         96   dmul.o
        46          0          0          0          0         80   dscalb.o
        38          0          0          0          0         68   f2d.o
       176          0          0          0          0        140   fadd.o
       124          0          0          0          0         88   fdiv.o
       110          0          0          0          0        168   fepilogue.o
        10          0          0          0          0         68   ffltui.o
       100          0          0          0          0         76   fmul.o

    ----------------------------------------------------------------------
      7976        200         64         12          0       5328   Library Totals
        12          0          0          0          0          0   (incl. Padding)

    ----------------------------------------------------------------------

      Code (inc. data)   RO Data    RW Data    ZI Data      Debug   Library Name

        28          0          0          0          0         80   m_ws.l
      6042        200         64         12          0       3516   mc_w.l
      1894          0          0          0          0       1732   mf_w.l

    ----------------------------------------------------------------------
      7976        200         64         12          0       5328   Library Totals

    ----------------------------------------------------------------------

==============================================================================


      Code (inc. data)   RO Data    RW Data    ZI Data      Debug   

     72278      10724       1490       1164      16924     936936   Grand Totals
     72278      10724       1490        460      16924     936936   ELF Image Totals (compressed)
     72278      10724       1490        460          0          0   ROM Totals

==============================================================================

    Total RO  Size (Code + RO Data)                73768 (  72.04kB)
    Total RW  Size (RW Data + ZI Data)             18088 (  17.66kB)
    Total ROM Size (Code + RO Data + RW Data)      74228 (  72.49kB)

==============================================================================

