Component: ARM Compiler 5.06 update 7 (build 960) Tool: armlink [4d3601]

==============================================================================

Section Cross References

    startup_stm32f103xe.o(RESET) refers to startup_stm32f103xe.o(STACK) for __initial_sp
    startup_stm32f103xe.o(RESET) refers to startup_stm32f103xe.o(.text) for Reset_Handler
    startup_stm32f103xe.o(RESET) refers to stm32f1xx_it.o(i.NMI_Handler) for NMI_Handler
    startup_stm32f103xe.o(RESET) refers to stm32f1xx_it.o(i.HardFault_Handler) for HardFault_Handler
    startup_stm32f103xe.o(RESET) refers to stm32f1xx_it.o(i.MemManage_Handler) for MemManage_Handler
    startup_stm32f103xe.o(RESET) refers to stm32f1xx_it.o(i.BusFault_Handler) for BusFault_Handler
    startup_stm32f103xe.o(RESET) refers to stm32f1xx_it.o(i.UsageFault_Handler) for UsageFault_Handler
    startup_stm32f103xe.o(RESET) refers to stm32f1xx_it.o(i.SVC_Handler) for SVC_Handler
    startup_stm32f103xe.o(RESET) refers to stm32f1xx_it.o(i.DebugMon_Handler) for DebugMon_Handler
    startup_stm32f103xe.o(RESET) refers to stm32f1xx_it.o(i.PendSV_Handler) for PendSV_Handler
    startup_stm32f103xe.o(RESET) refers to stm32f1xx_it.o(i.SysTick_Handler) for SysTick_Handler
    startup_stm32f103xe.o(RESET) refers to stm32f1xx_it.o(i.DMA1_Channel3_IRQHandler) for DMA1_Channel3_IRQHandler
    startup_stm32f103xe.o(RESET) refers to stm32f1xx_it.o(i.DMA1_Channel5_IRQHandler) for DMA1_Channel5_IRQHandler
    startup_stm32f103xe.o(RESET) refers to stm32f1xx_it.o(i.DMA1_Channel6_IRQHandler) for DMA1_Channel6_IRQHandler
    startup_stm32f103xe.o(RESET) refers to stm32f1xx_it.o(i.USB_LP_CAN1_RX0_IRQHandler) for USB_LP_CAN1_RX0_IRQHandler
    startup_stm32f103xe.o(RESET) refers to stm32f1xx_it.o(i.CAN1_SCE_IRQHandler) for CAN1_SCE_IRQHandler
    startup_stm32f103xe.o(RESET) refers to stm32f1xx_it.o(i.TIM3_IRQHandler) for TIM3_IRQHandler
    startup_stm32f103xe.o(RESET) refers to stm32f1xx_it.o(i.USART1_IRQHandler) for USART1_IRQHandler
    startup_stm32f103xe.o(RESET) refers to stm32f1xx_it.o(i.USART2_IRQHandler) for USART2_IRQHandler
    startup_stm32f103xe.o(RESET) refers to stm32f1xx_it.o(i.USART3_IRQHandler) for USART3_IRQHandler
    startup_stm32f103xe.o(.text) refers to system_stm32f1xx.o(i.SystemInit) for SystemInit
    startup_stm32f103xe.o(.text) refers to entry.o(.ARM.Collect$$$$00000000) for __main
    main.o(i.HAL_TIM_PeriodElapsedCallback) refers to dhcp.o(i.DHCP_time_handler) for DHCP_time_handler
    main.o(i.HAL_TIM_PeriodElapsedCallback) refers to dns.o(i.DNS_time_handler) for DNS_time_handler
    main.o(i.HAL_TIM_PeriodElapsedCallback) refers to mqtt_interface.o(i.MilliTimer_Handler) for MilliTimer_Handler
    main.o(i.HAL_TIM_PeriodElapsedCallback) refers to app_w5500_ntp.o(i.app_w5500_ntp_1s_callback) for app_w5500_ntp_1s_callback
    main.o(i.HAL_UARTEx_RxEventCallback) refers to msh.o(i.msh_rx_data) for msh_rx_data
    main.o(i.HAL_UARTEx_RxEventCallback) refers to main.o(.bss) for u1_rx
    main.o(i.SystemClock_Config) refers to memseta.o(.text) for __aeabi_memclr4
    main.o(i.SystemClock_Config) refers to stm32f1xx_hal_rcc.o(i.HAL_RCC_OscConfig) for HAL_RCC_OscConfig
    main.o(i.SystemClock_Config) refers to main.o(i.Error_Handler) for Error_Handler
    main.o(i.SystemClock_Config) refers to stm32f1xx_hal_rcc.o(i.HAL_RCC_ClockConfig) for HAL_RCC_ClockConfig
    main.o(i.SystemClock_Config) refers to stm32f1xx_hal_rcc_ex.o(i.HAL_RCCEx_PeriphCLKConfig) for HAL_RCCEx_PeriphCLKConfig
    main.o(i.fputc) refers to stm32f1xx_hal_uart.o(i.HAL_UART_Transmit) for HAL_UART_Transmit
    main.o(i.fputc) refers to usart.o(.bss) for huart1
    main.o(i.main) refers to stm32f1xx_hal.o(i.HAL_Init) for HAL_Init
    main.o(i.main) refers to main.o(i.SystemClock_Config) for SystemClock_Config
    main.o(i.main) refers to gpio.o(i.MX_GPIO_Init) for MX_GPIO_Init
    main.o(i.main) refers to dma.o(i.MX_DMA_Init) for MX_DMA_Init
    main.o(i.main) refers to spi.o(i.MX_SPI1_Init) for MX_SPI1_Init
    main.o(i.main) refers to spi.o(i.MX_SPI2_Init) for MX_SPI2_Init
    main.o(i.main) refers to usart.o(i.MX_USART1_UART_Init) for MX_USART1_UART_Init
    main.o(i.main) refers to usart.o(i.MX_USART2_UART_Init) for MX_USART2_UART_Init
    main.o(i.main) refers to usart.o(i.MX_USART3_UART_Init) for MX_USART3_UART_Init
    main.o(i.main) refers to can.o(i.MX_CAN_Init) for MX_CAN_Init
    main.o(i.main) refers to tim.o(i.MX_TIM2_Init) for MX_TIM2_Init
    main.o(i.main) refers to adc.o(i.MX_ADC1_Init) for MX_ADC1_Init
    main.o(i.main) refers to tim.o(i.MX_TIM3_Init) for MX_TIM3_Init
    main.o(i.main) refers to i2c.o(i.MX_I2C1_Init) for MX_I2C1_Init
    main.o(i.main) refers to stm32f1xx_hal_uart.o(i.HAL_UARTEx_ReceiveToIdle_DMA) for HAL_UARTEx_ReceiveToIdle_DMA
    main.o(i.main) refers to stm32f1xx_hal_tim.o(i.HAL_TIM_Base_Start_IT) for HAL_TIM_Base_Start_IT
    main.o(i.main) refers to stm32f1xx_hal_tim.o(i.HAL_TIM_PWM_Start) for HAL_TIM_PWM_Start
[...]
    0x08010ce8   0x08010ce8   0x0000001a   Code   RO        10727    .text               mf_w.l(dfltui.o)
    0x08010d02   0x08010d02   0x00000032   Code   RO        10729    .text               mf_w.l(ffixi.o)
    0x08010d34   0x08010d34   0x0000003e   Code   RO        10733    .text               mf_w.l(dfixi.o)
    0x08010d72   0x08010d72   0x00000026   Code   RO        10735    .text               mf_w.l(f2d.o)
    0x08010d98   0x08010d98   0x00000030   Code   RO        10737    .text               mf_w.l(cdcmple.o)
    0x08010dc8   0x08010dc8   0x00000030   Code   RO        10739    .text               mf_w.l(cdrcmple.o)
    0x08010df8   0x08010df8   0x00000038   Code   RO        10741    .text               mf_w.l(d2f.o)
    0x08010e30   0x08010e30   0x00000014   Code   RO        10745    .text               mf_w.l(cfrcmple.o)
    0x08010e44   0x08010e44   0x0000002c   Code   RO        10764    .text               mc_w.l(uidiv.o)
    0x08010e70   0x08010e70   0x0000001e   Code   RO        10766    .text               mc_w.l(llshl.o)
    0x08010e8e   0x08010e8e   0x00000024   Code   RO        10768    .text               mc_w.l(llsshr.o)
    0x08010eb2   0x08010eb2   0x0000001c   Code   RO        10772    .text               mc_w.l(_chval.o)
    0x08010ece   0x08010ece   0x00000002   PAD
    0x08010ed0   0x08010ed0   0x00000028   Code   RO        10774    .text               mc_w.l(scanf_char.o)
    0x08010ef8   0x08010ef8   0x00000040   Code   RO        10776    .text               mc_w.l(_sgetc.o)
    0x08010f38   0x08010f38   0x0000009c   Code   RO        10778    .text               mc_w.l(strtod.o)
    0x08010fd4   0x08010fd4   0x00000000   Code   RO        10780    .text               mc_w.l(iusefp.o)
    0x08010fd4   0x08010fd4   0x0000006e   Code   RO        10781    .text               mf_w.l(fepilogue.o)
    0x08011042   0x08011042   0x000000ba   Code   RO        10783    .text               mf_w.l(depilogue.o)
    0x080110fc   0x080110fc   0x000000de   Code   RO        10785    .text               mf_w.l(ddiv.o)
    0x080111da   0x080111da   0x00000018   Code   RO        10787    .text               mf_w.l(dfltul.o)
    0x080111f2   0x080111f2   0x00000030   Code   RO        10789    .text               mf_w.l(dfixul.o)
    0x08011222   0x08011222   0x00000002   PAD
    0x08011224   0x08011224   0x00000024   Code   RO        10791    .text               mc_w.l(init.o)
    0x08011248   0x08011248   0x0000000a   Code   RO        10793    .text               mc_w.l(isspace_c.o)
    0x08011252   0x08011252   0x00000002   PAD
    0x08011254   0x08011254   0x00000330   Code   RO        10795    .text               mc_w.l(_scanf.o)
    0x08011584   0x08011584   0x00000028   Code   RO        10797    .text               mc_w.l(ctype_c.o)
    0x080115ac   0x080115ac   0x00000056   Code   RO        10808    .text               mc_w.l(__dczerorl2.o)
    0x08011602   0x08011602   0x0000005c   Code   RO          981    i.ADC_ConversionStop_Disable  stm32f1xx_hal_adc.o
    0x0801165e   0x0801165e   0x00000002   PAD
    0x08011660   0x08011660   0x00000090   Code   RO          985    i.ADC_Enable        stm32f1xx_hal_adc.o
    0x080116f0   0x080116f0   0x000000bc   Code   RO         7492    i.ADC_Get_Average   temp.o
    0x080117ac   0x080117ac   0x00000004   Code   RO          698    i.BusFault_Handler  stm32f1xx_it.o
    0x080117b0   0x080117b0   0x00000010   Code   RO          699    i.CAN1_SCE_IRQHandler  stm32f1xx_it.o
    0x080117c0   0x080117c0   0x0000003c   Code   RO         6223    i.ConnectNetwork    mqtt_interface.o
    0x080117fc   0x080117fc   0x000000e0   Code   RO         5900    i.DHCP_init         dhcp.o
    0x080118dc   0x080118dc   0x000001d8   Code   RO         5901    i.DHCP_run          dhcp.o
    0x08011ab4   0x08011ab4   0x0000001c   Code   RO         5902    i.DHCP_stop         dhcp.o
    0x08011ad0   0x08011ad0   0x00000010   Code   RO         5903    i.DHCP_time_handler  dhcp.o
    0x08011ae0   0x08011ae0   0x00000010   Code   RO          700    i.DMA1_Channel3_IRQHandler  stm32f1xx_it.o
    0x08011af0   0x08011af0   0x00000010   Code   RO          701    i.DMA1_Channel5_IRQHandler  stm32f1xx_it.o
    0x08011b00   0x08011b00   0x00000010   Code   RO          702    i.DMA1_Channel6_IRQHandler  stm32f1xx_it.o
    0x08011b10   0x08011b10   0x0000002c   Code   RO         1642    i.DMA_SetConfig     stm32f1xx_hal_dma.o
    0x08011b3c   0x08011b3c   0x00000020   Code   RO         6983    i.DNS_init          dns.o
    0x08011b5c   0x08011b5c   0x000000d8   Code   RO         6984    i.DNS_run           dns.o
    0x08011c34   0x08011c34   0x00000010   Code   RO         6985    i.DNS_time_handler  dns.o
    0x08011c44   0x08011c44   0x00000002   Code   RO          703    i.DebugMon_Handler  stm32f1xx_it.o
    0x08011c46   0x08011c46   0x00000006   Code   RO           13    i.Error_Handler     main.o
    0x08011c4c   0x08011c4c   0x00000038   Code   RO         6047    i.GetDev_ID         app_w5500_tcp_server.o
    0x08011c84   0x08011c84   0x0000000c   Code   RO         9959    i.Get_Boot          app_flashdb.o
    0x08011c90   0x08011c90   0x000000ac   Code   RO         7539    i.Get_temp          stts22htr.o
    0x08011d3c   0x08011d3c   0x0000011c   Code   RO         1161    i.HAL_ADCEx_Calibration_Start  stm32f1xx_hal_adc_ex.o
    0x08011e58   0x08011e58   0x00000160   Code   RO          987    i.HAL_ADC_ConfigChannel  stm32f1xx_hal_adc.o
    0x08011fb8   0x08011fb8   0x00000008   Code   RO          994    i.HAL_ADC_GetValue  stm32f1xx_hal_adc.o
    0x08011fc0   0x08011fc0   0x00000160   Code   RO          996    i.HAL_ADC_Init      stm32f1xx_hal_adc.o
    0x08012120   0x08012120   0x0000006c   Code   RO          393    i.HAL_ADC_MspInit   adc.o
    0x0801218c   0x0801218c   0x00000180   Code   RO         1000    i.HAL_ADC_PollForConversion  stm32f1xx_hal_adc.o
    0x0801230c   0x0801230c   0x00000130   Code   RO         1002    i.HAL_ADC_Start     stm32f1xx_hal_adc.o
    0x0801243c   0x0801243c   0x00000040   Code   RO         1005    i.HAL_ADC_Stop      stm32f1xx_hal_adc.o
    0x0801247c   0x0801247c   0x00000002   Code   RO         2271    i.HAL_CAN_ErrorCallback  stm32f1xx_hal_can.o
    0x0801247e   0x0801247e   0x0000024e   Code   RO         2278    i.HAL_CAN_IRQHandler  stm32f1xx_hal_can.o
    0x080126cc   0x080126cc   0x00000174   Code   RO         2279    i.HAL_CAN_Init      stm32f1xx_hal_can.o
    0x08012840   0x08012840   0x000000a8   Code   RO          435    i.HAL_CAN_MspInit   can.o
    0x080128e8   0x080128e8   0x00000002   Code   RO         2286    i.HAL_CAN_RxFifo0FullCallback  stm32f1xx_hal_can.o
    0x080128ea   0x080128ea   0x00000002   Code   RO         2287    i.HAL_CAN_RxFifo0MsgPendingCallback  stm32f1xx_hal_can.o
    0x080128ec   0x080128ec   0x00000002   Code   RO         2288    i.HAL_CAN_RxFifo1FullCallback  stm32f1xx_hal_can.o
    0x080128ee   0x080128ee   0x00000002   Code   RO         2289    i.HAL_CAN_RxFifo1MsgPendingCallback  stm32f1xx_hal_can.o
    0x080128f0   0x080128f0   0x00000002   Code   RO         2290    i.HAL_CAN_SleepCallback  stm32f1xx_hal_can.o
    0x080128f2   0x080128f2   0x00000002   Code   RO         2293    i.HAL_CAN_TxMailbox0AbortCallback  stm32f1xx_hal_can.o
    0x080128f4   0x080128f4   0x00000002   Code   RO         2294    i.HAL_CAN_TxMailbox0CompleteCallback  stm32f1xx_hal_can.o
    0x080128f6   0x080128f6   0x00000002   Code   RO         2295    i.HAL_CAN_TxMailbox1AbortCallback  stm32f1xx_hal_can.o
    0x080128f8   0x080128f8   0x00000002   Code   RO         2296    i.HAL_CAN_TxMailbox1CompleteCallback  stm32f1xx_hal_can.o
    0x080128fa   0x080128fa   0x00000002   Code   RO         2297    i.HAL_CAN_TxMailbox2AbortCallback  stm32f1xx_hal_can.o
    0x080128fc   0x080128fc   0x00000002   Code   RO         2298    i.HAL_CAN_TxMailbox2CompleteCallback  stm32f1xx_hal_can.o
    0x080128fe   0x080128fe   0x00000002   Code   RO         2300    i.HAL_CAN_WakeUpFromRxMsgCallback  stm32f1xx_hal_can.o
    0x08012900   0x08012900   0x00000056   Code   RO         1643    i.HAL_DMA_Abort     stm32f1xx_hal_dma.o
    0x08012956   0x08012956   0x00000002   PAD
    0x08012958   0x08012958   0x000001a8   Code   RO         1644    i.HAL_DMA_Abort_IT  stm32f1xx_hal_dma.o
    0x08012b00   0x08012b00   0x00000398   Code   RO         1648    i.HAL_DMA_IRQHandler  stm32f1xx_hal_dma.o
    0x08012e98   0x08012e98   0x0000008c   Code   RO         1649    i.HAL_DMA_Init      stm32f1xx_hal_dma.o
    0x08012f24   0x08012f24   0x0000009c   Code   RO         1653    i.HAL_DMA_Start_IT  stm32f1xx_hal_dma.o
    0x08012fc0   0x08012fc0   0x00000028   Code   RO         1264    i.HAL_Delay         stm32f1xx_hal.o
    0x08012fe8   0x08012fe8   0x00000340   Code   RO         1579    i.HAL_GPIO_Init     stm32f1xx_hal_gpio.o
    0x08013328   0x08013328   0x00000010   Code   RO         1581    i.HAL_GPIO_ReadPin  stm32f1xx_hal_gpio.o
    0x08013338   0x08013338   0x0000000c   Code   RO         1583    i.HAL_GPIO_WritePin  stm32f1xx_hal_gpio.o
    0x08013344   0x08013344   0x0000000c   Code   RO         1268    i.HAL_GetTick       stm32f1xx_hal.o
    0x08013350   0x08013350   0x0000000c   Code   RO         1271    i.HAL_GetUIDw0      stm32f1xx_hal.o
    0x0801335c   0x0801335c   0x000001d0   Code   RO         2510    i.HAL_I2C_Init      stm32f1xx_hal_i2c.o
    0x0801352c   0x0801352c   0x00000374   Code   RO         2528    i.HAL_I2C_Mem_Read  stm32f1xx_hal_i2c.o
    0x080138a0   0x080138a0   0x00000164   Code   RO         2531    i.HAL_I2C_Mem_Write  stm32f1xx_hal_i2c.o
    0x08013a04   0x08013a04   0x00000074   Code   RO          501    i.HAL_I2C_MspInit   i2c.o
    0x08013a78   0x08013a78   0x00000018   Code   RO         1274    i.HAL_IncTick       stm32f1xx_hal.o
    0x08013a90   0x08013a90   0x00000028   Code   RO         1275    i.HAL_Init          stm32f1xx_hal.o
    0x08013ab8   0x08013ab8   0x0000004c   Code   RO         1276    i.HAL_InitTick      stm32f1xx_hal.o
    0x08013b04   0x08013b04   0x00000054   Code   RO          828    i.HAL_MspInit       stm32f1xx_hal_msp.o
    0x08013b58   0x08013b58   0x00000020   Code   RO         1739    i.HAL_NVIC_EnableIRQ  stm32f1xx_hal_cortex.o
    0x08013b78   0x08013b78   0x0000007c   Code   RO         1745    i.HAL_NVIC_SetPriority  stm32f1xx_hal_cortex.o
    0x08013bf4   0x08013bf4   0x00000028   Code   RO         1746    i.HAL_NVIC_SetPriorityGrouping  stm32f1xx_hal_cortex.o
    0x08013c1c   0x08013c1c   0x00000044   Code   RO         1747    i.HAL_NVIC_SystemReset  stm32f1xx_hal_cortex.o
    0x08013c60   0x08013c60   0x00000118   Code   RO         1540    i.HAL_RCCEx_GetPeriphCLKFreq  stm32f1xx_hal_rcc_ex.o
    0x08013d78   0x08013d78   0x00000130   Code   RO         1541    i.HAL_RCCEx_PeriphCLKConfig  stm32f1xx_hal_rcc_ex.o
    0x08013ea8   0x08013ea8   0x0000018c   Code   RO         1432    i.HAL_RCC_ClockConfig  stm32f1xx_hal_rcc.o
    0x08014034   0x08014034   0x00000044   Code   RO         1436    i.HAL_RCC_GetClockConfig  stm32f1xx_hal_rcc.o
    0x08014078   0x08014078   0x0000000c   Code   RO         1437    i.HAL_RCC_GetHCLKFreq  stm32f1xx_hal_rcc.o
    0x08014084   0x08014084   0x00000020   Code   RO         1439    i.HAL_RCC_GetPCLK1Freq  stm32f1xx_hal_rcc.o
    0x080140a4   0x080140a4   0x00000020   Code   RO         1440    i.HAL_RCC_GetPCLK2Freq  stm32f1xx_hal_rcc.o
    0x080140c4   0x080140c4   0x00000070   Code   RO         1441    i.HAL_RCC_GetSysClockFreq  stm32f1xx_hal_rcc.o
    0x08014134   0x08014134   0x00000464   Code   RO         1444    i.HAL_RCC_OscConfig  stm32f1xx_hal_rcc.o
    0x08014598   0x08014598   0x000000be   Code   RO         2987    i.HAL_SPI_Init      stm32f1xx_hal_spi.o
    0x08014656   0x08014656   0x00000002   PAD
    0x08014658   0x08014658   0x000000f8   Code   RO          543    i.HAL_SPI_MspInit   spi.o
    0x08014750   0x08014750   0x00000182   Code   RO         2990    i.HAL_SPI_Receive   stm32f1xx_hal_spi.o
    0x080148d2   0x080148d2   0x000001be   Code   RO         2995    i.HAL_SPI_Transmit  stm32f1xx_hal_spi.o
    0x08014a90   0x08014a90   0x00000248   Code   RO         2996    i.HAL_SPI_TransmitReceive  stm32f1xx_hal_spi.o
    0x08014cd8   0x08014cd8   0x00000034   Code   RO         1750    i.HAL_SYSTICK_Config  stm32f1xx_hal_cortex.o
    0x08014d0c   0x08014d0c   0x00000002   Code   RO         4015    i.HAL_TIMEx_BreakCallback  stm32f1xx_hal_tim_ex.o
    0x08014d0e   0x08014d0e   0x00000002   Code   RO         4016    i.HAL_TIMEx_CommutCallback  stm32f1xx_hal_tim_ex.o
    0x08014d10   0x08014d10   0x0000009c   Code   RO         4034    i.HAL_TIMEx_MasterConfigSynchronization  stm32f1xx_hal_tim_ex.o
    0x08014dac   0x08014dac   0x00000066   Code   RO         3300    i.HAL_TIM_Base_Init  stm32f1xx_hal_tim.o
    0x08014e12   0x08014e12   0x00000002   PAD
    0x08014e14   0x08014e14   0x00000068   Code   RO          591    i.HAL_TIM_Base_MspInit  tim.o
    0x08014e7c   0x08014e7c   0x00000090   Code   RO         3305    i.HAL_TIM_Base_Start_IT  stm32f1xx_hal_tim.o
    0x08014f0c   0x08014f0c   0x0000010c   Code   RO         3309    i.HAL_TIM_ConfigClockSource  stm32f1xx_hal_tim.o
    0x08015018   0x08015018   0x00000002   Code   RO         3334    i.HAL_TIM_IC_CaptureCallback  stm32f1xx_hal_tim.o
    0x0801501a   0x0801501a   0x0000016c   Code   RO         3348    i.HAL_TIM_IRQHandler  stm32f1xx_hal_tim.o
    0x08015186   0x08015186   0x00000002   PAD
    0x08015188   0x08015188   0x0000006c   Code   RO          592    i.HAL_TIM_MspPostInit  tim.o
    0x080151f4   0x080151f4   0x00000002   Code   RO         3351    i.HAL_TIM_OC_DelayElapsedCallback  stm32f1xx_hal_tim.o
    0x080151f6   0x080151f6   0x00000104   Code   RO         3372    i.HAL_TIM_PWM_ConfigChannel  stm32f1xx_hal_tim.o
    0x080152fa   0x080152fa   0x00000066   Code   RO         3375    i.HAL_TIM_PWM_Init  stm32f1xx_hal_tim.o
    0x08015360   0x08015360   0x00000002   Code   RO         3377    i.HAL_TIM_PWM_MspInit  stm32f1xx_hal_tim.o
    0x08015362   0x08015362   0x00000002   Code   RO         3378    i.HAL_TIM_PWM_PulseFinishedCallback  stm32f1xx_hal_tim.o
    0x08015364   0x08015364   0x000000f4   Code   RO         3380    i.HAL_TIM_PWM_Start  stm32f1xx_hal_tim.o
    0x08015458   0x08015458   0x00000024   Code   RO           14    i.HAL_TIM_PeriodElapsedCallback  main.o
    0x0801547c   0x0801547c   0x00000002   Code   RO         3391    i.HAL_TIM_TriggerCallback  stm32f1xx_hal_tim.o
    0x0801547e   0x0801547e   0x00000070   Code   RO         4292    i.HAL_UARTEx_ReceiveToIdle_DMA  stm32f1xx_hal_uart.o
    0x080154ee   0x080154ee   0x00000002   PAD
    0x080154f0   0x080154f0   0x00000024   Code   RO           15    i.HAL_UARTEx_RxEventCallback  main.o
    0x08015514   0x08015514   0x00000002   Code   RO         4308    i.HAL_UART_ErrorCallback  stm32f1xx_hal_uart.o
    0x08015516   0x08015516   0x00000002   PAD
    0x08015518   0x08015518   0x000002e4   Code   RO         4311    i.HAL_UART_IRQHandler  stm32f1xx_hal_uart.o
    0x080157fc   0x080157fc   0x00000076   Code   RO         4312    i.HAL_UART_Init     stm32f1xx_hal_uart.o
    0x08015872   0x08015872   0x00000002   PAD
    0x08015874   0x08015874   0x0000023c   Code   RO          645    i.HAL_UART_MspInit  usart.o
    0x08015ab0   0x08015ab0   0x00000002   Code   RO         4318    i.HAL_UART_RxCpltCallback  stm32f1xx_hal_uart.o
    0x08015ab2   0x08015ab2   0x00000002   Code   RO         4319    i.HAL_UART_RxHalfCpltCallback  stm32f1xx_hal_uart.o
    0x08015ab4   0x08015ab4   0x000000be   Code   RO         4320    i.HAL_UART_Transmit  stm32f1xx_hal_uart.o
    0x08015b72   0x08015b72   0x00000002   Code   RO         4323    i.HAL_UART_TxCpltCallback  stm32f1xx_hal_uart.o
    0x08015b74   0x08015b74   0x0000000c   Code   RO          704    i.HardFault_Handler  stm32f1xx_it.o
    0x08015b80   0x08015b80   0x0000003e   Code   RO         2554    i.I2C_IsAcknowledgeFailed  stm32f1xx_hal_i2c.o
    0x08015bbe   0x08015bbe   0x00000002   PAD
    0x08015bc0   0x08015bc0   0x00000160   Code   RO         2565    i.I2C_RequestMemoryRead  stm32f1xx_hal_i2c.o
    0x08015d20   0x08015d20   0x000000e0   Code   RO         2566    i.I2C_RequestMemoryWrite  stm32f1xx_hal_i2c.o
    0x08015e00   0x08015e00   0x00000066   Code   RO         2574    i.I2C_WaitOnBTFFlagUntilTimeout  stm32f1xx_hal_i2c.o
    0x08015e66   0x08015e66   0x000000be   Code   RO         2575    i.I2C_WaitOnFlagUntilTimeout  stm32f1xx_hal_i2c.o
    0x08015f24   0x08015f24   0x000000fa   Code   RO         2576    i.I2C_WaitOnMasterAddressFlagUntilTimeout  stm32f1xx_hal_i2c.o
    0x0801601e   0x0801601e   0x0000008a   Code   RO         2577    i.I2C_WaitOnRXNEFlagUntilTimeout  stm32f1xx_hal_i2c.o
    0x080160a8   0x080160a8   0x00000066   Code   RO         2580    i.I2C_WaitOnTXEFlagUntilTimeout  stm32f1xx_hal_i2c.o
    0x0801610e   0x0801610e   0x00000002   PAD
    0x08016110   0x08016110   0x0000000c   Code   RO         8822    i.IIR_filter_get_result  iir_filter.o
    0x0801611c   0x0801611c   0x00000010   Code   RO         8823    i.IIR_filter_info_init  iir_filter.o
    0x0801612c   0x0801612c   0x00000038   Code   RO         8824    i.IIR_filter_proc_data  iir_filter.o
    0x08016164   0x08016164   0x00000054   Code   RO         6301    i.MQTTClientInit    mqttclient.o
    0x080161b8   0x080161b8   0x000000a8   Code   RO         6302    i.MQTTConnect       mqttclient.o
    0x08016260   0x08016260   0x0000006c   Code   RO         6521    i.MQTTDeserialize_ack  mqttdeserializepublish.o
    0x080162cc   0x080162cc   0x00000076   Code   RO         6434    i.MQTTDeserialize_connack  mqttconnectclient.o
    0x08016342   0x08016342   0x000000a8   Code   RO         6522    i.MQTTDeserialize_publish  mqttdeserializepublish.o
    0x080163ea   0x080163ea   0x00000092   Code   RO         6766    i.MQTTDeserialize_suback  mqttsubscribeclient.o
    0x0801647c   0x0801647c   0x00000058   Code   RO         6609    i.MQTTPacket_decode  mqttpacket.o
    0x080164d4   0x080164d4   0x0000001c   Code   RO         6610    i.MQTTPacket_decodeBuf  mqttpacket.o
    0x080164f0   0x080164f0   0x00000036   Code   RO         6612    i.MQTTPacket_encode  mqttpacket.o
    0x08016526   0x08016526   0x00000042   Code   RO         6613    i.MQTTPacket_equals  mqttpacket.o
    0x08016568   0x08016568   0x00000028   Code   RO         6614    i.MQTTPacket_len    mqttpacket.o
    0x08016590   0x08016590   0x000000f2   Code   RO         6304    i.MQTTPublish       mqttclient.o
    0x08016682   0x08016682   0x00000072   Code   RO         6724    i.MQTTSerialize_ack  mqttserializepublish.o
    0x080166f4   0x080166f4   0x00000168   Code   RO         6435    i.MQTTSerialize_connect  mqttconnectclient.o
    0x0801685c   0x0801685c   0x00000076   Code   RO         6436    i.MQTTSerialize_connectLength  mqttconnectclient.o
    0x080168d2   0x080168d2   0x00000012   Code   RO         6438    i.MQTTSerialize_pingreq  mqttconnectclient.o
    0x080168e4   0x080168e4   0x000000b0   Code   RO         6727    i.MQTTSerialize_publish  mqttserializepublish.o
    0x08016994   0x08016994   0x00000022   Code   RO         6728    i.MQTTSerialize_publishLength  mqttserializepublish.o
    0x080169b6   0x080169b6   0x000000ae   Code   RO         6767    i.MQTTSerialize_subscribe  mqttsubscribeclient.o
    0x08016a64   0x08016a64   0x0000002e   Code   RO         6768    i.MQTTSerialize_subscribeLength  mqttsubscribeclient.o
    0x08016a92   0x08016a92   0x0000004c   Code   RO         6439    i.MQTTSerialize_zero  mqttconnectclient.o
    0x08016ade   0x08016ade   0x000000e8   Code   RO         6306    i.MQTTSubscribe     mqttclient.o
    0x08016bc6   0x08016bc6   0x00000028   Code   RO         6308    i.MQTTYield         mqttclient.o
    0x08016bee   0x08016bee   0x00000018   Code   RO         6617    i.MQTTstrlen        mqttpacket.o
    0x08016c06   0x08016c06   0x00000002   PAD
    0x08016c08   0x08016c08   0x0000005c   Code   RO          394    i.MX_ADC1_Init      adc.o
    0x08016c64   0x08016c64   0x00000038   Code   RO          436    i.MX_CAN_Init       can.o
    0x08016c9c   0x08016c9c   0x00000054   Code   RO          476    i.MX_DMA_Init       dma.o
    0x08016cf0   0x08016cf0   0x00000134   Code   RO          368    i.MX_GPIO_Init      gpio.o
    0x08016e24   0x08016e24   0x0000003c   Code   RO          502    i.MX_I2C1_Init      i2c.o
    0x08016e60   0x08016e60   0x00000044   Code   RO          544    i.MX_SPI1_Init      spi.o
    0x08016ea4   0x08016ea4   0x00000044   Code   RO          545    i.MX_SPI2_Init      spi.o
    0x08016ee8   0x08016ee8   0x000000a0   Code   RO          593    i.MX_TIM2_Init      tim.o
    0x08016f88   0x08016f88   0x00000070   Code   RO          594    i.MX_TIM3_Init      tim.o
    0x08016ff8   0x08016ff8   0x00000038   Code   RO          646    i.MX_USART1_UART_Init  usart.o
    0x08017030   0x08017030   0x00000038   Code   RO          647    i.MX_USART2_UART_Init  usart.o
    0x08017068   0x08017068   0x00000038   Code   RO          648    i.MX_USART3_UART_Init  usart.o
    0x080170a0   0x080170a0   0x00000004   Code   RO          705    i.MemManage_Handler  stm32f1xx_it.o
    0x080170a4   0x080170a4   0x00000010   Code   RO         6224    i.MilliTimer_Handler  mqtt_interface.o
    0x080170b4   0x080170b4   0x00000004   Code   RO          706    i.NMI_Handler       stm32f1xx_it.o
    0x080170b8   0x080170b8   0x00000006   Code   RO         6309    i.NewMessageData    mqttclient.o
    0x080170be   0x080170be   0x00000002   PAD
    0x080170c0   0x080170c0   0x0000001c   Code   RO         6225    i.NewNetwork        mqtt_interface.o
    0x080170dc   0x080170dc   0x0000001a   Code   RO         5904    i.NibbleToHex       dhcp.o
    0x080170f6   0x080170f6   0x00000002   Code   RO          707    i.PendSV_Handler    stm32f1xx_it.o
    0x080170f8   0x080170f8   0x00000028   Code   RO         1445    i.RCC_Delay         stm32f1xx_hal_rcc.o
    0x08017120   0x08017120   0x00000034   Code   RO         7417    i.Read_digital_State  digital.o
    0x08017154   0x08017154   0x00000088   Code   RO         7222    i.SNTP_init         sntp.o
    0x080171dc   0x080171dc   0x0000012c   Code   RO         7223    i.SNTP_run          sntp.o
    0x08017308   0x08017308   0x00000078   Code   RO         3024    i.SPI_EndRxTransaction  stm32f1xx_hal_spi.o
    0x08017380   0x08017380   0x00000044   Code   RO         3025    i.SPI_EndRxTxTransaction  stm32f1xx_hal_spi.o
    0x080173c4   0x080173c4   0x000000d8   Code   RO         3030    i.SPI_WaitFlagStateUntilTimeout  stm32f1xx_hal_spi.o
    0x0801749c   0x0801749c   0x00000032   Code   RO         7540    i.STTS22HTR_CheckWhoAmI  stts22htr.o
    0x080174ce   0x080174ce   0x0000002e   Code   RO         7541    i.STTS22HTR_Init    stts22htr.o
    0x080174fc   0x080174fc   0x00000064   Code   RO         7544    i.STTS22HTR_Optimize_Process  stts22htr.o
    0x08017560   0x08017560   0x0000003a   Code   RO         7547    i.STTS22HTR_ReadRawTemp  stts22htr.o
    0x0801759a   0x0801759a   0x0000003a   Code   RO         7548    i.STTS22HTR_ReadRegs  stts22htr.o
    0x080175d4   0x080175d4   0x0000003c   Code   RO         7550    i.STTS22HTR_ReadTemp  stts22htr.o
    0x08017610   0x08017610   0x0000006a   Code   RO         7555    i.STTS22HTR_SetMode  stts22htr.o
    0x0801767a   0x0801767a   0x00000038   Code   RO         7557    i.STTS22HTR_WriteReg  stts22htr.o
    0x080176b2   0x080176b2   0x00000002   Code   RO          708    i.SVC_Handler       stm32f1xx_it.o
    0x080176b4   0x080176b4   0x0000003c   Code   RO         7418    i.Set_digital       digital.o
    0x080176f0   0x080176f0   0x00000058   Code   RO         7419    i.Set_digital_State_refresh  digital.o
    0x08017748   0x08017748   0x0000000c   Code   RO          709    i.SysTick_Handler   stm32f1xx_it.o
    0x08017754   0x08017754   0x00000082   Code   RO           16    i.SystemClock_Config  main.o
    0x080177d6   0x080177d6   0x00000002   PAD
    0x080177d8   0x080177d8   0x00000010   Code   RO         4656    i.SystemInit        system_stm32f1xx.o
    0x080177e8   0x080177e8   0x00000010   Code   RO          710    i.TIM3_IRQHandler   stm32f1xx_it.o
    0x080177f8   0x080177f8   0x000000ac   Code   RO         3393    i.TIM_Base_SetConfig  stm32f1xx_hal_tim.o
    0x080178a4   0x080178a4   0x00000022   Code   RO         3394    i.TIM_CCxChannelCmd  stm32f1xx_hal_tim.o
    0x080178c6   0x080178c6   0x00000016   Code   RO         3404    i.TIM_ETR_SetConfig  stm32f1xx_hal_tim.o
    0x080178dc   0x080178dc   0x00000012   Code   RO         3405    i.TIM_ITRx_SetConfig  stm32f1xx_hal_tim.o
    0x080178ee   0x080178ee   0x00000002   PAD
    0x080178f0   0x080178f0   0x00000070   Code   RO         3406    i.TIM_OC1_SetConfig  stm32f1xx_hal_tim.o
    0x08017960   0x08017960   0x0000007c   Code   RO         3407    i.TIM_OC2_SetConfig  stm32f1xx_hal_tim.o
    0x080179dc   0x080179dc   0x00000078   Code   RO         3408    i.TIM_OC3_SetConfig  stm32f1xx_hal_tim.o
    0x08017a54   0x08017a54   0x00000054   Code   RO         3409    i.TIM_OC4_SetConfig  stm32f1xx_hal_tim.o
    0x08017aa8   0x08017aa8   0x00000026   Code   RO         3411    i.TIM_TI1_ConfigInputStage  stm32f1xx_hal_tim.o
    0x08017ace   0x08017ace   0x00000028   Code   RO         3413    i.TIM_TI2_ConfigInputStage  stm32f1xx_hal_tim.o
    0x08017af6   0x08017af6   0x00000002   PAD
    0x08017af8   0x08017af8   0x00000018   Code   RO         6226    i.TimerCountdown    mqtt_interface.o
    0x08017b10   0x08017b10   0x00000010   Code   RO         6227    i.TimerCountdownMS  mqtt_interface.o
    0x08017b20   0x08017b20   0x00000006   Code   RO         6228    i.TimerInit         mqtt_interface.o
    0x08017b26   0x08017b26   0x00000002   PAD
    0x08017b28   0x08017b28   0x00000014   Code   RO         6229    i.TimerIsExpired    mqtt_interface.o
    0x08017b3c   0x08017b3c   0x0000001c   Code   RO         6230    i.TimerLeftMS       mqtt_interface.o
    0x08017b58   0x08017b58   0x00000014   Code   RO         4325    i.UART_DMAAbortOnError  stm32f1xx_hal_uart.o
    0x08017b6c   0x08017b6c   0x00000050   Code   RO         4326    i.UART_DMAError     stm32f1xx_hal_uart.o
    0x08017bbc   0x08017bbc   0x000000b4   Code   RO         4327    i.UART_DMAReceiveCplt  stm32f1xx_hal_uart.o
    0x08017c70   0x08017c70   0x00000024   Code   RO         4329    i.UART_DMARxHalfCplt  stm32f1xx_hal_uart.o
    0x08017c94   0x08017c94   0x0000006c   Code   RO         4335    i.UART_EndRxTransfer  stm32f1xx_hal_uart.o
    0x08017d00   0x08017d00   0x00000020   Code   RO         4336    i.UART_EndTransmit_IT  stm32f1xx_hal_uart.o
    0x08017d20   0x08017d20   0x00000026   Code   RO         4337    i.UART_EndTxTransfer  stm32f1xx_hal_uart.o
    0x08017d46   0x08017d46   0x000000fc   Code   RO         4338    i.UART_Receive_IT   stm32f1xx_hal_uart.o
    0x08017e42   0x08017e42   0x00000002   PAD
    0x08017e44   0x08017e44   0x000000fc   Code   RO         4339    i.UART_SetConfig    stm32f1xx_hal_uart.o
    0x08017f40   0x08017f40   0x000000c8   Code   RO         4340    i.UART_Start_Receive_DMA  stm32f1xx_hal_uart.o
    0x08018008   0x08018008   0x00000060   Code   RO         4342    i.UART_Transmit_IT  stm32f1xx_hal_uart.o
    0x08018068   0x08018068   0x0000008c   Code   RO         4343    i.UART_WaitOnFlagUntilTimeout  stm32f1xx_hal_uart.o
    0x080180f4   0x080180f4   0x00000020   Code   RO          711    i.USART1_IRQHandler  stm32f1xx_it.o
    0x08018114   0x08018114   0x00000010   Code   RO          712    i.USART2_IRQHandler  stm32f1xx_it.o
    0x08018124   0x08018124   0x00000020   Code   RO          713    i.USART3_IRQHandler  stm32f1xx_it.o
    0x08018144   0x08018144   0x00000010   Code   RO          714    i.USB_LP_CAN1_RX0_IRQHandler  stm32f1xx_it.o
    0x08018154   0x08018154   0x00000004   Code   RO          715    i.UsageFault_Handler  stm32f1xx_it.o
    0x08018158   0x08018158   0x00000074   Code   RO         5837    i.WIZCHIP_READ      w5500.o
    0x080181cc   0x080181cc   0x0000008c   Code   RO         5838    i.WIZCHIP_READ_BUF  w5500.o
    0x08018258   0x08018258   0x00000074   Code   RO         5839    i.WIZCHIP_WRITE     w5500.o
    0x080182cc   0x080182cc   0x00000088   Code   RO         5840    i.WIZCHIP_WRITE_BUF  w5500.o
    0x08018354   0x08018354   0x00000020   Code   RO        10645    i.__0printf         mc_w.l(printfa.o)
    0x08018374   0x08018374   0x00000034   Code   RO        10646    i.__0snprintf       mc_w.l(printfa.o)
    0x080183a8   0x080183a8   0x00000028   Code   RO        10647    i.__0sprintf        mc_w.l(printfa.o)
    0x080183d0   0x080183d0   0x00000034   Code   RO        10650    i.__0vsnprintf      mc_w.l(printfa.o)
    0x08018404   0x08018404   0x00000024   Code   RO        10651    i.__0vsprintf       mc_w.l(printfa.o)
    0x08018428   0x08018428   0x00000010   Code   RO         1752    i.__NVIC_GetPriorityGrouping  stm32f1xx_hal_cortex.o
    0x08018438   0x08018438   0x00000028   Code   RO         1753    i.__NVIC_SetPriority  stm32f1xx_hal_cortex.o
    0x08018460   0x08018460   0x0000005c   Code   RO        10677    i.__free$realloc    mc_w.l(mallocr.o)
    0x080184bc   0x080184bc   0x00000050   Code   RO        10678    i.__malloc$realloc  mc_w.l(mallocr.o)
    0x0801850c   0x0801850c   0x0000000e   Code   RO        10802    i.__scatterload_copy  mc_w.l(handlers.o)
    0x0801851a   0x0801851a   0x00000002   Code   RO        10803    i.__scatterload_null  mc_w.l(handlers.o)
    0x0801851c   0x0801851c   0x0000000e   Code   RO        10804    i.__scatterload_zeroinit  mc_w.l(handlers.o)
    0x0801852a   0x0801852a   0x00000064   Code   RO         9719    i._fdb_continue_ff_addr  fdb_utils.o
    0x0801858e   0x0801858e   0x00000010   Code   RO         9164    i._fdb_db_path      fdb.o
    0x0801859e   0x0801859e   0x0000002a   Code   RO         9720    i._fdb_flash_erase  fdb_utils.o
    0x080185c8   0x080185c8   0x00000032   Code   RO         9721    i._fdb_flash_read   fdb_utils.o
    0x080185fa   0x080185fa   0x00000036   Code   RO         9722    i._fdb_flash_write  fdb_utils.o
    0x08018630   0x08018630   0x00000062   Code   RO         9723    i._fdb_flash_write_align  fdb_utils.o
    0x08018692   0x08018692   0x00000032   Code   RO         9724    i._fdb_get_status   fdb_utils.o
    0x080186c4   0x080186c4   0x0000027c   Code   RO         9166    i._fdb_init_ex      fdb.o
    0x08018940   0x08018940   0x000000f8   Code   RO         9167    i._fdb_init_finish  fdb.o
    0x08018a38   0x08018a38   0x00000104   Code   RO         9235    i._fdb_kv_load      fdb_kvdb.o
    0x08018b3c   0x08018b3c   0x00000090   Code   RO         9725    i._fdb_read_status  fdb_utils.o
    0x08018bcc   0x08018bcc   0x00000034   Code   RO         9726    i._fdb_set_status   fdb_utils.o
    0x08018c00   0x08018c00   0x000000e4   Code   RO         9727    i._fdb_write_status  fdb_utils.o
    0x08018ce4   0x08018ce4   0x00000184   Code   RO        10652    i._fp_digits        mc_w.l(printfa.o)
    0x08018e68   0x08018e68   0x0000000e   Code   RO        10709    i._is_digit         mc_w.l(scanf_fp.o)
    0x08018e76   0x08018e76   0x00000002   PAD
    0x08018e78   0x08018e78   0x000006b4   Code   RO        10653    i._printf_core      mc_w.l(printfa.o)
    0x0801952c   0x0801952c   0x00000024   Code   RO        10654    i._printf_post_padding  mc_w.l(printfa.o)
    0x08019550   0x08019550   0x0000002e   Code   RO        10655    i._printf_pre_padding  mc_w.l(printfa.o)
    0x0801957e   0x0801957e   0x00000016   Code   RO        10656    i._snputc           mc_w.l(printfa.o)
    0x08019594   0x08019594   0x0000000a   Code   RO        10657    i._sputc            mc_w.l(printfa.o)
    0x0801959e   0x0801959e   0x00000056   Code   RO         4814    i.a_w25qxx_qspi_write_read  driver_w25qxx.o
    0x080195f4   0x080195f4   0x00000044   Code   RO         4816    i.a_w25qxx_spi_write_read  driver_w25qxx.o
    0x08019638   0x08019638   0x00000210   Code   RO         8894    i.aai_write         sfud.o
    0x08019848   0x08019848   0x00000036   Code   RO         7674    i.add_item_to_array  cjson.o
    0x0801987e   0x0801987e   0x0000007a   Code   RO         7675    i.add_item_to_object  cjson.o
    0x080198f8   0x080198f8   0x00000138   Code   RO         9236    i.alloc_kv          fdb_kvdb.o
    0x08019a30   0x08019a30   0x00000038   Code   RO         9237    i.alloc_kv_cb       fdb_kvdb.o
    0x08019a68   0x08019a68   0x0000003c   Code   RO         9960    i.app_flashdb_get   app_flashdb.o
    0x08019aa4   0x08019aa4   0x00000108   Code   RO         9961    i.app_flashdb_init  app_flashdb.o
    0x08019bac   0x08019bac   0x0000003c   Code   RO         9962    i.app_flashdb_set   app_flashdb.o
    0x08019be8   0x08019be8   0x00000098   Code   RO         4692    i.app_w25qxx_chip_erase  app_w25qxx.o
    0x08019c80   0x08019c80   0x0000001a   Code   RO         4694    i.app_w25qxx_init   app_w25qxx.o
    0x08019c9a   0x08019c9a   0x00000008   Code   RO         7130    i.app_w5500_http_abort  app_w5500_http.o
    0x08019ca2   0x08019ca2   0x00000002   PAD
    0x08019ca4   0x08019ca4   0x000000ac   Code   RO         7131    i.app_w5500_http_dns_resolve  app_w5500_http.o
    0x08019d50   0x08019d50   0x00000210   Code   RO         7132    i.app_w5500_http_get  app_w5500_http.o
    0x08019f60   0x08019f60   0x00000030   Code   RO         7133    i.app_w5500_http_get_response  app_w5500_http.o
    0x08019f90   0x08019f90   0x0000000c   Code   RO         7134    i.app_w5500_http_get_state  app_w5500_http.o
    0x08019f9c   0x08019f9c   0x000000b4   Code   RO         7135    i.app_w5500_http_init  app_w5500_http.o
    0x0801a050   0x0801a050   0x00000064   Code   RO         7136    i.app_w5500_http_parse_response  app_w5500_http.o
    0x0801a0b4   0x0801a0b4   0x000001f8   Code   RO         7137    i.app_w5500_http_post  app_w5500_http.o
    0x0801a2ac   0x0801a2ac   0x000002f8   Code   RO         7138    i.app_w5500_http_proc  app_w5500_http.o
    0x0801a5a4   0x0801a5a4   0x000002cc   Code   RO         7139    i.app_w5500_http_send_request  app_w5500_http.o
    0x0801a870   0x0801a870   0x0000010c   Code   RO         7140    i.app_w5500_http_tcp_connect  app_w5500_http.o
    0x0801a97c   0x0801a97c   0x0000005c   Code   RO         6854    i.app_w5500_mqtt_Sub  app_w5500_mqtt.o
    0x0801a9d8   0x0801a9d8   0x0000019c   Code   RO         6855    i.app_w5500_mqtt_ack  app_w5500_mqtt.o
    0x0801ab74   0x0801ab74   0x0000005c   Code   RO         6856    i.app_w5500_mqtt_connect  app_w5500_mqtt.o
    0x0801abd0   0x0801abd0   0x00000018   Code   RO         6857    i.app_w5500_mqtt_keep  app_w5500_mqtt.o
    0x0801abe8   0x0801abe8   0x00000078   Code   RO         6858    i.app_w5500_mqtt_params_init  app_w5500_mqtt.o
    0x0801ac60   0x0801ac60   0x0000011c   Code   RO         6859    i.app_w5500_mqtt_parse  app_w5500_mqtt.o
    0x0801ad7c   0x0801ad7c   0x000002e8   Code   RO         6860    i.app_w5500_mqtt_proc  app_w5500_mqtt.o
    0x0801b064   0x0801b064   0x000000d4   Code   RO         6861    i.app_w5500_mqtt_publish  app_w5500_mqtt.o
    0x0801b138   0x0801b138   0x00000040   Code   RO         6862    i.app_w5500_mqtt_reset  app_w5500_mqtt.o
    0x0801b178   0x0801b178   0x000000f4   Code   RO         7064    i.app_w5500_ntp_1s_callback  app_w5500_ntp.o
    0x0801b26c   0x0801b26c   0x0000000c   Code   RO         7065    i.app_w5500_ntp_get_state  app_w5500_ntp.o
    0x0801b278   0x0801b278   0x00000020   Code   RO         7066    i.app_w5500_ntp_get_time  app_w5500_ntp.o
    0x0801b298   0x0801b298   0x0000031c   Code   RO         7067    i.app_w5500_ntp_proc  app_w5500_ntp.o
    0x0801b5b4   0x0801b5b4   0x00000120   Code   RO         6111    i.app_w5500_tcp_client_init  app_w5500_tcp_client.o
    0x0801b6d4   0x0801b6d4   0x000000a4   Code   RO         6112    i.app_w5500_tcp_client_send  app_w5500_tcp_client.o
    0x0801b778   0x0801b778   0x00000240   Code   RO         6048    i.app_w5500_tcp_server_report  app_w5500_tcp_server.o
    0x0801b9b8   0x0801b9b8   0x000001cc   Code   RO         6049    i.app_w5500_tcp_server_send  app_w5500_tcp_server.o
    0x0801bb84   0x0801bb84   0x0000003e   Code   RO         6169    i.app_w5500_udp_send  app_w5500_udp.o
    0x0801bbc2   0x0801bbc2   0x00000002   PAD
    0x0801bbc4   0x0801bbc4   0x0000001c   Code   RO         8706    i.average_filter_get_result  average_filter.o
    0x0801bbe0   0x0801bbe0   0x0000001c   Code   RO         8707    i.average_filter_info_init  average_filter.o
    0x0801bbfc   0x0801bbfc   0x0000004c   Code   RO         8708    i.average_filter_proc_data  average_filter.o
    0x0801bc48   0x0801bc48   0x00000014   Code   RO         7493    i.board_temp_adc_get  temp.o
    0x0801bc5c   0x0801bc5c   0x0000005c   Code   RO         7494    i.board_temp_get    temp.o
    0x0801bcb8   0x0801bcb8   0x00000024   Code   RO         7495    i.board_temp_init   temp.o
    0x0801bcdc   0x0801bcdc   0x00000048   Code   RO         8782    i.bubble_sort       median_filter.o
    0x0801bd24   0x0801bd24   0x00000028   Code   RO         6618    i.bufchar           mqttpacket.o
    0x0801bd4c   0x0801bd4c   0x00000048   Code   RO         7676    i.buffer_skip_whitespace  cjson.o
    0x0801bd94   0x0801bd94   0x00000034   Code   RO         7678    i.cJSON_AddBoolToObject  cjson.o
    0x0801bdc8   0x0801bdc8   0x00000020   Code   RO         7683    i.cJSON_AddItemToObject  cjson.o
    0x0801bde8   0x0801bde8   0x0000003c   Code   RO         7686    i.cJSON_AddNumberToObject  cjson.o
    0x0801be24   0x0801be24   0x00000034   Code   RO         7689    i.cJSON_AddStringToObject  cjson.o
    0x0801be58   0x0801be58   0x00000020   Code   RO         7694    i.cJSON_CreateBool  cjson.o
    0x0801be78   0x0801be78   0x00000064   Code   RO         7700    i.cJSON_CreateNumber  cjson.o
    0x0801bedc   0x0801bedc   0x00000018   Code   RO         7701    i.cJSON_CreateObject  cjson.o
    0x0801bef4   0x0801bef4   0x00000034   Code   RO         7704    i.cJSON_CreateString  cjson.o
    0x0801bf28   0x0801bf28   0x00000060   Code   RO         7708    i.cJSON_Delete      cjson.o
    0x0801bf88   0x0801bf88   0x00000012   Code   RO         7722    i.cJSON_GetObjectItem  cjson.o
    0x0801bf9a   0x0801bf9a   0x0000001a   Code   RO         7739    i.cJSON_New_Item    cjson.o
    0x0801bfb4   0x0801bfb4   0x00000010   Code   RO         7740    i.cJSON_Parse       cjson.o
    0x0801bfc4   0x0801bfc4   0x000000d4   Code   RO         7742    i.cJSON_ParseWithLengthOpts  cjson.o
    0x0801c098   0x0801c098   0x00000028   Code   RO         7743    i.cJSON_ParseWithOpts  cjson.o
    0x0801c0c0   0x0801c0c0   0x00000014   Code   RO         7747    i.cJSON_PrintUnformatted  cjson.o
    0x0801c0d4   0x0801c0d4   0x00000038   Code   RO         7757    i.cJSON_strdup      cjson.o
    0x0801c10c   0x0801c10c   0x00000274   Code   RO         7224    i.calcdatetime      sntp.o
    0x0801c380   0x0801c380   0x00000048   Code   RO         7758    i.case_insensitive_strcmp  cjson.o
    0x0801c3c8   0x0801c3c8   0x00000002   Code   RO         7759    i.cast_away_const   cjson.o
    0x0801c3ca   0x0801c3ca   0x00000002   PAD
    0x0801c3cc   0x0801c3cc   0x00000078   Code   RO         5905    i.check_DHCP_leasedIP  dhcp.o
    0x0801c444   0x0801c444   0x000000ac   Code   RO         5906    i.check_DHCP_timeout  dhcp.o
    0x0801c4f0   0x0801c4f0   0x0000003c   Code   RO         6986    i.check_DNS_timeout  dns.o
    0x0801c52c   0x0801c52c   0x00000028   Code   RO         9238    i.check_and_recovery_gc_cb  fdb_kvdb.o
    0x0801c554   0x0801c554   0x00000150   Code   RO         9239    i.check_and_recovery_kv_cb  fdb_kvdb.o
    0x0801c6a4   0x0801c6a4   0x00000104   Code   RO         9875    i.check_and_update_part_cache  fal_partition.o
    0x0801c7a8   0x0801c7a8   0x00000026   Code   RO         9240    i.check_oldest_addr_cb  fdb_kvdb.o
    0x0801c7ce   0x0801c7ce   0x00000002   PAD
    0x0801c7d0   0x0801c7d0   0x000000b4   Code   RO         9241    i.check_sec_hdr_cb  fdb_kvdb.o
    0x0801c884   0x0801c884   0x0000000c   Code   RO         8741    i.clipping_filter_get_result  clipping_filter.o
    0x0801c890   0x0801c890   0x0000001c   Code   RO         8742    i.clipping_filter_info_init  clipping_filter.o
    0x0801c8ac   0x0801c8ac   0x00000040   Code   RO         8743    i.clipping_filter_proc_data  clipping_filter.o
    0x0801c8ec   0x0801c8ec   0x000000a0   Code   RO         5517    i.close             socket.o
    0x0801c98c   0x0801c98c   0x00000074   Code   RO         7760    i.compare_double    cjson.o
    0x0801ca00   0x0801ca00   0x0000000c   Code   RO         8857    i.compensation_filter_get_result  compensation_filter.o
    0x0801ca0c   0x0801ca0c   0x00000014   Code   RO         8858    i.compensation_filter_info_init  compensation_filter.o
    0x0801ca20   0x0801ca20   0x00000020   Code   RO         8859    i.compensation_filter_proc_data  compensation_filter.o
    0x0801ca40   0x0801ca40   0x0000015c   Code   RO         5518    i.connect           socket.o
    0x0801cb9c   0x0801cb9c   0x000002d4   Code   RO         9242    i.create_kv_blob    fdb_kvdb.o
    0x0801ce70   0x0801ce70   0x00000120   Code   RO         5610    i.ctlwizchip        wizchip_conf.o
    0x0801cf90   0x0801cf90   0x0000013e   Code   RO         6310    i.cycle             mqttclient.o
    0x0801d0ce   0x0801d0ce   0x0000006a   Code   RO         6311    i.decodePacket      mqttclient.o
    0x0801d138   0x0801d138   0x00000034   Code   RO         5907    i.default_ip_assign  dhcp.o
    0x0801d16c   0x0801d16c   0x00000024   Code   RO         5908    i.default_ip_conflict  dhcp.o
    0x0801d190   0x0801d190   0x00000028   Code   RO         5909    i.default_ip_update  dhcp.o
    0x0801d1b8   0x0801d1b8   0x00000190   Code   RO         9243    i.del_kv            fdb_kvdb.o
    0x0801d348   0x0801d348   0x0000008c   Code   RO         6312    i.deliverMessage    mqttclient.o
    0x0801d3d4   0x0801d3d4   0x00000010   Code   RO         7423    i.digital_read_func  digital.o
    0x0801d3e4   0x0801d3e4   0x00000014   Code   RO         7424    i.digital_write_func  digital.o
    0x0801d3f8   0x0801d3f8   0x000000c0   Code   RO         5520    i.disconnect        socket.o
    0x0801d4b8   0x0801d4b8   0x00000100   Code   RO         6987    i.dns_answer        dns.o
    0x0801d5b8   0x0801d5b8   0x000000e0   Code   RO         6988    i.dns_makequery     dns.o
    0x0801d698   0x0801d698   0x0000002a   Code   RO         6989    i.dns_question      dns.o
    0x0801d6c2   0x0801d6c2   0x00000002   PAD
    0x0801d6c4   0x0801d6c4   0x00000210   Code   RO         9244    i.do_gc             fdb_kvdb.o
    0x0801d8d4   0x0801d8d4   0x000000b8   Code   RO         7762    i.ensure            cjson.o
    0x0801d98c   0x0801d98c   0x0000009c   Code   RO         9842    i.erase             fal_flash_sfud_port.o
    0x0801da28   0x0801da28   0x0000008c   Code   RO         9820    i.fal_flash_device_find  fal_flash.o
    0x0801dab4   0x0801dab4   0x00000158   Code   RO         9821    i.fal_flash_init    fal_flash.o
    0x0801dc0c   0x0801dc0c   0x00000114   Code   RO         9799    i.fal_init          fal.o
    0x0801dd20   0x0801dd20   0x00000170   Code   RO         9877    i.fal_partition_erase  fal_partition.o
    0x0801de90   0x0801de90   0x00000010   Code   RO         9878    i.fal_partition_erase_all  fal_partition.o
    0x0801dea0   0x0801dea0   0x00000080   Code   RO         9879    i.fal_partition_find  fal_partition.o
    0x0801df20   0x0801df20   0x0000004c   Code   RO         9880    i.fal_partition_init  fal_partition.o
    0x0801df6c   0x0801df6c   0x00000188   Code   RO         9881    i.fal_partition_read  fal_partition.o
    0x0801e0f4   0x0801e0f4   0x0000018c   Code   RO         9882    i.fal_partition_write  fal_partition.o
    0x0801e280   0x0801e280   0x00000250   Code   RO         9884    i.fal_show_part_table  fal_partition.o
    0x0801e4d0   0x0801e4d0   0x00000006   Code   RO         9728    i.fdb_blob_make     fdb_utils.o
    0x0801e4d6   0x0801e4d6   0x00000002   PAD
    0x0801e4d8   0x0801e4d8   0x0000002c   Code   RO         9730    i.fdb_calc_crc32    fdb_utils.o
    0x0801e504   0x0801e504   0x000000b0   Code   RO         9248    i.fdb_kv_get_blob   fdb_kvdb.o
    0x0801e5b4   0x0801e5b4   0x000000a8   Code   RO         9254    i.fdb_kv_set_blob   fdb_kvdb.o
    0x0801e65c   0x0801e65c   0x000000d4   Code   RO         9255    i.fdb_kv_set_default  fdb_kvdb.o
    0x0801e730   0x0801e730   0x00000238   Code   RO         9260    i.fdb_kvdb_init     fdb_kvdb.o
    0x0801e968   0x0801e968   0x00000030   Code   RO         8655    i.filter_info_init  filter_manager.o
    0x0801e998   0x0801e998   0x00000050   Code   RO         9261    i.find_kv           fdb_kvdb.o
    0x0801e9e8   0x0801e9e8   0x00000046   Code   RO         9262    i.find_kv_cb        fdb_kvdb.o
    0x0801ea2e   0x0801ea2e   0x00000002   PAD
    0x0801ea30   0x0801ea30   0x00000028   Code   RO         9263    i.find_kv_no_cache  fdb_kvdb.o
    0x0801ea58   0x0801ea58   0x000000ac   Code   RO         9264    i.find_next_kv_addr  fdb_kvdb.o
    0x0801eb04   0x0801eb04   0x000000c8   Code   RO         9885    i.flash_device_find_by_part  fal_partition.o
    0x0801ebcc   0x0801ebcc   0x0000011c   Code   RO         9265    i.format_sector     fdb_kvdb.o
    0x0801ece8   0x0801ece8   0x0000001c   Code   RO           17    i.fputc             main.o
    0x0801ed04   0x0801ed04   0x0000001a   Code   RO         9266    i.gc_check_cb       fdb_kvdb.o
    0x0801ed1e   0x0801ed1e   0x0000000e   Code   RO         9267    i.gc_collect        fdb_kvdb.o
    0x0801ed2c   0x0801ed2c   0x00000108   Code   RO         9268    i.gc_collect_by_free_size  fdb_kvdb.o
    0x0801ee34   0x0801ee34   0x00000010   Code   RO         6990    i.get16             dns.o
    0x0801ee44   0x0801ee44   0x00000020   Code   RO         5911    i.getDNSfromDHCP    dhcp.o
    0x0801ee64   0x0801ee64   0x00000020   Code   RO         5912    i.getGWfromDHCP     dhcp.o
    0x0801ee84   0x0801ee84   0x00000020   Code   RO         5913    i.getIPfromDHCP     dhcp.o
    0x0801eea4   0x0801eea4   0x00000018   Code   RO         6313    i.getNextPacketId   mqttclient.o
    0x0801eebc   0x0801eebc   0x00000020   Code   RO         5914    i.getSNfromDHCP     dhcp.o
    0x0801eedc   0x0801eedc   0x0000006c   Code   RO         5841    i.getSn_RX_RSR      w5500.o
    0x0801ef48   0x0801ef48   0x0000006c   Code   RO         5842    i.getSn_TX_FSR      w5500.o
    0x0801efb4   0x0801efb4   0x00000004   Code   RO         7764    i.get_decimal_point  cjson.o
    0x0801efb8   0x0801efb8   0x0000005c   Code   RO         7268    i.get_digital_info_callback  msh.o
    0x0801f014   0x0801f014   0x0000004e   Code   RO         9269    i.get_kv            fdb_kvdb.o
    0x0801f062   0x0801f062   0x000000c2   Code   RO         9270    i.get_kv_from_cache  fdb_kvdb.o
    0x0801f124   0x0801f124   0x0000007a   Code   RO         9271    i.get_next_kv_addr  fdb_kvdb.o
    0x0801f19e   0x0801f19e   0x0000003a   Code   RO         9272    i.get_next_sector_addr  fdb_kvdb.o
    0x0801f1d8   0x0801f1d8   0x00000052   Code   RO         7765    i.get_object_item   cjson.o
    0x0801f22a   0x0801f22a   0x00000002   PAD
    0x0801f22c   0x0801f22c   0x00000268   Code   RO         7226    i.get_seconds_from_ntp_server  sntp.o
    0x0801f494   0x0801f494   0x00000034   Code   RO         9273    i.get_sector_from_cache  fdb_kvdb.o
    0x0801f4c8   0x0801f4c8   0x000002dc   Code   RO         8895    i.hardware_init     sfud.o
    0x0801f7a4   0x0801f7a4   0x00000020   Code   RO         7141    i.http_close_socket_reset  app_w5500_http.o
    0x0801f7c4   0x0801f7c4   0x000000ac   Code   RO         7142    i.http_reset_all_param  app_w5500_http.o
    0x0801f870   0x0801f870   0x00000038   Code   RO         9843    i.init              fal_flash_sfud_port.o
    0x0801f8a8   0x0801f8a8   0x00000050   Code   RO        10679    i.internal_alloc    mc_w.l(mallocr.o)
    0x0801f8f8   0x0801f8f8   0x00000076   Code   RO         6314    i.isTopicMatched    mqttclient.o
    0x0801f96e   0x0801f96e   0x00000056   Code   RO         6315    i.keepalive         mqttclient.o
    0x0801f9c4   0x0801f9c4   0x00000092   Code   RO         9274    i.kv_iterator       fdb_kvdb.o
    0x0801fa56   0x0801fa56   0x0000009e   Code   RO         5522    i.listen            socket.o
    0x0801faf4   0x0801faf4   0x00000114   Code   RO           18    i.main              main.o
    0x0801fc08   0x0801fc08   0x00000190   Code   RO         5915    i.makeDHCPMSG       dhcp.o
    0x0801fd98   0x0801fd98   0x000000b4   Code   RO         8896    i.make_adress_byte_array  sfud.o
    0x0801fe4c   0x0801fe4c   0x0000090c   Code   RO         8576    i.md5_process       tiny_md5.o
    0x08020758   0x08020758   0x00000088   Code   RO         8783    i.median_filter_get_result  median_filter.o
    0x080207e0   0x080207e0   0x00000024   Code   RO         8784    i.median_filter_info_init  median_filter.o
    0x08020804   0x08020804   0x0000003c   Code   RO         8785    i.median_filter_proc_data  median_filter.o
    0x08020840   0x08020840   0x00000090   Code   RO         6863    i.messageArrived    app_w5500_mqtt.o
    0x080208d0   0x080208d0   0x000001d4   Code   RO         9275    i.move_kv           fdb_kvdb.o
    0x08020aa4   0x08020aa4   0x0000024c   Code   RO         7269    i.msh_board_info_callback  msh.o
    0x08020cf0   0x08020cf0   0x0000003c   Code   RO         7270    i.msh_clean_flash_callback  msh.o
    0x08020d2c   0x08020d2c   0x00000028   Code   RO         7271    i.msh_default_callback  msh.o
    0x08020d54   0x08020d54   0x000000ec   Code   RO         7272    i.msh_find_callback  msh.o
    0x08020e40   0x08020e40   0x0000013c   Code   RO         7273    i.msh_help_callback  msh.o
    0x08020f7c   0x08020f7c   0x0000002c   Code   RO         7274    i.msh_init          msh.o
    0x08020fa8   0x08020fa8   0x00000210   Code   RO         7275    i.msh_ipconfig_callback  msh.o
    0x080211b8   0x080211b8   0x0000003c   Code   RO         7276    i.msh_printf        msh.o
    0x080211f4   0x080211f4   0x00000100   Code   RO         7277    i.msh_process       msh.o
    0x080212f4   0x080212f4   0x0000002c   Code   RO         7279    i.msh_reboot_callback  msh.o
    0x08021320   0x08021320   0x00000028   Code   RO         7280    i.msh_rx_data       msh.o
    0x08021348   0x08021348   0x00000170   Code   RO         7281    i.msh_set_client_ip_callback  msh.o
    0x080214b8   0x080214b8   0x00000090   Code   RO         7282    i.msh_sudo_callback  msh.o
    0x08021548   0x08021548   0x0000002c   Code   RO         7283    i.msh_test_callback  msh.o
    0x08021574   0x08021574   0x00000128   Code   RO         7284    i.msh_time_callback  msh.o
    0x0802169c   0x0802169c   0x00000038   Code   RO         5368    i.network_init      wiz_platform.o
    0x080216d4   0x080216d4   0x00000130   Code   RO         5269    i.network_phy_proc  app_w5500.o
    0x08021804   0x08021804   0x00000034   Code   RO         5270    i.network_proc      app_w5500.o
    0x08021838   0x08021838   0x000001ac   Code   RO         6113    i.network_tcp_client_proc  app_w5500_tcp_client.o
    0x080219e4   0x080219e4   0x0000029c   Code   RO         6050    i.network_tcp_server_proc  app_w5500_tcp_server.o
    0x08021c80   0x08021c80   0x00000220   Code   RO         6170    i.network_udp_proc  app_w5500_udp.o
    0x08021ea0   0x08021ea0   0x0000011c   Code   RO         9276    i.new_kv            fdb_kvdb.o
    0x08021fbc   0x08021fbc   0x00000024   Code   RO         9277    i.new_kv_ex         fdb_kvdb.o
    0x08021fe0   0x08021fe0   0x0000027c   Code   RO        10285    i.ota_check_parse   ota.o
    0x0802225c   0x0802225c   0x0000025c   Code   RO        10286    i.ota_check_task    ota.o
    0x080224b8   0x080224b8   0x0000000c   Code   RO        10287    i.ota_delay         ota.o
    0x080224c4   0x080224c4   0x00000318   Code   RO        10288    i.ota_download_block  ota.o
    0x080227dc   0x080227dc   0x000005c8   Code   RO        10289    i.ota_proc          ota.o
    0x08022da4   0x08022da4   0x0000009c   Code   RO        10290    i.ota_reboot        ota.o
    0x08022e40   0x08022e40   0x00000018   Code   RO        10291    i.ota_set_start     ota.o
    0x08022e58   0x08022e58   0x00000058   Code   RO         7285    i.ota_start_callback  msh.o
    0x08022eb0   0x08022eb0   0x00000208   Code   RO        10292    i.ota_update_state  ota.o
    0x080230b8   0x080230b8   0x000002f8   Code   RO        10293    i.ota_update_version  ota.o
    0x080233b0   0x080233b0   0x00000234   Code   RO         8897    i.page256_or_1_byte_write  sfud.o
    0x080235e4   0x080235e4   0x00000284   Code   RO         5916    i.parseDHCPMSG      dhcp.o
    0x08023868   0x08023868   0x000000fe   Code   RO         6991    i.parseDNSMSG       dns.o
    0x08023966   0x08023966   0x000000f8   Code   RO         7767    i.parse_array       cjson.o
    0x08023a5e   0x08023a5e   0x0000005a   Code   RO         7768    i.parse_hex4        cjson.o
    0x08023ab8   0x08023ab8   0x00000096   Code   RO         6992    i.parse_name        dns.o
    0x08023b4e   0x08023b4e   0x00000002   PAD
    0x08023b50   0x08023b50   0x00000170   Code   RO         7769    i.parse_number      cjson.o
    0x08023cc0   0x08023cc0   0x0000014c   Code   RO         7770    i.parse_object      cjson.o
    0x08023e0c   0x08023e0c   0x0000018e   Code   RO         7771    i.parse_string      cjson.o
    0x08023f9a   0x08023f9a   0x00000002   PAD
    0x08023f9c   0x08023f9c   0x0000013c   Code   RO         7772    i.parse_value       cjson.o
    0x080240d8   0x080240d8   0x000000bc   Code   RO         7773    i.print             cjson.o
    0x08024194   0x08024194   0x000000be   Code   RO         7774    i.print_array       cjson.o
    0x08024252   0x08024252   0x00000002   PAD
    0x08024254   0x08024254   0x000001d0   Code   RO         5369    i.print_network_information  wiz_platform.o
    0x08024424   0x08024424   0x00000154   Code   RO         7775    i.print_number      cjson.o
    0x08024578   0x08024578   0x00000180   Code   RO         7776    i.print_object      cjson.o
    0x080246f8   0x080246f8   0x00000010   Code   RO         7777    i.print_string      cjson.o
    0x08024708   0x08024708   0x00000174   Code   RO         7778    i.print_string_ptr  cjson.o
    0x0802487c   0x0802487c   0x00000104   Code   RO         7779    i.print_value       cjson.o
    0x08024980   0x08024980   0x0000000c   Code   RO         6993    i.put16             dns.o
    0x0802498c   0x0802498c   0x00000098   Code   RO         9844    i.read              fal_flash_sfud_port.o
    0x08024a24   0x08024a24   0x0000000e   Code   RO         6620    i.readChar          mqttpacket.o
    0x08024a32   0x08024a32   0x0000001a   Code   RO         6621    i.readInt           mqttpacket.o
    0x08024a4c   0x08024a4c   0x0000003a   Code   RO         6622    i.readMQTTLenString  mqttpacket.o
    0x08024a86   0x08024a86   0x0000008c   Code   RO         6316    i.readPacket        mqttclient.o
    0x08024b12   0x08024b12   0x00000002   PAD
    0x08024b14   0x08024b14   0x00000168   Code   RO         9039    i.read_basic_header  sfud_sfdp.o
    0x08024c7c   0x08024c7c   0x00000610   Code   RO         9040    i.read_basic_table  sfud_sfdp.o
    0x0802528c   0x0802528c   0x000000e8   Code   RO         8898    i.read_jedec_id     sfud.o
    0x08025374   0x08025374   0x00000214   Code   RO         9279    i.read_kv           fdb_kvdb.o
    0x08025588   0x08025588   0x00000238   Code   RO         9280    i.read_sector_info  fdb_kvdb.o
    0x080257c0   0x080257c0   0x0000011c   Code   RO         9041    i.read_sfdp_data    sfud_sfdp.o
    0x080258dc   0x080258dc   0x0000018c   Code   RO         9042    i.read_sfdp_header  sfud_sfdp.o
    0x08025a68   0x08025a68   0x0000006c   Code   RO        10680    i.realloc           mc_w.l(mallocr.o)
    0x08025ad4   0x08025ad4   0x00000120   Code   RO         5523    i.recv              socket.o
    0x08025bf4   0x08025bf4   0x0000030c   Code   RO         5524    i.recvfrom          socket.o
    0x08025f00   0x08025f00   0x00000028   Code   RO         5612    i.reg_wizchip_cris_cbfunc  wizchip_conf.o
    0x08025f28   0x08025f28   0x00000028   Code   RO         5613    i.reg_wizchip_cs_cbfunc  wizchip_conf.o
    0x08025f50   0x08025f50   0x00000034   Code   RO         5614    i.reg_wizchip_spi_cbfunc  wizchip_conf.o
    0x08025f84   0x08025f84   0x00000034   Code   RO         5615    i.reg_wizchip_spiburst_cbfunc  wizchip_conf.o
    0x08025fb8   0x08025fb8   0x000000ec   Code   RO         8899    i.reset             sfud.o
    0x080260a4   0x080260a4   0x00000020   Code   RO         5918    i.reset_DHCP_timeout  dhcp.o
    0x080260c4   0x080260c4   0x00000028   Code   RO         9091    i.retry_delay_100us  sfud_port.o
    0x080260ec   0x080260ec   0x00000072   Code   RO         9281    i.sector_iterator   fdb_kvdb.o
    0x0802615e   0x0802615e   0x0000002e   Code   RO         9282    i.sector_statistics_cb  fdb_kvdb.o
    0x0802618c   0x0802618c   0x00000180   Code   RO         5525    i.send              socket.o
    0x0802630c   0x0802630c   0x00000060   Code   RO         6317    i.sendPacket        mqttclient.o
    0x0802636c   0x0802636c   0x00000200   Code   RO         5919    i.send_DHCP_DECLINE  dhcp.o
    0x0802656c   0x0802656c   0x00000298   Code   RO         5920    i.send_DHCP_DISCOVER  dhcp.o
    0x08026804   0x08026804   0x000003e8   Code   RO         5921    i.send_DHCP_REQUEST  dhcp.o
    0x08026bec   0x08026bec   0x0000020c   Code   RO         5526    i.sendto            socket.o
    0x08026df8   0x08026df8   0x0000012c   Code   RO         8900    i.set_4_byte_address_mode  sfud.o
    0x08026f24   0x08026f24   0x000000c0   Code   RO         7286    i.set_digital_info_callback  msh.o
    0x08026fe4   0x08026fe4   0x000000ca   Code   RO         9283    i.set_kv            fdb_kvdb.o
    0x080270ae   0x080270ae   0x00000002   PAD
    0x080270b0   0x080270b0   0x0000010c   Code   RO         8901    i.set_write_enabled  sfud.o
    0x080271bc   0x080271bc   0x00000150   Code   RO         8902    i.sfud_chip_erase   sfud.o
    0x0802730c   0x0802730c   0x00000090   Code   RO         8903    i.sfud_device_init  sfud.o
    0x0802739c   0x0802739c   0x00000210   Code   RO         8904    i.sfud_erase        sfud.o
    0x080275ac   0x080275ac   0x00000024   Code   RO         8906    i.sfud_get_device   sfud.o
    0x080275d0   0x080275d0   0x00000004   Code   RO         8907    i.sfud_get_device_num  sfud.o
    0x080275d4   0x080275d4   0x000000b8   Code   RO         8909    i.sfud_init         sfud.o
    0x0802768c   0x0802768c   0x00000054   Code   RO         9092    i.sfud_log_debug    sfud_port.o
    0x080276e0   0x080276e0   0x00000044   Code   RO         9093    i.sfud_log_info     sfud_port.o
    0x08027724   0x08027724   0x00000154   Code   RO         8910    i.sfud_read         sfud.o
    0x08027878   0x08027878   0x00000090   Code   RO         9043    i.sfud_read_sfdp    sfud_sfdp.o
    0x08027908   0x08027908   0x0000009c   Code   RO         8911    i.sfud_read_status  sfud.o
    0x080279a4   0x080279a4   0x000000d4   Code   RO         9044    i.sfud_sfdp_get_suitable_eraser  sfud_sfdp.o
    0x08027a78   0x08027a78   0x00000040   Code   RO         9094    i.sfud_spi_port_init  sfud_port.o
    0x08027ab8   0x08027ab8   0x0000004c   Code   RO         8912    i.sfud_write        sfud.o
    0x08027b04   0x08027b04   0x000000ec   Code   RO         8913    i.sfud_write_status  sfud.o
    0x08027bf0   0x08027bf0   0x0000003c   Code   RO         7783    i.skip_utf8_bom     cjson.o
    0x08027c2c   0x08027c2c   0x00000194   Code   RO         5528    i.socket            socket.o
    0x08027dc0   0x08027dc0   0x00000068   Code   RO         8914    i.software_init     sfud.o
    0x08027e28   0x08027e28   0x00000018   Code   RO         4698    i.spi_cs_set        app_w25qxx.o
    0x08027e40   0x08027e40   0x00000004   Code   RO         9095    i.spi_lock          sfud_port.o
    0x08027e44   0x08027e44   0x0000001c   Code   RO         4699    i.spi_recv          app_w25qxx.o
    0x08027e60   0x08027e60   0x0000001c   Code   RO         4700    i.spi_send          app_w25qxx.o
    0x08027e7c   0x08027e7c   0x00000004   Code   RO         9096    i.spi_unlock        sfud_port.o
    0x08027e80   0x08027e80   0x00000090   Code   RO         9097    i.spi_write_read    sfud_port.o
    0x08027f10   0x08027f10   0x0000001c   Code   RO        10370    i.strtod            m_ws.l(strtod.o)
    0x08027f2c   0x08027f2c   0x00000006   Code   RO         7784    i.suffix_object     cjson.o
    0x08027f32   0x08027f32   0x00000008   Code   RO         7287    i.system_reboot     msh.o
    0x08027f3a   0x08027f3a   0x00000002   PAD
    0x08027f3c   0x08027f3c   0x00000084   Code   RO         8656    i.temp_Optimize_filter  filter_manager.o
    0x08027fc0   0x08027fc0   0x0000002e   Code   RO         8577    i.tiny_md5          tiny_md5.o
    0x08027fee   0x08027fee   0x00000002   PAD
    0x08027ff0   0x08027ff0   0x000000d4   Code   RO         8578    i.tiny_md5_finish   tiny_md5.o
    0x080280c4   0x080280c4   0x00000024   Code   RO         8583    i.tiny_md5_starts   tiny_md5.o
    0x080280e8   0x080280e8   0x00000080   Code   RO         8584    i.tiny_md5_update   tiny_md5.o
    0x08028168   0x08028168   0x00000104   Code   RO         6172    i.udp_error_ack     app_w5500_udp.o
    0x0802826c   0x0802826c   0x00000210   Code   RO         6173    i.udp_message_proc  app_w5500_udp.o
    0x0802847c   0x0802847c   0x0000013c   Code   RO         6174    i.udp_tcp_client_connect_request_ack_proc  app_w5500_udp.o
    0x080285b8   0x080285b8   0x00000178   Code   RO         6175    i.udp_tcp_server_connect_request_ack_proc  app_w5500_udp.o
    0x08028730   0x08028730   0x00000120   Code   RO         9284    i.update_kv_cache   fdb_kvdb.o
    0x08028850   0x08028850   0x00000024   Code   RO         7785    i.update_offset     cjson.o
    0x08028874   0x08028874   0x0000007e   Code   RO         9285    i.update_sec_status  fdb_kvdb.o
    0x080288f2   0x080288f2   0x0000008c   Code   RO         9286    i.update_sector_cache  fdb_kvdb.o
    0x0802897e   0x0802897e   0x00000028   Code   RO         9287    i.update_sector_empty_addr_cache  fdb_kvdb.o
    0x080289a6   0x080289a6   0x0000001c   Code   RO         9288    i.update_sector_status_store_cache  fdb_kvdb.o
    0x080289c2   0x080289c2   0x0000012c   Code   RO         7786    i.utf16_literal_to_utf8  cjson.o
    0x08028aee   0x08028aee   0x00000002   PAD
    0x08028af0   0x08028af0   0x0000016c   Code   RO         4701    i.w25qxx_basic_init  app_w25qxx.o
    0x08028c5c   0x08028c5c   0x000002c4   Code   RO         4820    i.w25qxx_chip_erase  driver_w25qxx.o
    0x08028f20   0x08028f20   0x0000015c   Code   RO         4821    i.w25qxx_deinit     driver_w25qxx.o
    0x0802907c   0x0802907c   0x0000099c   Code   RO         4854    i.w25qxx_init       driver_w25qxx.o
    0x08029a18   0x08029a18   0x00000144   Code   RO         4867    i.w25qxx_set_address_mode  driver_w25qxx.o
    0x08029b5c   0x08029b5c   0x0000000e   Code   RO         4869    i.w25qxx_set_dual_quad_spi  driver_w25qxx.o
    0x08029b6a   0x08029b6a   0x00000010   Code   RO         4870    i.w25qxx_set_interface  driver_w25qxx.o
    0x08029b7a   0x08029b7a   0x0000000e   Code   RO         4875    i.w25qxx_set_type   driver_w25qxx.o
    0x08029b88   0x08029b88   0x00000004   Code   RO         4702    i.w25qxx_spi_deinit  app_w25qxx.o
    0x08029b8c   0x08029b8c   0x0000000c   Code   RO         4703    i.w25qxx_spi_delayms  app_w25qxx.o
    0x08029b98   0x08029b98   0x00000002   Code   RO         4704    i.w25qxx_spi_delayus  app_w25qxx.o
    0x08029b9a   0x08029b9a   0x00000004   Code   RO         4705    i.w25qxx_spi_init   app_w25qxx.o
    0x08029b9e   0x08029b9e   0x00000078   Code   RO         4706    i.w25qxx_spi_write_read  app_w25qxx.o
    0x08029c16   0x08029c16   0x0000000c   Code   RO         6231    i.w5x00_disconnect  mqtt_interface.o
    0x08029c22   0x08029c22   0x0000003e   Code   RO         6232    i.w5x00_read        mqtt_interface.o
    0x08029c60   0x08029c60   0x00000034   Code   RO         6233    i.w5x00_write       mqtt_interface.o
    0x08029c94   0x08029c94   0x000000d4   Code   RO         8915    i.wait_busy         sfud.o
    0x08029d68   0x08029d68   0x00000030   Code   RO         6318    i.waitfor           mqttclient.o
    0x08029d98   0x08029d98   0x000000c0   Code   RO         5370    i.wiz_dhcp_process  wiz_platform.o
    0x08029e58   0x08029e58   0x00000084   Code   RO         5843    i.wiz_recv_data     w5500.o
    0x08029edc   0x08029edc   0x00000066   Code   RO         5844    i.wiz_recv_ignore   w5500.o
    0x08029f42   0x08029f42   0x00000084   Code   RO         5845    i.wiz_send_data     w5500.o
    0x08029fc6   0x08029fc6   0x00000006   Code   RO         5616    i.wizchip_bus_readdata  wizchip_conf.o
    0x08029fcc   0x08029fcc   0x00000004   Code   RO         5617    i.wizchip_bus_writedata  wizchip_conf.o
    0x08029fd0   0x08029fd0   0x0000003c   Code   RO         5618    i.wizchip_clrinterrupt  wizchip_conf.o
    0x0802a00c   0x0802a00c   0x00000004   Code   RO         5371    i.wizchip_cris_enter  wiz_platform.o
    0x0802a010   0x0802a010   0x00000002   Code   RO         5619    i.wizchip_cris_enter  wizchip_conf.o
    0x0802a012   0x0802a012   0x00000004   Code   RO         5372    i.wizchip_cris_exit  wiz_platform.o
    0x0802a016   0x0802a016   0x00000002   Code   RO         5620    i.wizchip_cris_exit  wizchip_conf.o
    0x0802a018   0x0802a018   0x00000002   Code   RO         5621    i.wizchip_cs_deselect  wizchip_conf.o
    0x0802a01a   0x0802a01a   0x00000002   Code   RO         5622    i.wizchip_cs_select  wizchip_conf.o
    0x0802a01c   0x0802a01c   0x00000014   Code   RO         5373    i.wizchip_deselect  wiz_platform.o
    0x0802a030   0x0802a030   0x0000002a   Code   RO         5623    i.wizchip_getinterrupt  wizchip_conf.o
    0x0802a05a   0x0802a05a   0x00000028   Code   RO         5624    i.wizchip_getinterruptmask  wizchip_conf.o
    0x0802a082   0x0802a082   0x00000002   PAD
    0x0802a084   0x0802a084   0x0000005c   Code   RO         5625    i.wizchip_getnetinfo  wizchip_conf.o
    0x0802a0e0   0x0802a0e0   0x00000090   Code   RO         5628    i.wizchip_init      wizchip_conf.o
    0x0802a170   0x0802a170   0x00000030   Code   RO         5374    i.wizchip_initialize  wiz_platform.o
    0x0802a1a0   0x0802a1a0   0x0000001c   Code   RO         5375    i.wizchip_read_buff  wiz_platform.o
    0x0802a1bc   0x0802a1bc   0x0000001c   Code   RO         5376    i.wizchip_read_byte  wiz_platform.o
    0x0802a1d8   0x0802a1d8   0x00000038   Code   RO         5377    i.wizchip_reset     wiz_platform.o
    0x0802a210   0x0802a210   0x00000014   Code   RO         5378    i.wizchip_select    wiz_platform.o
    0x0802a224   0x0802a224   0x0000001e   Code   RO         5629    i.wizchip_setinterruptmask  wizchip_conf.o
    0x0802a242   0x0802a242   0x00000002   PAD
    0x0802a244   0x0802a244   0x00000058   Code   RO         5630    i.wizchip_setnetinfo  wizchip_conf.o
    0x0802a29c   0x0802a29c   0x00000044   Code   RO         5379    i.wizchip_spi_cb_reg  wiz_platform.o
    0x0802a2e0   0x0802a2e0   0x00000002   Code   RO         5633    i.wizchip_spi_readburst  wizchip_conf.o
    0x0802a2e2   0x0802a2e2   0x00000004   Code   RO         5634    i.wizchip_spi_readbyte  wizchip_conf.o
    0x0802a2e6   0x0802a2e6   0x00000002   Code   RO         5635    i.wizchip_spi_writeburst  wizchip_conf.o
    0x0802a2e8   0x0802a2e8   0x00000002   Code   RO         5636    i.wizchip_spi_writebyte  wizchip_conf.o
    0x0802a2ea   0x0802a2ea   0x00000072   Code   RO         5637    i.wizchip_sw_reset  wizchip_conf.o
    0x0802a35c   0x0802a35c   0x0000007c   Code   RO         5380    i.wizchip_version_check  wiz_platform.o
    0x0802a3d8   0x0802a3d8   0x0000001c   Code   RO         5381    i.wizchip_write_buff  wiz_platform.o
    0x0802a3f4   0x0802a3f4   0x00000018   Code   RO         5382    i.wizchip_write_byte  wiz_platform.o
    0x0802a40c   0x0802a40c   0x00000078   Code   RO         5638    i.wizphy_getphyconf  wizchip_conf.o
    0x0802a484   0x0802a484   0x00000018   Code   RO         5639    i.wizphy_getphylink  wizchip_conf.o
    0x0802a49c   0x0802a49c   0x0000001e   Code   RO         5640    i.wizphy_getphypmode  wizchip_conf.o
    0x0802a4ba   0x0802a4ba   0x00000034   Code   RO         5642    i.wizphy_reset      wizchip_conf.o
    0x0802a4ee   0x0802a4ee   0x00000058   Code   RO         5643    i.wizphy_setphyconf  wizchip_conf.o
    0x0802a546   0x0802a546   0x00000064   Code   RO         5644    i.wizphy_setphypmode  wizchip_conf.o
    0x0802a5aa   0x0802a5aa   0x00000002   PAD
    0x0802a5ac   0x0802a5ac   0x000000a0   Code   RO         9845    i.write             fal_flash_sfud_port.o
    0x0802a64c   0x0802a64c   0x00000028   Code   RO         6623    i.writeCString      mqttpacket.o
    0x0802a674   0x0802a674   0x0000000c   Code   RO         6624    i.writeChar         mqttpacket.o
    0x0802a680   0x0802a680   0x00000030   Code   RO         6625    i.writeInt          mqttpacket.o
    0x0802a6b0   0x0802a6b0   0x0000003e   Code   RO         6626    i.writeMQTTString   mqttpacket.o
    0x0802a6ee   0x0802a6ee   0x00000040   Code   RO         9289    i.write_kv_hdr      fdb_kvdb.o
    0x0802a72e   0x0802a72e   0x00000012   Data   RO         1446    .constdata          stm32f1xx_hal_rcc.o
    0x0802a740   0x0802a740   0x00000012   Data   RO         1542    .constdata          stm32f1xx_hal_rcc_ex.o
    0x0802a752   0x0802a752   0x00000018   Data   RO         4657    .constdata          system_stm32f1xx.o
    0x0802a76a   0x0802a76a   0x00000002   PAD
    0x0802a76c   0x0802a76c   0x00000058   Data   RO         6319    .constdata          mqttclient.o
    0x0802a7c4   0x0802a7c4   0x00000040   Data   RO         8585    .constdata          tiny_md5.o
    0x0802a804   0x0802a804   0x00000265   Data   RO         8916    .constdata          sfud.o
    0x0802aa69   0x0802aa69   0x00000070   Data   RO         9045    .constdata          sfud_sfdp.o
    0x0802aad9   0x0802aad9   0x00000019   Data   RO         9168    .constdata          fdb.o
    0x0802aaf2   0x0802aaf2   0x00000002   PAD
    0x0802aaf4   0x0802aaf4   0x00000057   Data   RO         9291    .constdata          fdb_kvdb.o
    0x0802ab4b   0x0802ab4b   0x00000001   PAD
    0x0802ab4c   0x0802ab4c   0x00000423   Data   RO         9731    .constdata          fdb_utils.o
    0x0802af6f   0x0802af6f   0x00000009   Data   RO         9801    .constdata          fal.o
    0x0802af78   0x0802af78   0x00000029   Data   RO         9822    .constdata          fal_flash.o
    0x0802afa1   0x0802afa1   0x00000011   Data   RO         9846    .constdata          fal_flash_sfud_port.o
    0x0802afb2   0x0802afb2   0x00000002   PAD
    0x0802afb4   0x0802afb4   0x00000179   Data   RO         9887    .constdata          fal_partition.o
    0x0802b12d   0x0802b12d   0x00000040   Data   RO        10798    .constdata          mc_w.l(ctype_c.o)
    0x0802b16d   0x0802b16d   0x00000003   PAD
    0x0802b170   0x0802b170   0x00000116   Data   RO         5384    .conststring        wiz_platform.o
    0x0802b286   0x0802b286   0x00000002   PAD
    0x0802b288   0x0802b288   0x00000088   Data   RO         6115    .conststring        app_w5500_tcp_client.o
    0x0802b310   0x0802b310   0x0000004b   Data   RO         6176    .conststring        app_w5500_udp.o
    0x0802b35b   0x0802b35b   0x00000001   PAD
    0x0802b35c   0x0802b35c   0x000001ef   Data   RO         6865    .conststring        app_w5500_mqtt.o
    0x0802b54b   0x0802b54b   0x00000001   PAD
    0x0802b54c   0x0802b54c   0x00000062   Data   RO         7144    .conststring        app_w5500_http.o
    0x0802b5ae   0x0802b5ae   0x00000002   PAD
    0x0802b5b0   0x0802b5b0   0x00000018   Data   RO         7425    .conststring        digital.o
    0x0802b5c8   0x0802b5c8   0x00000194   Data   RO         8917    .conststring        sfud.o
    0x0802b75c   0x0802b75c   0x0000038f   Data   RO         9046    .conststring        sfud_sfdp.o
    0x0802baeb   0x0802baeb   0x00000001   PAD
    0x0802baec   0x0802baec   0x00000093   Data   RO         9169    .conststring        fdb.o
    0x0802bb7f   0x0802bb7f   0x00000001   PAD
    0x0802bb80   0x0802bb80   0x00000170   Data   RO         9292    .conststring        fdb_kvdb.o
    0x0802bcf0   0x0802bcf0   0x0000005b   Data   RO         9823    .conststring        fal_flash.o
    0x0802bd4b   0x0802bd4b   0x00000001   PAD
    0x0802bd4c   0x0802bd4c   0x00000132   Data   RO         9888    .conststring        fal_partition.o
    0x0802be7e   0x0802be7e   0x00000002   PAD
    0x0802be80   0x0802be80   0x000001ca   Data   RO        10295    .conststring        ota.o
    0x0802c04a   0x0802c04a   0x00000002   PAD
    0x0802c04c   0x0802c04c   0x00000020   Data   RO        10800    Region$$Table       anon$$obj.o


    Execution Region RW_IRAM1 (Exec base: 0x20000000, Load base: 0x0802c06c, Size: 0x00008060, Max: 0x00010000, ABSOLUTE, COMPRESSED[0x000002d8])

    Exec Addr    Load Addr    Size         Type   Attr      Idx    E Section Name        Object

    0x20000000   COMPRESSED   0x00000009   Data   RW         1282    .data               stm32f1xx_hal.o
    0x20000009   COMPRESSED   0x00000003   PAD
    0x2000000c   COMPRESSED   0x00000004   Data   RW         4658    .data               system_stm32f1xx.o
    0x20000010   COMPRESSED   0x00000004   Data   RW         5272    .data               app_w5500.o
    0x20000014   COMPRESSED   0x00000017   Data   RW         5385    .data               wiz_platform.o
    0x2000002b   COMPRESSED   0x00000001   PAD
    0x2000002c   COMPRESSED   0x0000000e   Data   RW         5530    .data               socket.o
    0x2000003a   COMPRESSED   0x00000002   PAD
    0x2000003c   COMPRESSED   0x00000031   Data   RW         5645    .data               wizchip_conf.o
    0x2000006d   COMPRESSED   0x00000003   PAD
    0x20000070   COMPRESSED   0x00000050   Data   RW         5922    .data               dhcp.o
    0x200000c0   COMPRESSED   0x00000014   Data   RW         6052    .data               app_w5500_tcp_server.o
    0x200000d4   COMPRESSED   0x0000000e   Data   RW         6116    .data               app_w5500_tcp_client.o
    0x200000e2   COMPRESSED   0x00000008   Data   RW         6177    .data               app_w5500_udp.o
    0x200000ea   COMPRESSED   0x00000002   PAD
    0x200000ec   COMPRESSED   0x00000004   Data   RW         6234    .data               mqtt_interface.o
    0x200000f0   COMPRESSED   0x00000004   Data   RW         6627    .data               mqttpacket.o
    0x200000f4   COMPRESSED   0x000000c2   Data   RW         6866    .data               app_w5500_mqtt.o
    0x200001b6   COMPRESSED   0x00000002   PAD
    0x200001b8   COMPRESSED   0x0000000d   Data   RW         6994    .data               dns.o
    0x200001c5   COMPRESSED   0x00000003   PAD
    0x200001c8   COMPRESSED   0x00000067   Data   RW         7072    .data               app_w5500_ntp.o
    0x2000022f   COMPRESSED   0x00000001   PAD
    0x20000230   COMPRESSED   0x00000009   Data   RW         7145    .data               app_w5500_http.o
    0x20000239   COMPRESSED   0x00000003   PAD
    0x2000023c   COMPRESSED   0x00000010   Data   RW         7228    .data               sntp.o
    0x2000024c   COMPRESSED   0x00000334   Data   RW         7289    .data               msh.o
    0x20000580   COMPRESSED   0x0000008c   Data   RW         7426    .data               digital.o
    0x2000060c   COMPRESSED   0x00000002   Data   RW         7496    .data               temp.o
    0x2000060e   COMPRESSED   0x00000002   PAD
    0x20000610   COMPRESSED   0x00000021   Data   RW         7560    .data               stts22htr.o
    0x20000631   COMPRESSED   0x00000003   PAD
    0x20000634   COMPRESSED   0x00000014   Data   RW         7788    .data               cjson.o
    0x20000648   COMPRESSED   0x00000028   Data   RW         8657    .data               filter_manager.o
    0x20000670   COMPRESSED   0x0000000c   Data   RW         8710    .data               average_filter.o
    0x2000067c   COMPRESSED   0x0000000c   Data   RW         8745    .data               clipping_filter.o
    0x20000688   COMPRESSED   0x0000000c   Data   RW         8787    .data               median_filter.o
    0x20000694   COMPRESSED   0x00000014   Data   RW         8825    .data               iir_filter.o
    0x200006a8   COMPRESSED   0x0000000c   Data   RW         8861    .data               compensation_filter.o
    0x200006b4   COMPRESSED   0x00000074   Data   RW         8918    .data               sfud.o
    0x20000728   COMPRESSED   0x00000008   Data   RW         9099    .data               sfud_port.o
    0x20000730   COMPRESSED   0x00000001   Data   RW         9170    .data               fdb.o
    0x20000731   COMPRESSED   0x00000001   Data   RW         9802    .data               fal.o
    0x20000732   COMPRESSED   0x00000001   Data   RW         9824    .data               fal_flash.o
    0x20000733   COMPRESSED   0x00000001   PAD
    0x20000734   COMPRESSED   0x0000003c   Data   RW         9847    .data               fal_flash_sfud_port.o
    0x20000770   COMPRESSED   0x0000000c   Data   RW         9889    .data               fal_partition.o
    0x2000077c   COMPRESSED   0x00000004   Data   RW         9964    .data               app_flashdb.o
    0x20000780   COMPRESSED   0x00000002   Data   RW        10296    .data               ota.o
    0x20000782   COMPRESSED   0x00000002   PAD
    0x20000784   COMPRESSED   0x00000004   Data   RW        10763    .data               mc_w.l(stdout.o)
    0x20000788   COMPRESSED   0x00000004   Data   RW        10770    .data               mc_w.l(mvars.o)
    0x2000078c   COMPRESSED   0x00000004   Data   RW        10771    .data               mc_w.l(mvars.o)
    0x20000790        -       0x00000200   Zero   RW           19    .bss                main.o
    0x20000990        -       0x00000030   Zero   RW          395    .bss                adc.o
    0x200009c0        -       0x00000028   Zero   RW          437    .bss                can.o
    0x200009e8        -       0x00000054   Zero   RW          503    .bss                i2c.o
    0x20000a3c        -       0x000000b0   Zero   RW          546    .bss                spi.o
    0x20000aec        -       0x00000090   Zero   RW          595    .bss                tim.o
    0x20000b7c        -       0x000001a4   Zero   RW          649    .bss                usart.o
    0x20000d20        -       0x00001128   Zero   RW         4707    .bss                app_w25qxx.o
    0x20001e48        -       0x00000018   Zero   RW         5271    .bss                app_w5500.o
    0x20001e60        -       0x00000800   Zero   RW         5383    .bss                wiz_platform.o
    0x20002660        -       0x00000010   Zero   RW         5529    .bss                socket.o
    0x20002670        -       0x000011c0   Zero   RW         6864    .bss                app_w5500_mqtt.o
    0x20003830        -       0x00000180   Zero   RW         7071    .bss                app_w5500_ntp.o
    0x200039b0        -       0x00001b5c   Zero   RW         7143    .bss                app_w5500_http.o
    0x2000550c   COMPRESSED   0x00000004   PAD
    0x20005510        -       0x00000068   Zero   RW         7227    .bss                sntp.o
    0x20005578        -       0x00000060   Zero   RW         7288    .bss                msh.o
    0x200055d8        -       0x000000ac   Zero   RW         7558    .bss                stts22htr.o
    0x20005684        -       0x0000001c   Zero   RW         8709    .bss                average_filter.o
    0x200056a0        -       0x00000014   Zero   RW         8744    .bss                clipping_filter.o
    0x200056b4        -       0x00000030   Zero   RW         8786    .bss                median_filter.o
    0x200056e4        -       0x0000000c   Zero   RW         8860    .bss                compensation_filter.o
    0x200056f0        -       0x00000100   Zero   RW         9098    .bss                sfud_port.o
    0x200057f0        -       0x0000000c   Zero   RW         9886    .bss                fal_partition.o
    0x200057fc        -       0x0000036c   Zero   RW         9963    .bss                app_flashdb.o
    0x20005b68        -       0x000010f4   Zero   RW        10294    .bss                ota.o
    0x20006c5c   COMPRESSED   0x00000004   PAD
    0x20006c60        -       0x00001000   Zero   RW            2    HEAP                startup_stm32f103xe.o
    0x20007c60        -       0x00000400   Zero   RW            1    STACK               startup_stm32f103xe.o


==============================================================================

Image component sizes


      Code (inc. data)   RO Data    RW Data    ZI Data      Debug   Object Name

       200         22          0          0         48       1609   adc.o
       396        180          0          4        876       2738   app_flashdb.o
       764        314          0          0       4392      12878   app_w25qxx.o
       356        116          0          4         24       9675   app_w5500.o
      3500       1406         98          9       7004      11016   app_w5500_http.o
      2188       1188        495        194       4544      14160   app_w5500_mqtt.o
      1084        374          0        103        384       4824   app_w5500_ntp.o
       880        348        136         14          0       3670   app_w5500_tcp_client.o
      1760        730          0         20          0       4648   app_w5500_tcp_server.o
      2086        870         75          8          0       6003   app_w5500_udp.o
       132         16          0         12         28       3734   average_filter.o
       224         22          0          0         40       1587   can.o
      5500        196          0         20          0      38923   cjson.o
       104         18          0         12         20       3823   clipping_filter.o
        64         16          0         12         12       3434   compensation_filter.o
      4566        330          0         80          0      16292   dhcp.o
       236         14         24        140          0       4239   digital.o
        84          4          0          0          0        738   dma.o
      1278         66          0         13          0       9810   dns.o
      4038        938          0          0          0      14788   driver_w25qxx.o
       276        178          9          1          0        795   fal.o
       484        220        132          1          0       2065   fal_flash.o
       524        244         17         60          0       3317   fal_flash_sfud_port.o
      2428       1256        683         12         12       8980   fal_partition.o
       900        414        172          1          0       8743   fdb.o
         0          0          0          0          0       6096   fdb_file.o
      8534       1932        455          0          0      43284   fdb_kvdb.o
       868        188       1059          0          0       9061   fdb_utils.o
       180         10          0         40          0       6411   filter_manager.o
       308         18          0          0          0       1007   gpio.o
       176         24          0          0         84       1561   i2c.o
        84         16          0         20          0       3550   iir_filter.o
       512        120          0          0        512     537297   main.o
       304         12          0         12         48       4565   median_filter.o
       324         38          0          4          0       8225   mqtt_interface.o
      1848         18         88          0          0      16532   mqttclient.o
       690         18          0          0          0       7309   mqttconnectclient.o
       276          0          0          0          0       2788   mqttdeserializepublish.o
       600         18          0          4          0      10380   mqttpacket.o
       324          0          0          0          0       2850   mqttserializepublish.o
       366          0          0          0          0       3527   mqttsubscribeclient.o
      3444       1936          0        820         96      13180   msh.o
      4984       2756        458          2       4340      35229   ota.o
      5396       2236       1017        116          0      21056   sfud.o
       408         90          0          8        256      11114   sfud_port.o
      2948       1378       1023          0          0      11053   sfud_sfdp.o
      1680        118          0         16        104       5323   sntp.o
      3238         88          0         14         16       8944   socket.o
       384         40          0          0        176       2198   spi.o
        36          8        304          0       5120        792   startup_stm32f103xe.o
       204         42          0          9          0       6912   stm32f1xx_hal.o
      1700         64          0          0          0       7003   stm32f1xx_hal_adc.o
       284          6          0          0          0       1442   stm32f1xx_hal_adc_ex.o
       988          0          0          0          0       9799   stm32f1xx_hal_can.o
       372         30          0          0          0      29954   stm32f1xx_hal_cortex.o
      1770         28          0          0          0       5214   stm32f1xx_hal_dma.o
       860         40          0          0          0       3287   stm32f1xx_hal_gpio.o
         0          0          0          0          0     529816   stm32f1xx_hal_gpio_ex.o
      3124         50          0          0          0      11474   stm32f1xx_hal_i2c.o
        84          8          0          0          0        874   stm32f1xx_hal_msp.o
      1816        108         18          0          0       6489   stm32f1xx_hal_rcc.o
       584         34         18          0          0       2361   stm32f1xx_hal_rcc_ex.o
      2010          6          0          0          0       7398   stm32f1xx_hal_spi.o
      2258        102          0          0          0      15592   stm32f1xx_hal_tim.o
       160         22          0          0          0       2393   stm32f1xx_hal_tim_ex.o
      2602         22          0          0          0      15285   stm32f1xx_hal_uart.o
       222         62          0          0          0       7996   stm32f1xx_it.o
       706        106          0         33        172       9565   stts22htr.o
        16          8         24          4          0       1175   system_stm32f1xx.o
       336         44          0          2          0       2287   temp.o
       484         36          0          0        144       3005   tim.o
      2738        268         64          0          0       5701   tiny_md5.o
       740         72          0          0        420       3145   usart.o
      1090         16          0          0          0       6662   w5500.o
      1164        432        278         23       2048       8328   wiz_platform.o
      1524         94          0         49          0      20615   wizchip_conf.o

    ----------------------------------------------------------------------
     99872      22242       6699       1924      30928    1689593   Object Totals
         0          0         32          0          0          0   (incl. Generated)
        72          0         20         28          8          0   (incl. Padding)

    ----------------------------------------------------------------------

      Code (inc. data)   RO Data    RW Data    ZI Data      Debug   Library Member Name

        28          0          0          0          0         80   strtod.o
        56          8          0          0          0         84   __0sscanf.o
        86          0          0          0          0          0   __dczerorl2.o
        28          0          0          0          0         68   _chval.o
       816          6          0          0          0        112   _scanf.o
       332          0          0          0          0         96   _scanf_int.o
       224          0          0          0          0         96   _scanf_str.o
        64          0          0          0          0         84   _sgetc.o
        40          6         64          0          0         68   ctype_c.o
         0          0          0          0          0          0   entry.o
         0          0          0          0          0          0   entry10a.o
         0          0          0          0          0          0   entry11a.o
         4          0          0          0          0          0   entry12b.o
         8          4          0          0          0          0   entry2.o
         4          0          0          0          0          0   entry5.o
         0          0          0          0          0          0   entry7b.o
         0          0          0          0          0          0   entry8b.o
         8          4          0          0          0          0   entry9a.o
        30          0          0          0          0          0   handlers.o
        36          8          0          0          0         68   init.o
        10          0          0          0          0         68   isspace_c.o
         0          0          0          0          0          0   iusefp.o
        30          0          0          0          0         68   llshl.o
        36          0          0          0          0         68   llsshr.o
        32          0          0          0          0         68   llushr.o
       360         30          0          0          0        356   mallocr.o
        26          0          0          0          0         80   memcmp.o
        36          0          0          0          0         68   memcpya.o
        36          0          0          0          0        108   memseta.o
         0          0          0          8          0          0   mvars.o
      2430        112          0          0          0        932   printfa.o
        40          8          0          0          0         84   scanf_char.o
       878         12          0          0          0        216   scanf_fp.o
         0          0          0          4          0          0   stdout.o
        20          0          0          0          0         68   strchr.o
        28          0          0          0          0         76   strcmp.o
        18          0          0          0          0         68   strcpy.o
        14          0          0          0          0         68   strlen.o
        30          0          0          0          0         80   strncmp.o
        24          0          0          0          0         76   strncpy.o
        28          0          0          0          0         80   strspn.o
        36          0          0          0          0         80   strstr.o
       156         12          0          0          0        120   strtod.o
        12          0          0          0          0         68   tolower.o
        44          0          0          0          0         80   uidiv.o
        98          0          0          0          0         92   uldiv.o
        48          0          0          0          0         68   cdcmple.o
        48          0          0          0          0         68   cdrcmple.o
        20          0          0          0          0         68   cfrcmple.o
        56          0          0          0          0         88   d2f.o
       334          0          0          0          0        148   dadd.o
       222          0          0          0          0        100   ddiv.o
       186          0          0          0          0        176   depilogue.o
        62          0          0          0          0         80   dfixi.o
        48          0          0          0          0         68   dfixul.o
        34          0          0          0          0         76   dflti.o
        26          0          0          0          0         76   dfltui.o
        24          0          0          0          0         76   dfltul.o
       228          0          0          0          0         96   dmul.o
        38          0          0          0          0         68   f2d.o
       176          0          0          0          0        140   fadd.o
       124          0          0          0          0         88   fdiv.o
       110          0          0          0          0        168   fepilogue.o
        50          0          0          0          0         68   ffixi.o
        18          0          0          0          0         68   fflti.o
        10          0          0          0          0         68   ffltui.o
       100          0          0          0          0         76   fmul.o

    ----------------------------------------------------------------------
      8158        210         67         12          0       5760   Library Totals
        10          0          3          0          0          0   (incl. Padding)

    ----------------------------------------------------------------------

      Code (inc. data)   RO Data    RW Data    ZI Data      Debug   Library Name

        28          0          0          0          0         80   m_ws.l
      6158        210         64         12          0       3748   mc_w.l
      1962          0          0          0          0       1932   mf_w.l

    ----------------------------------------------------------------------
      8158        210         67         12          0       5760   Library Totals

    ----------------------------------------------------------------------

==============================================================================


      Code (inc. data)   RO Data    RW Data    ZI Data      Debug   

    108030      22452       6766       1936      30928    1661525   Grand Totals
    108030      22452       6766        728      30928    1661525   ELF Image Totals (compressed)
    108030      22452       6766        728          0          0   ROM Totals

==============================================================================

    Total RO  Size (Code + RO Data)               114796 ( 112.11kB)
    Total RW  Size (RW Data + ZI Data)             32864 (  32.09kB)
    Total ROM Size (Code + RO Data + RW Data)     115524 ( 112.82kB)

==============================================================================

