<html>
<body>
<pre>
<h1>µVision Build Log</h1>
<h2>Tool Versions:</h2>
IDE-Version: ¦ÌVision V5.43.1.0
Copyright (C) 2025 ARM Ltd and ARM Germany GmbH. All rights reserved.
License Information: LZQ Administrator, LZQ, LIC=W96CK-Z013C-68EFC-7RST6-L42UL-A2SCT
 
Tool Versions:
Toolchain:       MDK-ARM Professional  Version: 5.43.0.0
Toolchain Path:  E:\KEIL\CORE\ARM\ARM_Compiler_5.06u7\Bin
C Compiler:      Armcc.exe V5.06 update 7 (build 960)
Assembler:       Armasm.exe V5.06 update 7 (build 960)
Linker/Locator:  ArmLink.exe V5.06 update 7 (build 960)
Library Manager: ArmAr.exe V5.06 update 7 (build 960)
Hex Converter:   FromElf.exe V5.06 update 7 (build 960)
CPU DLL:         SARMCM3.DLL V5.43.0.0
Dialog DLL:      DCM.DLL V1.17.5.0
Target DLL:      CMSIS_AGDI.dll V1.33.24.0
Dialog DLL:      TCM.DLL V1.56.6.0
 
<h2>Project:</h2>
E:\project\myproject\myCard\wlan\V2.2\bootloader\MDK-ARM\bootloader.uvprojx
Project File Date:  08/02/2026

<h2>Output:</h2>
*** Using Compiler 'V5.06 update 7 (build 960)', folder: 'E:\KEIL\CORE\ARM\ARM_Compiler_5.06u7\Bin'
Build Project 'bootloader' - Target 'bootloader'
compiling fdb_file.c...
compiling fdb.c...
compiling fdb_utils.c...
compiling app_flashdb.c...
compiling fdb_kvdb.c...
compiling fal.c...
compiling fal_flash.c...
compiling driver_w25qxx.c...
compiling fal_flash_sfud_port.c...
compiling fal_partition.c...
compiling fal_rtt.c...
compiling system_stm32f1xx.c...
compiling app_w25qxx.c...
compiling sfud.c...
compiling hal_flash.c...
compiling stm32f1xx_hal_flash_ex.c...
compiling stm32f1xx_hal_exti.c...
compiling sfud_sfdp.c...
compiling bootloader.c...
E:\project\myproject\myCard\wlan\V2.2\bootloader\BSP\bootloader\bootloader.c(32): warning:  #177-D: function "crc32_calc"  was declared but never referenced
  static uint32_t crc32_calc(uint8_t *data, uint32_t len)
..\BSP\bootloader\bootloader.c: 1 warning, 0 errors
compiling stm32f1xx_hal_gpio.c...
compiling stm32f1xx_hal_uart.c...
compiling sfud_port.c...
linking...
Program Size: Code=35280 RO-data=5492 RW-data=228 ZI-data=11100  
FromELF: creating hex file...
"bootloader\bootloader.axf" - 0 Error(s), 1 Warning(s).

<h2>Software Packages used:</h2>

Package Vendor: ARM
                https://www.keil.com/pack/ARM.CMSIS.6.3.0.pack
                ARM::CMSIS@6.3.0
                CMSIS (Common Microcontroller Software Interface Standard)
   * Component: CORE Version: 6.2.0

Package Vendor: Keil
                https://www.keil.com/pack/Keil.STM32F1xx_DFP.2.4.1.pack
                Keil::STM32F1xx_DFP@2.4.1
                STMicroelectronics STM32F1 Series Device Support, Drivers and Examples

<h2>Collection of Component include folders:</h2>
  ./RTE/_bootloader
  E:/KEIL/PACK/ARM/CMSIS/6.3.0/CMSIS/Core/Include
  E:/KEIL/PACK/Keil/STM32F1xx_DFP/2.4.1/Device/Include

<h2>Collection of Component Files used:</h2>

   * Component: ARM::CMSIS:CORE@6.2.0
      Include file:  CMSIS/Core/Include/tz_context.h
Build Time Elapsed:  00:00:06
</pre>
</body>
</html>
