Component: ARM Compiler 5.06 update 7 (build 960) Tool: armlink [4d3601]

==============================================================================

Section Cross References

    startup_stm32f103xe.o(RESET) refers to startup_stm32f103xe.o(STACK) for __initial_sp
    startup_stm32f103xe.o(RESET) refers to startup_stm32f103xe.o(.text) for Reset_Handler
    startup_stm32f103xe.o(RESET) refers to stm32f1xx_it.o(i.NMI_Handler) for NMI_Handler
    startup_stm32f103xe.o(RESET) refers to stm32f1xx_it.o(i.HardFault_Handler) for HardFault_Handler
    startup_stm32f103xe.o(RESET) refers to stm32f1xx_it.o(i.MemManage_Handler) for MemManage_Handler
    startup_stm32f103xe.o(RESET) refers to stm32f1xx_it.o(i.BusFault_Handler) for BusFault_Handler
    startup_stm32f103xe.o(RESET) refers to stm32f1xx_it.o(i.UsageFault_Handler) for UsageFault_Handler
    startup_stm32f103xe.o(RESET) refers to stm32f1xx_it.o(i.SVC_Handler) for SVC_Handler
    startup_stm32f103xe.o(RESET) refers to stm32f1xx_it.o(i.DebugMon_Handler) for DebugMon_Handler
    startup_stm32f103xe.o(RESET) refers to stm32f1xx_it.o(i.PendSV_Handler) for PendSV_Handler
    startup_stm32f103xe.o(RESET) refers to stm32f1xx_it.o(i.SysTick_Handler) for SysTick_Handler
    startup_stm32f103xe.o(.text) refers to system_stm32f1xx.o(i.SystemInit) for SystemInit
    startup_stm32f103xe.o(.text) refers to entry.o(.ARM.Collect$$$$00000000) for __main
    main.o(i.SystemClock_Config) refers to memseta.o(.text) for __aeabi_memclr4
    main.o(i.SystemClock_Config) refers to stm32f1xx_hal_rcc.o(i.HAL_RCC_OscConfig) for HAL_RCC_OscConfig
    main.o(i.SystemClock_Config) refers to stm32f1xx_hal_rcc.o(i.HAL_RCC_ClockConfig) for HAL_RCC_ClockConfig
    main.o(i.fputc) refers to stm32f1xx_hal_uart.o(i.HAL_UART_Transmit) for HAL_UART_Transmit
    main.o(i.fputc) refers to usart.o(.bss) for huart1
    main.o(i.main) refers to stm32f1xx_hal.o(i.HAL_Init) for HAL_Init
    main.o(i.main) refers to main.o(i.SystemClock_Config) for SystemClock_Config
    main.o(i.main) refers to gpio.o(i.MX_GPIO_Init) for MX_GPIO_Init
    main.o(i.main) refers to spi.o(i.MX_SPI2_Init) for MX_SPI2_Init
    main.o(i.main) refers to usart.o(i.MX_USART1_UART_Init) for MX_USART1_UART_Init
    main.o(i.main) refers to app_flashdb.o(i.app_flashdb_init) for app_flashdb_init
    main.o(i.main) refers to printfa.o(i.__0printf) for __2printf
    main.o(i.main) refers to bootloader.o(i.bootloader_poll) for bootloader_poll
    gpio.o(i.MX_GPIO_Init) refers to stm32f1xx_hal_gpio.o(i.HAL_GPIO_WritePin) for HAL_GPIO_WritePin
    gpio.o(i.MX_GPIO_Init) refers to stm32f1xx_hal_gpio.o(i.HAL_GPIO_Init) for HAL_GPIO_Init
    spi.o(i.HAL_SPI_MspDeInit) refers to stm32f1xx_hal_gpio.o(i.HAL_GPIO_DeInit) for HAL_GPIO_DeInit
    spi.o(i.HAL_SPI_MspInit) refers to stm32f1xx_hal_gpio.o(i.HAL_GPIO_Init) for HAL_GPIO_Init
    spi.o(i.MX_SPI2_Init) refers to stm32f1xx_hal_spi.o(i.HAL_SPI_Init) for HAL_SPI_Init
    spi.o(i.MX_SPI2_Init) refers to main.o(i.Error_Handler) for Error_Handler
    spi.o(i.MX_SPI2_Init) refers to spi.o(.bss) for .bss
    usart.o(i.HAL_UART_MspDeInit) refers to stm32f1xx_hal_gpio.o(i.HAL_GPIO_DeInit) for HAL_GPIO_DeInit
    usart.o(i.HAL_UART_MspInit) refers to stm32f1xx_hal_gpio.o(i.HAL_GPIO_Init) for HAL_GPIO_Init
    usart.o(i.MX_USART1_UART_Init) refers to stm32f1xx_hal_uart.o(i.HAL_UART_Init) for HAL_UART_Init
    usart.o(i.MX_USART1_UART_Init) refers to main.o(i.Error_Handler) for Error_Handler
    usart.o(i.MX_USART1_UART_Init) refers to usart.o(.bss) for .bss
    stm32f1xx_it.o(i.SysTick_Handler) refers to stm32f1xx_hal.o(i.HAL_IncTick) for HAL_IncTick
    stm32f1xx_hal_spi.o(i.HAL_SPI_Abort) refers to stm32f1xx_hal_dma.o(i.HAL_DMA_Abort) for HAL_DMA_Abort
    stm32f1xx_hal_spi.o(i.HAL_SPI_Abort) refers to system_stm32f1xx.o(.data) for SystemCoreClock
    stm32f1xx_hal_spi.o(i.HAL_SPI_Abort) refers to stm32f1xx_hal_spi.o(i.SPI_AbortTx_ISR) for SPI_AbortTx_ISR
    stm32f1xx_hal_spi.o(i.HAL_SPI_Abort) refers to stm32f1xx_hal_spi.o(i.SPI_AbortRx_ISR) for SPI_AbortRx_ISR
    stm32f1xx_hal_spi.o(i.HAL_SPI_Abort_IT) refers to stm32f1xx_hal_dma.o(i.HAL_DMA_Abort_IT) for HAL_DMA_Abort_IT
    stm32f1xx_hal_spi.o(i.HAL_SPI_Abort_IT) refers to stm32f1xx_hal_spi.o(i.HAL_SPI_AbortCpltCallback) for HAL_SPI_AbortCpltCallback
    stm32f1xx_hal_spi.o(i.HAL_SPI_Abort_IT) refers to system_stm32f1xx.o(.data) for SystemCoreClock
    stm32f1xx_hal_spi.o(i.HAL_SPI_Abort_IT) refers to stm32f1xx_hal_spi.o(i.SPI_AbortTx_ISR) for SPI_AbortTx_ISR
    stm32f1xx_hal_spi.o(i.HAL_SPI_Abort_IT) refers to stm32f1xx_hal_spi.o(i.SPI_AbortRx_ISR) for SPI_AbortRx_ISR
    stm32f1xx_hal_spi.o(i.HAL_SPI_Abort_IT) refers to stm32f1xx_hal_spi.o(i.SPI_DMATxAbortCallback) for SPI_DMATxAbortCallback
    stm32f1xx_hal_spi.o(i.HAL_SPI_Abort_IT) refers to stm32f1xx_hal_spi.o(i.SPI_DMARxAbortCallback) for SPI_DMARxAbortCallback
    stm32f1xx_hal_spi.o(i.HAL_SPI_DMAStop) refers to stm32f1xx_hal_dma.o(i.HAL_DMA_Abort) for HAL_DMA_Abort
[...]
    i.bootloader_poll                        0x080035bc   Section        0  bootloader.o(i.bootloader_poll)
    i.check_and_recovery_gc_cb               0x08003690   Section        0  fdb_kvdb.o(i.check_and_recovery_gc_cb)
    check_and_recovery_gc_cb                 0x08003691   Thumb Code    30  fdb_kvdb.o(i.check_and_recovery_gc_cb)
    i.check_and_recovery_kv_cb               0x080036b0   Section        0  fdb_kvdb.o(i.check_and_recovery_kv_cb)
    check_and_recovery_kv_cb                 0x080036b1   Thumb Code   202  fdb_kvdb.o(i.check_and_recovery_kv_cb)
    i.check_and_update_part_cache            0x080037f4   Section        0  fal_partition.o(i.check_and_update_part_cache)
    check_and_update_part_cache              0x080037f5   Thumb Code   126  fal_partition.o(i.check_and_update_part_cache)
    i.check_oldest_addr_cb                   0x080038e8   Section        0  fdb_kvdb.o(i.check_oldest_addr_cb)
    check_oldest_addr_cb                     0x080038e9   Thumb Code    28  fdb_kvdb.o(i.check_oldest_addr_cb)
    i.check_sec_hdr_cb                       0x08003904   Section        0  fdb_kvdb.o(i.check_sec_hdr_cb)
    check_sec_hdr_cb                         0x08003905   Thumb Code    84  fdb_kvdb.o(i.check_sec_hdr_cb)
    i.clear_upgrade_flag                     0x080039ac   Section        0  bootloader.o(i.clear_upgrade_flag)
    clear_upgrade_flag                       0x080039ad   Thumb Code    14  bootloader.o(i.clear_upgrade_flag)
    i.create_kv_blob                         0x080039c4   Section        0  fdb_kvdb.o(i.create_kv_blob)
    create_kv_blob                           0x080039c5   Thumb Code   460  fdb_kvdb.o(i.create_kv_blob)
    i.del_kv                                 0x08003c58   Section        0  fdb_kvdb.o(i.del_kv)
    del_kv                                   0x08003c59   Thumb Code   276  fdb_kvdb.o(i.del_kv)
    i.do_gc                                  0x08003dd4   Section        0  fdb_kvdb.o(i.do_gc)
    do_gc                                    0x08003dd5   Thumb Code   292  fdb_kvdb.o(i.do_gc)
    i.erase                                  0x08003fc4   Section        0  fal_flash_sfud_port.o(i.erase)
    erase                                    0x08003fc5   Thumb Code    68  fal_flash_sfud_port.o(i.erase)
    i.fal_flash_device_find                  0x08004050   Section        0  fal_flash.o(i.fal_flash_device_find)
    i.fal_flash_init                         0x080040c4   Section        0  fal_flash.o(i.fal_flash_init)
    i.fal_init                               0x080041e8   Section        0  fal.o(i.fal_init)
    i.fal_partition_erase                    0x080042e4   Section        0  fal_partition.o(i.fal_partition_erase)
    i.fal_partition_find                     0x08004440   Section        0  fal_partition.o(i.fal_partition_find)
    i.fal_partition_init                     0x080044b0   Section        0  fal_partition.o(i.fal_partition_init)
    i.fal_partition_read                     0x080044dc   Section        0  fal_partition.o(i.fal_partition_read)
    i.fal_partition_write                    0x0800464c   Section        0  fal_partition.o(i.fal_partition_write)
    i.fal_show_part_table                    0x080047c0   Section        0  fal_partition.o(i.fal_show_part_table)
    i.fdb_blob_make                          0x08004a04   Section        0  fdb_utils.o(i.fdb_blob_make)
    i.fdb_calc_crc32                         0x08004a0c   Section        0  fdb_utils.o(i.fdb_calc_crc32)
    i.fdb_kv_get_blob                        0x08004a30   Section        0  fdb_kvdb.o(i.fdb_kv_get_blob)
    i.fdb_kv_set_blob                        0x08004b00   Section        0  fdb_kvdb.o(i.fdb_kv_set_blob)
    i.fdb_kv_set_default                     0x08004b94   Section        0  fdb_kvdb.o(i.fdb_kv_set_default)
    i.fdb_kvdb_init                          0x08004c30   Section        0  fdb_kvdb.o(i.fdb_kvdb_init)
    i.find_kv                                0x08004e20   Section        0  fdb_kvdb.o(i.find_kv)
    find_kv                                  0x08004e21   Thumb Code    78  fdb_kvdb.o(i.find_kv)
    i.find_kv_cb                             0x08004e6e   Section        0  fdb_kvdb.o(i.find_kv_cb)
    find_kv_cb                               0x08004e6f   Thumb Code    54  fdb_kvdb.o(i.find_kv_cb)
    i.find_kv_no_cache                       0x08004ea4   Section        0  fdb_kvdb.o(i.find_kv_no_cache)
    find_kv_no_cache                         0x08004ea5   Thumb Code    30  fdb_kvdb.o(i.find_kv_no_cache)
    i.find_next_kv_addr                      0x08004ec8   Section        0  fdb_kvdb.o(i.find_next_kv_addr)
    find_next_kv_addr                        0x08004ec9   Thumb Code   148  fdb_kvdb.o(i.find_next_kv_addr)
    i.flash_device_find_by_part              0x08004f60   Section        0  fal_partition.o(i.flash_device_find_by_part)
    flash_device_find_by_part                0x08004f61   Thumb Code    58  fal_partition.o(i.flash_device_find_by_part)
    i.flash_erase                            0x08005014   Section        0  hal_flash.o(i.flash_erase)
    i.flash_read                             0x0800508c   Section        0  hal_flash.o(i.flash_read)
    i.flash_write                            0x080050b8   Section        0  hal_flash.o(i.flash_write)
    i.format_sector                          0x08005130   Section        0  fdb_kvdb.o(i.format_sector)
    format_sector                            0x08005131   Thumb Code   164  fdb_kvdb.o(i.format_sector)
    i.fputc                                  0x08005234   Section        0  main.o(i.fputc)
    i.gc_check_cb                            0x0800524c   Section        0  fdb_kvdb.o(i.gc_check_cb)
    gc_check_cb                              0x0800524d   Thumb Code    18  fdb_kvdb.o(i.gc_check_cb)
    i.gc_collect                             0x0800525e   Section        0  fdb_kvdb.o(i.gc_collect)
    gc_collect                               0x0800525f   Thumb Code     6  fdb_kvdb.o(i.gc_collect)
    i.gc_collect_by_free_size                0x08005264   Section        0  fdb_kvdb.o(i.gc_collect_by_free_size)
    gc_collect_by_free_size                  0x08005265   Thumb Code   122  fdb_kvdb.o(i.gc_collect_by_free_size)
    i.get_kv_from_cache                      0x0800536c   Section        0  fdb_kvdb.o(i.get_kv_from_cache)
    get_kv_from_cache                        0x0800536d   Thumb Code   134  fdb_kvdb.o(i.get_kv_from_cache)
    i.get_next_kv_addr                       0x080053f2   Section        0  fdb_kvdb.o(i.get_next_kv_addr)
    get_next_kv_addr                         0x080053f3   Thumb Code    86  fdb_kvdb.o(i.get_next_kv_addr)
    i.get_next_sector_addr                   0x08005448   Section        0  fdb_kvdb.o(i.get_next_sector_addr)
    get_next_sector_addr                     0x08005449   Thumb Code    42  fdb_kvdb.o(i.get_next_sector_addr)
    i.get_sector_from_cache                  0x08005474   Section        0  fdb_kvdb.o(i.get_sector_from_cache)
    get_sector_from_cache                    0x08005475   Thumb Code    44  fdb_kvdb.o(i.get_sector_from_cache)
    i.hardware_init                          0x080054a0   Section        0  sfud.o(i.hardware_init)
    hardware_init                            0x080054a1   Thumb Code   380  sfud.o(i.hardware_init)
    i.init                                   0x0800570c   Section        0  fal_flash_sfud_port.o(i.init)
    init                                     0x0800570d   Thumb Code    34  fal_flash_sfud_port.o(i.init)
    i.kv_iterator                            0x08005734   Section        0  fdb_kvdb.o(i.kv_iterator)
    kv_iterator                              0x08005735   Thumb Code   114  fdb_kvdb.o(i.kv_iterator)
    i.main                                   0x080057a8   Section        0  main.o(i.main)
    i.make_adress_byte_array                 0x08005810   Section        0  sfud.o(i.make_adress_byte_array)
    make_adress_byte_array                   0x08005811   Thumb Code    82  sfud.o(i.make_adress_byte_array)
    i.move_kv                                0x080058b8   Section        0  fdb_kvdb.o(i.move_kv)
    move_kv                                  0x080058b9   Thumb Code   334  fdb_kvdb.o(i.move_kv)
    i.new_kv                                 0x08005a84   Section        0  fdb_kvdb.o(i.new_kv)
    new_kv                                   0x08005a85   Thumb Code   136  fdb_kvdb.o(i.new_kv)
    i.page256_or_1_byte_write                0x08005b98   Section        0  sfud.o(i.page256_or_1_byte_write)
    page256_or_1_byte_write                  0x08005b99   Thumb Code   324  sfud.o(i.page256_or_1_byte_write)
    i.read                                   0x08005db4   Section        0  fal_flash_sfud_port.o(i.read)
    read                                     0x08005db5   Thumb Code    62  fal_flash_sfud_port.o(i.read)
    i.read_basic_header                      0x08005e3c   Section        0  sfud_sfdp.o(i.read_basic_header)
    read_basic_header                        0x08005e3d   Thumb Code   164  sfud_sfdp.o(i.read_basic_header)
    i.read_basic_table                       0x08005f84   Section        0  sfud_sfdp.o(i.read_basic_table)
    read_basic_table                         0x08005f85   Thumb Code   592  sfud_sfdp.o(i.read_basic_table)
    i.read_jedec_id                          0x08006494   Section        0  sfud.o(i.read_jedec_id)
    read_jedec_id                            0x08006495   Thumb Code   108  sfud.o(i.read_jedec_id)
    i.read_kv                                0x08006538   Section        0  fdb_kvdb.o(i.read_kv)
    read_kv                                  0x08006539   Thumb Code   358  fdb_kvdb.o(i.read_kv)
    i.read_sector_info                       0x08006720   Section        0  fdb_kvdb.o(i.read_sector_info)
    read_sector_info                         0x08006721   Thumb Code   400  fdb_kvdb.o(i.read_sector_info)
    i.read_sfdp_data                         0x08006918   Section        0  sfud_sfdp.o(i.read_sfdp_data)
    read_sfdp_data                           0x08006919   Thumb Code   130  sfud_sfdp.o(i.read_sfdp_data)
    i.read_sfdp_header                       0x08006a20   Section        0  sfud_sfdp.o(i.read_sfdp_header)
    read_sfdp_header                         0x08006a21   Thumb Code   144  sfud_sfdp.o(i.read_sfdp_header)
    i.reset                                  0x08006b9c   Section        0  sfud.o(i.reset)
    reset                                    0x08006b9d   Thumb Code   102  sfud.o(i.reset)
    i.retry_delay_100us                      0x08006c4c   Section        0  sfud_port.o(i.retry_delay_100us)
    retry_delay_100us                        0x08006c4d   Thumb Code    26  sfud_port.o(i.retry_delay_100us)
    i.sector_iterator                        0x08006c70   Section        0  fdb_kvdb.o(i.sector_iterator)
    sector_iterator                          0x08006c71   Thumb Code   102  fdb_kvdb.o(i.sector_iterator)
    i.sector_statistics_cb                   0x08006cd6   Section        0  fdb_kvdb.o(i.sector_statistics_cb)
    sector_statistics_cb                     0x08006cd7   Thumb Code    34  fdb_kvdb.o(i.sector_statistics_cb)
    i.set_4_byte_address_mode                0x08006cf8   Section        0  sfud.o(i.set_4_byte_address_mode)
    set_4_byte_address_mode                  0x08006cf9   Thumb Code   116  sfud.o(i.set_4_byte_address_mode)
    i.set_kv                                 0x08006e18   Section        0  fdb_kvdb.o(i.set_kv)
    set_kv                                   0x08006e19   Thumb Code   166  fdb_kvdb.o(i.set_kv)
    i.set_write_enabled                      0x08006ec0   Section        0  sfud.o(i.set_write_enabled)
    set_write_enabled                        0x08006ec1   Thumb Code    96  sfud.o(i.set_write_enabled)
    i.sfud_chip_erase                        0x08006f90   Section        0  sfud.o(i.sfud_chip_erase)
    i.sfud_device_init                       0x080070cc   Section        0  sfud.o(i.sfud_device_init)
    i.sfud_erase                             0x080071b0   Section        0  sfud.o(i.sfud_erase)
    i.sfud_get_device                        0x080073ac   Section        0  sfud.o(i.sfud_get_device)
    i.sfud_init                              0x080073bc   Section        0  sfud.o(i.sfud_init)
    i.sfud_log_debug                         0x08007454   Section        0  sfud_port.o(i.sfud_log_debug)
    i.sfud_log_info                          0x0800749c   Section        0  sfud_port.o(i.sfud_log_info)
    i.sfud_read                              0x080074d8   Section        0  sfud.o(i.sfud_read)
    i.sfud_read_sfdp                         0x0800761c   Section        0  sfud_sfdp.o(i.sfud_read_sfdp)
    i.sfud_read_status                       0x080076b0   Section        0  sfud.o(i.sfud_read_status)
    i.sfud_sfdp_get_suitable_eraser          0x08007748   Section        0  sfud_sfdp.o(i.sfud_sfdp_get_suitable_eraser)
    i.sfud_spi_port_init                     0x08007800   Section        0  sfud_port.o(i.sfud_spi_port_init)
    i.sfud_write                             0x0800783c   Section        0  sfud.o(i.sfud_write)
    i.sfud_write_status                      0x08007868   Section        0  sfud.o(i.sfud_write_status)
    i.spi_cs_set                             0x08007948   Section        0  app_w25qxx.o(i.spi_cs_set)
    spi_cs_set                               0x08007949   Thumb Code    18  app_w25qxx.o(i.spi_cs_set)
    i.spi_lock                               0x08007960   Section        0  sfud_port.o(i.spi_lock)
    spi_lock                                 0x08007961   Thumb Code     4  sfud_port.o(i.spi_lock)
    i.spi_unlock                             0x08007964   Section        0  sfud_port.o(i.spi_unlock)
    spi_unlock                               0x08007965   Thumb Code     4  sfud_port.o(i.spi_unlock)
    i.spi_write_read                         0x08007968   Section        0  sfud_port.o(i.spi_write_read)
    spi_write_read                           0x08007969   Thumb Code   118  sfud_port.o(i.spi_write_read)
    i.update_kv_cache                        0x080079e4   Section        0  fdb_kvdb.o(i.update_kv_cache)
    update_kv_cache                          0x080079e5   Thumb Code   170  fdb_kvdb.o(i.update_kv_cache)
    i.update_sec_status                      0x08007a8e   Section        0  fdb_kvdb.o(i.update_sec_status)
    update_sec_status                        0x08007a8f   Thumb Code   118  fdb_kvdb.o(i.update_sec_status)
    i.update_sector_cache                    0x08007b04   Section        0  fdb_kvdb.o(i.update_sector_cache)
    update_sector_cache                      0x08007b05   Thumb Code    96  fdb_kvdb.o(i.update_sector_cache)
    i.update_sector_empty_addr_cache         0x08007b64   Section        0  fdb_kvdb.o(i.update_sector_empty_addr_cache)
    update_sector_empty_addr_cache           0x08007b65   Thumb Code    28  fdb_kvdb.o(i.update_sector_empty_addr_cache)
    i.update_sector_status_store_cache       0x08007b80   Section        0  fdb_kvdb.o(i.update_sector_status_store_cache)
    update_sector_status_store_cache         0x08007b81   Thumb Code    16  fdb_kvdb.o(i.update_sector_status_store_cache)
    i.upgrade_firmware                       0x08007b90   Section        0  bootloader.o(i.upgrade_firmware)
    upgrade_firmware                         0x08007b91   Thumb Code   314  bootloader.o(i.upgrade_firmware)
    i.w25qxx_basic_init                      0x08007ed4   Section        0  app_w25qxx.o(i.w25qxx_basic_init)
    i.w25qxx_deinit                          0x08008018   Section        0  driver_w25qxx.o(i.w25qxx_deinit)
    i.w25qxx_init                            0x08008124   Section        0  driver_w25qxx.o(i.w25qxx_init)
    i.w25qxx_set_address_mode                0x080087e4   Section        0  driver_w25qxx.o(i.w25qxx_set_address_mode)
    i.w25qxx_set_dual_quad_spi               0x08008904   Section        0  driver_w25qxx.o(i.w25qxx_set_dual_quad_spi)
    i.w25qxx_set_interface                   0x08008910   Section        0  driver_w25qxx.o(i.w25qxx_set_interface)
    i.w25qxx_set_type                        0x0800891e   Section        0  driver_w25qxx.o(i.w25qxx_set_type)
    i.w25qxx_spi_deinit                      0x0800892a   Section        0  app_w25qxx.o(i.w25qxx_spi_deinit)
    i.w25qxx_spi_delayms                     0x0800892e   Section        0  app_w25qxx.o(i.w25qxx_spi_delayms)
    i.w25qxx_spi_delayus                     0x08008932   Section        0  app_w25qxx.o(i.w25qxx_spi_delayus)
    i.w25qxx_spi_init                        0x08008934   Section        0  app_w25qxx.o(i.w25qxx_spi_init)
    i.w25qxx_spi_write_read                  0x08008938   Section        0  app_w25qxx.o(i.w25qxx_spi_write_read)
    i.wait_busy                              0x080089a4   Section        0  sfud.o(i.wait_busy)
    wait_busy                                0x080089a5   Thumb Code    86  sfud.o(i.wait_busy)
    i.write                                  0x08008a70   Section        0  fal_flash_sfud_port.o(i.write)
    write                                    0x08008a71   Thumb Code    70  fal_flash_sfud_port.o(i.write)
    .constdata                               0x08008b00   Section       18  stm32f1xx_hal_rcc.o(.constdata)
    aPredivFactorTable                       0x08008b00   Data           2  stm32f1xx_hal_rcc.o(.constdata)
    aPLLMULFactorTable                       0x08008b02   Data          16  stm32f1xx_hal_rcc.o(.constdata)
    .constdata                               0x08008b12   Section       16  system_stm32f1xx.o(.constdata)
    .constdata                               0x08008b22   Section        8  system_stm32f1xx.o(.constdata)
    .constdata                               0x08008b2a   Section       25  fdb.o(.constdata)
    __func__                                 0x08008b2a   Data          13  fdb.o(.constdata)
    __func__                                 0x08008b37   Data          12  fdb.o(.constdata)
    .constdata                               0x08008b44   Section       87  fdb_kvdb.o(.constdata)
    __func__                                 0x08008b44   Data          17  fdb_kvdb.o(.constdata)
    __func__                                 0x08008b55   Data          14  fdb_kvdb.o(.constdata)
    __func__                                 0x08008b7c   Data          17  fdb_kvdb.o(.constdata)
    __func__                                 0x08008b8d   Data          14  fdb_kvdb.o(.constdata)
    .constdata                               0x08008b9c   Section     1059  fdb_utils.o(.constdata)
    crc32_table                              0x08008b9c   Data        1024  fdb_utils.o(.constdata)
    __func__                                 0x08008f9c   Data          18  fdb_utils.o(.constdata)
    __func__                                 0x08008fae   Data          17  fdb_utils.o(.constdata)
    .constdata                               0x08008fbf   Section        9  fal.o(.constdata)
    __func__                                 0x08008fbf   Data           9  fal.o(.constdata)
    .constdata                               0x08008fc8   Section       41  fal_flash.o(.constdata)
    device_table                             0x08008fc8   Data           4  fal_flash.o(.constdata)
    __func__                                 0x08008fcc   Data          15  fal_flash.o(.constdata)
    __func__                                 0x08008fdb   Data          22  fal_flash.o(.constdata)
    .constdata                               0x08008ff1   Section       17  fal_flash_sfud_port.o(.constdata)
    __func__                                 0x08008ff1   Data           5  fal_flash_sfud_port.o(.constdata)
    __func__                                 0x08008ff6   Data           6  fal_flash_sfud_port.o(.constdata)
    __func__                                 0x08008ffc   Data           6  fal_flash_sfud_port.o(.constdata)
    .constdata                               0x08009004   Section      377  fal_partition.o(.constdata)
    partition_table_def                      0x08009004   Data         192  fal_partition.o(.constdata)
    __func__                                 0x080090c4   Data          28  fal_partition.o(.constdata)
    __func__                                 0x080090e0   Data          19  fal_partition.o(.constdata)
    __func__                                 0x080090f3   Data          26  fal_partition.o(.constdata)
    __func__                                 0x0800910d   Data          24  fal_partition.o(.constdata)
    __func__                                 0x08009125   Data          29  fal_partition.o(.constdata)
    __func__                                 0x08009142   Data          19  fal_partition.o(.constdata)
    __func__                                 0x08009155   Data          20  fal_partition.o(.constdata)
    __func__                                 0x08009169   Data          20  fal_partition.o(.constdata)
    .constdata                               0x08009180   Section      615  sfud.o(.constdata)
    __FUNCTION__                             0x08009180   Data           6  sfud.o(.constdata)
    mf_table                                 0x08009188   Data         120  sfud.o(.constdata)
    flash_chip_table                         0x08009200   Data         264  sfud.o(.constdata)
    __FUNCTION__                             0x08009308   Data          14  sfud.o(.constdata)
    __FUNCTION__                             0x08009316   Data          14  sfud.o(.constdata)
    __FUNCTION__                             0x08009324   Data          10  sfud.o(.constdata)
    __FUNCTION__                             0x0800932e   Data          16  sfud.o(.constdata)
    __FUNCTION__                             0x0800933e   Data          11  sfud.o(.constdata)
    __FUNCTION__                             0x08009349   Data          24  sfud.o(.constdata)
    __FUNCTION__                             0x08009361   Data          10  sfud.o(.constdata)
    __FUNCTION__                             0x0800936b   Data          14  sfud.o(.constdata)
    __FUNCTION__                             0x08009379   Data          18  sfud.o(.constdata)
    __FUNCTION__                             0x0800938b   Data          24  sfud.o(.constdata)
    __FUNCTION__                             0x080093a3   Data          17  sfud.o(.constdata)
    __FUNCTION__                             0x080093b4   Data          10  sfud.o(.constdata)
    __FUNCTION__                             0x080093be   Data          23  sfud.o(.constdata)
    __FUNCTION__                             0x080093d5   Data          18  sfud.o(.constdata)
    .constdata                               0x080093e7   Section      112  sfud_sfdp.o(.constdata)
    __FUNCTION__                             0x080093e7   Data          15  sfud_sfdp.o(.constdata)
    __FUNCTION__                             0x080093f6   Data          17  sfud_sfdp.o(.constdata)
    __FUNCTION__                             0x08009407   Data          18  sfud_sfdp.o(.constdata)
    __FUNCTION__                             0x08009419   Data          17  sfud_sfdp.o(.constdata)
    __FUNCTION__                             0x0800942a   Data          15  sfud_sfdp.o(.constdata)
    __FUNCTION__                             0x08009439   Data          30  sfud_sfdp.o(.constdata)
    .conststring                             0x08009458   Section      529  bootloader.o(.conststring)
    .conststring                             0x0800966c   Section      147  fdb.o(.conststring)
    .conststring                             0x08009700   Section      368  fdb_kvdb.o(.conststring)
    .conststring                             0x08009870   Section       91  fal_flash.o(.conststring)
    .conststring                             0x080098cc   Section      306  fal_partition.o(.conststring)
    .conststring                             0x08009a00   Section      404  sfud.o(.conststring)
    .conststring                             0x08009b94   Section      911  sfud_sfdp.o(.conststring)
    .data                                    0x20000000   Section       12  stm32f1xx_hal.o(.data)
    .data                                    0x2000000c   Section        4  system_stm32f1xx.o(.data)
    .data                                    0x20000010   Section        1  fdb.o(.data)
    log_is_show                              0x20000010   Data           1  fdb.o(.data)
    .data                                    0x20000014   Section        4  app_flashdb.o(.data)
    boot                                     0x20000014   Data           4  app_flashdb.o(.data)
    .data                                    0x20000018   Section        1  fal.o(.data)
    init_ok                                  0x20000018   Data           1  fal.o(.data)
    .data                                    0x20000019   Section        1  fal_flash.o(.data)
    init_ok                                  0x20000019   Data           1  fal_flash.o(.data)
    .data                                    0x2000001c   Section       60  fal_flash_sfud_port.o(.data)
    sfud_dev                                 0x2000001c   Data           4  fal_flash_sfud_port.o(.data)
    .data                                    0x20000058   Section       12  fal_partition.o(.data)
    init_ok                                  0x20000058   Data           1  fal_partition.o(.data)
    partition_table                          0x2000005c   Data           4  fal_partition.o(.data)
    partition_table_len                      0x20000060   Data           4  fal_partition.o(.data)
    .data                                    0x20000064   Section      116  sfud.o(.data)
    .data                                    0x200000d8   Section        8  sfud_port.o(.data)
    spi2_dev                                 0x200000d8   Data           8  sfud_port.o(.data)
    .data                                    0x200000e0   Section        4  stdout.o(.data)
    .bss                                     0x200000e4   Section       88  spi.o(.bss)
    .bss                                     0x2000013c   Section       72  usart.o(.bss)
    .bss                                     0x20000188   Section       32  stm32f1xx_hal_flash.o(.bss)
    .bss                                     0x200001a8   Section     4344  bootloader.o(.bss)
    chunk_buf                                0x200002a0   Data        4096  bootloader.o(.bss)
    .bss                                     0x200012a0   Section     4392  app_w25qxx.o(.bss)
    gs_handle                                0x200012a0   Data        4392  app_w25qxx.o(.bss)
    .bss                                     0x200023c8   Section      876  app_flashdb.o(.bss)
    kvdb_obj                                 0x200023c8   Data         876  app_flashdb.o(.bss)
    .bss                                     0x20002734   Section       12  fal_partition.o(.bss)
    part_flash_cache                         0x20002734   Data          12  fal_partition.o(.bss)
    .bss                                     0x20002740   Section      256  sfud_port.o(.bss)
    log_buf                                  0x20002740   Data         256  sfud_port.o(.bss)
    STACK                                    0x20002840   Section     1024  startup_stm32f103xe.o(STACK)

    Global Symbols

    Symbol Name                              Value     Ov Type        Size  Object(Section)

    BuildAttributes$$THM_ISAv4$P$D$K$B$S$PE$A:L22UL41UL21$X:L11$S22US41US21$IEEE1$IW$USESV6$~STKCKD$USESV7$~SHL$OTIME$ROPI$EBA8$MICROLIB$REQ8$PRES8$EABIv2 0x00000000   Number         0  anon$$obj.o ABSOLUTE
    __ARM_use_no_argv                        0x00000000   Number         0  main.o ABSOLUTE
    _printf_a                                0x00000000   Number         0  stubs.o ABSOLUTE
    _printf_c                                0x00000000   Number         0  stubs.o ABSOLUTE
    _printf_charcount                        0x00000000   Number         0  stubs.o ABSOLUTE
    _printf_d                                0x00000000   Number         0  stubs.o ABSOLUTE
    _printf_e                                0x00000000   Number         0  stubs.o ABSOLUTE
    _printf_f                                0x00000000   Number         0  stubs.o ABSOLUTE
    _printf_flags                            0x00000000   Number         0  stubs.o ABSOLUTE
    _printf_fp_dec                           0x00000000   Number         0  stubs.o ABSOLUTE
    _printf_fp_hex                           0x00000000   Number         0  stubs.o ABSOLUTE
    _printf_g                                0x00000000   Number         0  stubs.o ABSOLUTE
    _printf_i                                0x00000000   Number         0  stubs.o ABSOLUTE
    _printf_int_dec                          0x00000000   Number         0  stubs.o ABSOLUTE
    _printf_l                                0x00000000   Number         0  stubs.o ABSOLUTE
    _printf_lc                               0x00000000   Number         0  stubs.o ABSOLUTE
    _printf_ll                               0x00000000   Number         0  stubs.o ABSOLUTE
    _printf_lld                              0x00000000   Number         0  stubs.o ABSOLUTE
    _printf_lli                              0x00000000   Number         0  stubs.o ABSOLUTE
    _printf_llo                              0x00000000   Number         0  stubs.o ABSOLUTE
    _printf_llu                              0x00000000   Number         0  stubs.o ABSOLUTE
    _printf_llx                              0x00000000   Number         0  stubs.o ABSOLUTE
    _printf_longlong_dec                     0x00000000   Number         0  stubs.o ABSOLUTE
    _printf_longlong_hex                     0x00000000   Number         0  stubs.o ABSOLUTE
    _printf_longlong_oct                     0x00000000   Number         0  stubs.o ABSOLUTE
    _printf_ls                               0x00000000   Number         0  stubs.o ABSOLUTE
    _printf_mbtowc                           0x00000000   Number         0  stubs.o ABSOLUTE
    _printf_n                                0x00000000   Number         0  stubs.o ABSOLUTE
    _printf_o                                0x00000000   Number         0  stubs.o ABSOLUTE
    _printf_p                                0x00000000   Number         0  stubs.o ABSOLUTE
    _printf_percent                          0x00000000   Number         0  stubs.o ABSOLUTE
    _printf_pre_padding                      0x00000000   Number         0  stubs.o ABSOLUTE
    _printf_return_value                     0x00000000   Number         0  stubs.o ABSOLUTE
    _printf_s                                0x00000000   Number         0  stubs.o ABSOLUTE
    _printf_sizespec                         0x00000000   Number         0  stubs.o ABSOLUTE
    _printf_str                              0x00000000   Number         0  stubs.o ABSOLUTE
    _printf_truncate_signed                  0x00000000   Number         0  stubs.o ABSOLUTE
    _printf_truncate_unsigned                0x00000000   Number         0  stubs.o ABSOLUTE
    _printf_u                                0x00000000   Number         0  stubs.o ABSOLUTE
    _printf_wc                               0x00000000   Number         0  stubs.o ABSOLUTE
    _printf_wctomb                           0x00000000   Number         0  stubs.o ABSOLUTE
    _printf_widthprec                        0x00000000   Number         0  stubs.o ABSOLUTE
    _printf_x                                0x00000000   Number         0  stubs.o ABSOLUTE
    __arm_fini_                               - Undefined Weak Reference
    __cpp_initialize__aeabi_                  - Undefined Weak Reference
    __cxa_finalize                            - Undefined Weak Reference
    __decompress                              - Undefined Weak Reference
    _clock_init                               - Undefined Weak Reference
    _microlib_exit                            - Undefined Weak Reference
    __Vectors_Size                           0x00000130   Number         0  startup_stm32f103xe.o ABSOLUTE
    __Vectors                                0x08000000   Data           4  startup_stm32f103xe.o(RESET)
    __Vectors_End                            0x08000130   Data           0  startup_stm32f103xe.o(RESET)
    __main                                   0x08000131   Thumb Code     0  entry.o(.ARM.Collect$$$$00000000)
    _main_stk                                0x08000131   Thumb Code     0  entry2.o(.ARM.Collect$$$$00000001)
    _main_scatterload                        0x08000135   Thumb Code     0  entry5.o(.ARM.Collect$$$$00000004)
    __main_after_scatterload                 0x08000139   Thumb Code     0  entry5.o(.ARM.Collect$$$$00000004)
    _main_clock                              0x08000139   Thumb Code     0  entry7b.o(.ARM.Collect$$$$00000008)
    _main_cpp_init                           0x08000139   Thumb Code     0  entry8b.o(.ARM.Collect$$$$0000000A)
    _main_init                               0x08000139   Thumb Code     0  entry9a.o(.ARM.Collect$$$$0000000B)
    __rt_lib_shutdown_fini                   0x08000141   Thumb Code     0  entry12b.o(.ARM.Collect$$$$0000000E)
    __rt_final_cpp                           0x08000145   Thumb Code     0  entry10a.o(.ARM.Collect$$$$0000000F)
    __rt_final_exit                          0x08000145   Thumb Code     0  entry11a.o(.ARM.Collect$$$$00000011)
    Reset_Handler                            0x08000149   Thumb Code     8  startup_stm32f103xe.o(.text)
    ADC1_2_IRQHandler                        0x08000163   Thumb Code     0  startup_stm32f103xe.o(.text)
    ADC3_IRQHandler                          0x08000163   Thumb Code     0  startup_stm32f103xe.o(.text)
    CAN1_RX1_IRQHandler                      0x08000163   Thumb Code     0  startup_stm32f103xe.o(.text)
    CAN1_SCE_IRQHandler                      0x08000163   Thumb Code     0  startup_stm32f103xe.o(.text)
    DMA1_Channel1_IRQHandler                 0x08000163   Thumb Code     0  startup_stm32f103xe.o(.text)
    DMA1_Channel2_IRQHandler                 0x08000163   Thumb Code     0  startup_stm32f103xe.o(.text)
    DMA1_Channel3_IRQHandler                 0x08000163   Thumb Code     0  startup_stm32f103xe.o(.text)
    DMA1_Channel4_IRQHandler                 0x08000163   Thumb Code     0  startup_stm32f103xe.o(.text)
    DMA1_Channel5_IRQHandler                 0x08000163   Thumb Code     0  startup_stm32f103xe.o(.text)
    DMA1_Channel6_IRQHandler                 0x08000163   Thumb Code     0  startup_stm32f103xe.o(.text)
    DMA1_Channel7_IRQHandler                 0x08000163   Thumb Code     0  startup_stm32f103xe.o(.text)
    DMA2_Channel1_IRQHandler                 0x08000163   Thumb Code     0  startup_stm32f103xe.o(.text)
    DMA2_Channel2_IRQHandler                 0x08000163   Thumb Code     0  startup_stm32f103xe.o(.text)
    DMA2_Channel3_IRQHandler                 0x08000163   Thumb Code     0  startup_stm32f103xe.o(.text)
    DMA2_Channel4_5_IRQHandler               0x08000163   Thumb Code     0  startup_stm32f103xe.o(.text)
    EXTI0_IRQHandler                         0x08000163   Thumb Code     0  startup_stm32f103xe.o(.text)
    EXTI15_10_IRQHandler                     0x08000163   Thumb Code     0  startup_stm32f103xe.o(.text)
    EXTI1_IRQHandler                         0x08000163   Thumb Code     0  startup_stm32f103xe.o(.text)
    EXTI2_IRQHandler                         0x08000163   Thumb Code     0  startup_stm32f103xe.o(.text)
    EXTI3_IRQHandler                         0x08000163   Thumb Code     0  startup_stm32f103xe.o(.text)
    EXTI4_IRQHandler                         0x08000163   Thumb Code     0  startup_stm32f103xe.o(.text)
    EXTI9_5_IRQHandler                       0x08000163   Thumb Code     0  startup_stm32f103xe.o(.text)
    FLASH_IRQHandler                         0x08000163   Thumb Code     0  startup_stm32f103xe.o(.text)
    FSMC_IRQHandler                          0x08000163   Thumb Code     0  startup_stm32f103xe.o(.text)
    I2C1_ER_IRQHandler                       0x08000163   Thumb Code     0  startup_stm32f103xe.o(.text)
    I2C1_EV_IRQHandler                       0x08000163   Thumb Code     0  startup_stm32f103xe.o(.text)
    I2C2_ER_IRQHandler                       0x08000163   Thumb Code     0  startup_stm32f103xe.o(.text)
    I2C2_EV_IRQHandler                       0x08000163   Thumb Code     0  startup_stm32f103xe.o(.text)
    PVD_IRQHandler                           0x08000163   Thumb Code     0  startup_stm32f103xe.o(.text)
    RCC_IRQHandler                           0x08000163   Thumb Code     0  startup_stm32f103xe.o(.text)
    RTC_Alarm_IRQHandler                     0x08000163   Thumb Code     0  startup_stm32f103xe.o(.text)
    RTC_IRQHandler                           0x08000163   Thumb Code     0  startup_stm32f103xe.o(.text)
    SDIO_IRQHandler                          0x08000163   Thumb Code     0  startup_stm32f103xe.o(.text)
    SPI1_IRQHandler                          0x08000163   Thumb Code     0  startup_stm32f103xe.o(.text)
    SPI2_IRQHandler                          0x08000163   Thumb Code     0  startup_stm32f103xe.o(.text)
    SPI3_IRQHandler                          0x08000163   Thumb Code     0  startup_stm32f103xe.o(.text)
    TAMPER_IRQHandler                        0x08000163   Thumb Code     0  startup_stm32f103xe.o(.text)
    TIM1_BRK_IRQHandler                      0x08000163   Thumb Code     0  startup_stm32f103xe.o(.text)
    TIM1_CC_IRQHandler                       0x08000163   Thumb Code     0  startup_stm32f103xe.o(.text)
    TIM1_TRG_COM_IRQHandler                  0x08000163   Thumb Code     0  startup_stm32f103xe.o(.text)
    TIM1_UP_IRQHandler                       0x08000163   Thumb Code     0  startup_stm32f103xe.o(.text)
    TIM2_IRQHandler                          0x08000163   Thumb Code     0  startup_stm32f103xe.o(.text)
    TIM3_IRQHandler                          0x08000163   Thumb Code     0  startup_stm32f103xe.o(.text)
    TIM4_IRQHandler                          0x08000163   Thumb Code     0  startup_stm32f103xe.o(.text)
    TIM5_IRQHandler                          0x08000163   Thumb Code     0  startup_stm32f103xe.o(.text)
    TIM6_IRQHandler                          0x08000163   Thumb Code     0  startup_stm32f103xe.o(.text)
    TIM7_IRQHandler                          0x08000163   Thumb Code     0  startup_stm32f103xe.o(.text)
    TIM8_BRK_IRQHandler                      0x08000163   Thumb Code     0  startup_stm32f103xe.o(.text)
    TIM8_CC_IRQHandler                       0x08000163   Thumb Code     0  startup_stm32f103xe.o(.text)
    TIM8_TRG_COM_IRQHandler                  0x08000163   Thumb Code     0  startup_stm32f103xe.o(.text)
    TIM8_UP_IRQHandler                       0x08000163   Thumb Code     0  startup_stm32f103xe.o(.text)
    UART4_IRQHandler                         0x08000163   Thumb Code     0  startup_stm32f103xe.o(.text)
    UART5_IRQHandler                         0x08000163   Thumb Code     0  startup_stm32f103xe.o(.text)
    USART1_IRQHandler                        0x08000163   Thumb Code     0  startup_stm32f103xe.o(.text)
    USART2_IRQHandler                        0x08000163   Thumb Code     0  startup_stm32f103xe.o(.text)
    USART3_IRQHandler                        0x08000163   Thumb Code     0  startup_stm32f103xe.o(.text)
    USBWakeUp_IRQHandler                     0x08000163   Thumb Code     0  startup_stm32f103xe.o(.text)
    USB_HP_CAN1_TX_IRQHandler                0x08000163   Thumb Code     0  startup_stm32f103xe.o(.text)
    USB_LP_CAN1_RX0_IRQHandler               0x08000163   Thumb Code     0  startup_stm32f103xe.o(.text)
    WWDG_IRQHandler                          0x08000163   Thumb Code     0  startup_stm32f103xe.o(.text)
    __aeabi_llsr                             0x0800016d   Thumb Code    32  llushr.o(.text)
    _ll_ushift_r                             0x0800016d   Thumb Code     0  llushr.o(.text)
    __aeabi_memcpy                           0x0800018d   Thumb Code    36  memcpya.o(.text)
    __aeabi_memcpy4                          0x0800018d   Thumb Code     0  memcpya.o(.text)
    __aeabi_memcpy8                          0x0800018d   Thumb Code     0  memcpya.o(.text)
    __aeabi_memset                           0x080001b1   Thumb Code    14  memseta.o(.text)
    __aeabi_memset4                          0x080001b1   Thumb Code     0  memseta.o(.text)
    __aeabi_memset8                          0x080001b1   Thumb Code     0  memseta.o(.text)
    __aeabi_memclr                           0x080001bf   Thumb Code     4  memseta.o(.text)
    __aeabi_memclr4                          0x080001bf   Thumb Code     0  memseta.o(.text)
    __aeabi_memclr8                          0x080001bf   Thumb Code     0  memseta.o(.text)
    _memset$wrapper                          0x080001c3   Thumb Code    18  memseta.o(.text)
    strncpy                                  0x080001d5   Thumb Code    24  strncpy.o(.text)
    strlen                                   0x080001ed   Thumb Code    14  strlen.o(.text)
    strcmp                                   0x080001fb   Thumb Code    28  strcmp.o(.text)
    memcmp                                   0x08000217   Thumb Code    26  memcmp.o(.text)
    strncmp                                  0x08000231   Thumb Code    30  strncmp.o(.text)
    __aeabi_uidiv                            0x0800024f   Thumb Code     0  uidiv.o(.text)
    __aeabi_uidivmod                         0x0800024f   Thumb Code    44  uidiv.o(.text)
    __aeabi_uldivmod                         0x0800027b   Thumb Code    98  uldiv.o(.text)
    __I$use$fp                               0x080002dd   Thumb Code     0  iusefp.o(.text)
    __aeabi_dadd                             0x080002dd   Thumb Code   322  dadd.o(.text)
    __aeabi_dsub                             0x0800041f   Thumb Code     6  dadd.o(.text)
    __aeabi_drsub                            0x08000425   Thumb Code     6  dadd.o(.text)
    __aeabi_dmul                             0x0800042b   Thumb Code   228  dmul.o(.text)
    __aeabi_ddiv                             0x0800050f   Thumb Code   222  ddiv.o(.text)
    __aeabi_d2ulz                            0x080005ed   Thumb Code    48  dfixul.o(.text)
    __aeabi_cdrcmple                         0x0800061d   Thumb Code    48  cdrcmple.o(.text)
    __scatterload                            0x0800064d   Thumb Code    28  init.o(.text)
    __scatterload_rt2                        0x0800064d   Thumb Code     0  init.o(.text)
    __aeabi_llsl                             0x08000671   Thumb Code    30  llshl.o(.text)
    _ll_shift_l                              0x08000671   Thumb Code     0  llshl.o(.text)
    __aeabi_lasr                             0x0800068f   Thumb Code    36  llsshr.o(.text)
    _ll_sshift_r                             0x0800068f   Thumb Code     0  llsshr.o(.text)
    _double_round                            0x080006b3   Thumb Code    30  depilogue.o(.text)
    _double_epilogue                         0x080006d1   Thumb Code   156  depilogue.o(.text)
    BusFault_Handler                         0x0800076d   Thumb Code     2  stm32f1xx_it.o(i.BusFault_Handler)
    DebugMon_Handler                         0x0800076f   Thumb Code     2  stm32f1xx_it.o(i.DebugMon_Handler)
    Error_Handler                            0x08000771   Thumb Code     4  main.o(i.Error_Handler)
    FLASH_PageErase                          0x08000799   Thumb Code    28  stm32f1xx_hal_flash_ex.o(i.FLASH_PageErase)
    FLASH_WaitForLastOperation               0x08000835   Thumb Code    80  stm32f1xx_hal_flash.o(i.FLASH_WaitForLastOperation)
    HAL_Delay                                0x08000889   Thumb Code    32  stm32f1xx_hal.o(i.HAL_Delay)
    HAL_FLASHEx_Erase                        0x080008ad   Thumb Code   160  stm32f1xx_hal_flash_ex.o(i.HAL_FLASHEx_Erase)
    HAL_FLASH_Lock                           0x08000955   Thumb Code    14  stm32f1xx_hal_flash.o(i.HAL_FLASH_Lock)
    HAL_FLASH_Program                        0x08000969   Thumb Code   120  stm32f1xx_hal_flash.o(i.HAL_FLASH_Program)
    HAL_FLASH_Unlock                         0x080009e9   Thumb Code    28  stm32f1xx_hal_flash.o(i.HAL_FLASH_Unlock)
    HAL_GPIO_Init                            0x08000a11   Thumb Code   462  stm32f1xx_hal_gpio.o(i.HAL_GPIO_Init)
    HAL_GPIO_WritePin                        0x08000c09   Thumb Code    10  stm32f1xx_hal_gpio.o(i.HAL_GPIO_WritePin)
    HAL_GetTick                              0x08000c15   Thumb Code     6  stm32f1xx_hal.o(i.HAL_GetTick)
    HAL_IncTick                              0x08000c21   Thumb Code    12  stm32f1xx_hal.o(i.HAL_IncTick)
    HAL_Init                                 0x08000c31   Thumb Code    32  stm32f1xx_hal.o(i.HAL_Init)
    HAL_InitTick                             0x08000c55   Thumb Code    54  stm32f1xx_hal.o(i.HAL_InitTick)
    HAL_MspInit                              0x08000c95   Thumb Code    52  stm32f1xx_hal_msp.o(i.HAL_MspInit)
    HAL_NVIC_SetPriority                     0x08000cd1   Thumb Code    60  stm32f1xx_hal_cortex.o(i.HAL_NVIC_SetPriority)
    HAL_NVIC_SetPriorityGrouping             0x08000d11   Thumb Code    26  stm32f1xx_hal_cortex.o(i.HAL_NVIC_SetPriorityGrouping)
    HAL_RCC_ClockConfig                      0x08000d35   Thumb Code   280  stm32f1xx_hal_rcc.o(i.HAL_RCC_ClockConfig)
    HAL_RCC_GetPCLK1Freq                     0x08000e61   Thumb Code    20  stm32f1xx_hal_rcc.o(i.HAL_RCC_GetPCLK1Freq)
    HAL_RCC_GetPCLK2Freq                     0x08000e81   Thumb Code    20  stm32f1xx_hal_rcc.o(i.HAL_RCC_GetPCLK2Freq)
    HAL_RCC_GetSysClockFreq                  0x08000ea1   Thumb Code    58  stm32f1xx_hal_rcc.o(i.HAL_RCC_GetSysClockFreq)
    HAL_RCC_OscConfig                        0x08000eed   Thumb Code   778  stm32f1xx_hal_rcc.o(i.HAL_RCC_OscConfig)
    HAL_SPI_Init                             0x0800120d   Thumb Code   178  stm32f1xx_hal_spi.o(i.HAL_SPI_Init)
    HAL_SPI_MspInit                          0x080012c1   Thumb Code   102  spi.o(i.HAL_SPI_MspInit)
    HAL_SPI_Receive                          0x08001335   Thumb Code   340  stm32f1xx_hal_spi.o(i.HAL_SPI_Receive)
    HAL_SPI_Transmit                         0x08001489   Thumb Code   358  stm32f1xx_hal_spi.o(i.HAL_SPI_Transmit)
    HAL_SPI_TransmitReceive                  0x080015ef   Thumb Code   496  stm32f1xx_hal_spi.o(i.HAL_SPI_TransmitReceive)
    HAL_SYSTICK_Config                       0x080017df   Thumb Code    40  stm32f1xx_hal_cortex.o(i.HAL_SYSTICK_Config)
    HAL_UART_Init                            0x08001807   Thumb Code   100  stm32f1xx_hal_uart.o(i.HAL_UART_Init)
    HAL_UART_MspInit                         0x0800186d   Thumb Code   100  usart.o(i.HAL_UART_MspInit)
    HAL_UART_Transmit                        0x080018dd   Thumb Code   160  stm32f1xx_hal_uart.o(i.HAL_UART_Transmit)
    HardFault_Handler                        0x0800197d   Thumb Code     2  stm32f1xx_it.o(i.HardFault_Handler)
    MX_GPIO_Init                             0x08001981   Thumb Code   120  gpio.o(i.MX_GPIO_Init)
    MX_SPI2_Init                             0x08001a01   Thumb Code    60  spi.o(i.MX_SPI2_Init)
    MX_USART1_UART_Init                      0x08001a45   Thumb Code    48  usart.o(i.MX_USART1_UART_Init)
    MemManage_Handler                        0x08001a7d   Thumb Code     2  stm32f1xx_it.o(i.MemManage_Handler)
    NMI_Handler                              0x08001a7f   Thumb Code     2  stm32f1xx_it.o(i.NMI_Handler)
    PendSV_Handler                           0x08001a81   Thumb Code     2  stm32f1xx_it.o(i.PendSV_Handler)
    SVC_Handler                              0x08001bcd   Thumb Code     2  stm32f1xx_it.o(i.SVC_Handler)
    SysTick_Handler                          0x08001bcf   Thumb Code     4  stm32f1xx_it.o(i.SysTick_Handler)
    SystemClock_Config                       0x08001bd3   Thumb Code    94  main.o(i.SystemClock_Config)
    SystemInit                               0x08001c31   Thumb Code     2  system_stm32f1xx.o(i.SystemInit)
    UsageFault_Handler                       0x08001dab   Thumb Code     2  stm32f1xx_it.o(i.UsageFault_Handler)
    __0printf                                0x08001dad   Thumb Code    22  printfa.o(i.__0printf)
    __1printf                                0x08001dad   Thumb Code     0  printfa.o(i.__0printf)
    __2printf                                0x08001dad   Thumb Code     0  printfa.o(i.__0printf)
    __c89printf                              0x08001dad   Thumb Code     0  printfa.o(i.__0printf)
    printf                                   0x08001dad   Thumb Code     0  printfa.o(i.__0printf)
    __0vsnprintf                             0x08001dcd   Thumb Code    46  printfa.o(i.__0vsnprintf)
    __1vsnprintf                             0x08001dcd   Thumb Code     0  printfa.o(i.__0vsnprintf)
    __2vsnprintf                             0x08001dcd   Thumb Code     0  printfa.o(i.__0vsnprintf)
    __c89vsnprintf                           0x08001dcd   Thumb Code     0  printfa.o(i.__0vsnprintf)
    vsnprintf                                0x08001dcd   Thumb Code     0  printfa.o(i.__0vsnprintf)
    __scatterload_copy                       0x08001e3b   Thumb Code    14  handlers.o(i.__scatterload_copy)
    __scatterload_null                       0x08001e49   Thumb Code     2  handlers.o(i.__scatterload_null)
    __scatterload_zeroinit                   0x08001e4b   Thumb Code    14  handlers.o(i.__scatterload_zeroinit)
    _fdb_continue_ff_addr                    0x08001e59   Thumb Code    96  fdb_utils.o(i._fdb_continue_ff_addr)
    _fdb_db_path                             0x08001eb9   Thumb Code    14  fdb.o(i._fdb_db_path)
    _fdb_flash_erase                         0x08001ec7   Thumb Code    28  fdb_utils.o(i._fdb_flash_erase)
    _fdb_flash_read                          0x08001ee3   Thumb Code    28  fdb_utils.o(i._fdb_flash_read)
    _fdb_flash_write                         0x08001eff   Thumb Code    28  fdb_utils.o(i._fdb_flash_write)
    _fdb_flash_write_align                   0x08001f1b   Thumb Code    50  fdb_utils.o(i._fdb_flash_write_align)
    _fdb_get_status                          0x08001f4d   Thumb Code    40  fdb_utils.o(i._fdb_get_status)
    _fdb_init_ex                             0x08001f75   Thumb Code   314  fdb.o(i._fdb_init_ex)
    _fdb_init_finish                         0x080021cd   Thumb Code   112  fdb.o(i._fdb_init_finish)
    _fdb_read_status                         0x080023b9   Thumb Code    54  fdb_utils.o(i._fdb_read_status)
    _fdb_set_status                          0x0800243d   Thumb Code    44  fdb_utils.o(i._fdb_set_status)
    _fdb_write_status                        0x08002469   Thumb Code    98  fdb_utils.o(i._fdb_write_status)
    app_flashdb_get                          0x080031a9   Thumb Code    38  app_flashdb.o(i.app_flashdb_get)
    app_flashdb_init                         0x080031d5   Thumb Code    88  app_flashdb.o(i.app_flashdb_init)
    app_flashdb_set                          0x080032d5   Thumb Code    42  app_flashdb.o(i.app_flashdb_set)
    app_w25qxx_init                          0x08003305   Thumb Code    12  app_w25qxx.o(i.app_w25qxx_init)
    bootloader_poll                          0x080035bd   Thumb Code    96  bootloader.o(i.bootloader_poll)
    fal_flash_device_find                    0x08004051   Thumb Code    58  fal_flash.o(i.fal_flash_device_find)
    fal_flash_init                           0x080040c5   Thumb Code   138  fal_flash.o(i.fal_flash_init)
    fal_init                                 0x080041e9   Thumb Code    74  fal.o(i.fal_init)
    fal_partition_erase                      0x080042e5   Thumb Code   150  fal_partition.o(i.fal_partition_erase)
    fal_partition_find                       0x08004441   Thumb Code    62  fal_partition.o(i.fal_partition_find)
    fal_partition_init                       0x080044b1   Thumb Code    36  fal_partition.o(i.fal_partition_init)
    fal_partition_read                       0x080044dd   Thumb Code   172  fal_partition.o(i.fal_partition_read)
    fal_partition_write                      0x0800464d   Thumb Code   172  fal_partition.o(i.fal_partition_write)
    fal_show_part_table                      0x080047c1   Thumb Code   246  fal_partition.o(i.fal_show_part_table)
    fdb_blob_make                            0x08004a05   Thumb Code     6  fdb_utils.o(i.fdb_blob_make)
    fdb_calc_crc32                           0x08004a0d   Thumb Code    32  fdb_utils.o(i.fdb_calc_crc32)
    fdb_kv_get_blob                          0x08004a31   Thumb Code   140  fdb_kvdb.o(i.fdb_kv_get_blob)
    fdb_kv_set_blob                          0x08004b01   Thumb Code    80  fdb_kvdb.o(i.fdb_kv_set_blob)
    fdb_kv_set_default                       0x08004b95   Thumb Code   154  fdb_kvdb.o(i.fdb_kv_set_default)
    fdb_kvdb_init                            0x08004c31   Thumb Code   318  fdb_kvdb.o(i.fdb_kvdb_init)
    flash_erase                              0x08005015   Thumb Code   112  hal_flash.o(i.flash_erase)
    flash_read                               0x0800508d   Thumb Code    40  hal_flash.o(i.flash_read)
    flash_write                              0x080050b9   Thumb Code   110  hal_flash.o(i.flash_write)
    fputc                                    0x08005235   Thumb Code    20  main.o(i.fputc)
    main                                     0x080057a9   Thumb Code    40  main.o(i.main)
    sfud_chip_erase                          0x08006f91   Thumb Code   174  sfud.o(i.sfud_chip_erase)
    sfud_device_init                         0x080070cd   Thumb Code    66  sfud.o(i.sfud_device_init)
    sfud_erase                               0x080071b1   Thumb Code   330  sfud.o(i.sfud_erase)
    sfud_get_device                          0x080073ad   Thumb Code    10  sfud.o(i.sfud_get_device)
    sfud_init                                0x080073bd   Thumb Code    44  sfud.o(i.sfud_init)
    sfud_log_debug                           0x08007455   Thumb Code    44  sfud_port.o(i.sfud_log_debug)
    sfud_log_info                            0x0800749d   Thumb Code    40  sfud_port.o(i.sfud_log_info)
    sfud_read                                0x080074d9   Thumb Code   184  sfud.o(i.sfud_read)
    sfud_read_sfdp                           0x0800761d   Thumb Code    62  sfud_sfdp.o(i.sfud_read_sfdp)
    sfud_read_status                         0x080076b1   Thumb Code    66  sfud.o(i.sfud_read_status)
    sfud_sfdp_get_suitable_eraser            0x08007749   Thumb Code    86  sfud_sfdp.o(i.sfud_sfdp_get_suitable_eraser)
    sfud_spi_port_init                       0x08007801   Thumb Code    34  sfud_port.o(i.sfud_spi_port_init)
    sfud_write                               0x0800783d   Thumb Code    42  sfud.o(i.sfud_write)
    sfud_write_status                        0x08007869   Thumb Code   108  sfud.o(i.sfud_write_status)
    w25qxx_basic_init                        0x08007ed5   Thumb Code   140  app_w25qxx.o(i.w25qxx_basic_init)
    w25qxx_deinit                            0x08008019   Thumb Code   172  driver_w25qxx.o(i.w25qxx_deinit)
    w25qxx_init                              0x08008125   Thumb Code  1626  driver_w25qxx.o(i.w25qxx_init)
    w25qxx_set_address_mode                  0x080087e5   Thumb Code   204  driver_w25qxx.o(i.w25qxx_set_address_mode)
    w25qxx_set_dual_quad_spi                 0x08008905   Thumb Code    12  driver_w25qxx.o(i.w25qxx_set_dual_quad_spi)
    w25qxx_set_interface                     0x08008911   Thumb Code    14  driver_w25qxx.o(i.w25qxx_set_interface)
    w25qxx_set_type                          0x0800891f   Thumb Code    12  driver_w25qxx.o(i.w25qxx_set_type)
    w25qxx_spi_deinit                        0x0800892b   Thumb Code     4  app_w25qxx.o(i.w25qxx_spi_deinit)
    w25qxx_spi_delayms                       0x0800892f   Thumb Code     4  app_w25qxx.o(i.w25qxx_spi_delayms)
    w25qxx_spi_delayus                       0x08008933   Thumb Code     2  app_w25qxx.o(i.w25qxx_spi_delayus)
    w25qxx_spi_init                          0x08008935   Thumb Code     4  app_w25qxx.o(i.w25qxx_spi_init)
    w25qxx_spi_write_read                    0x08008939   Thumb Code   102  app_w25qxx.o(i.w25qxx_spi_write_read)
    AHBPrescTable                            0x08008b12   Data          16  system_stm32f1xx.o(.constdata)
    APBPrescTable                            0x08008b22   Data           8  system_stm32f1xx.o(.constdata)
    Region$$Table$$Base                      0x08009f24   Number         0  anon$$obj.o(Region$$Table)
    Region$$Table$$Limit                     0x08009f44   Number         0  anon$$obj.o(Region$$Table)
    uwTickFreq                               0x20000000   Data           1  stm32f1xx_hal.o(.data)
    uwTickPrio                               0x20000004   Data           4  stm32f1xx_hal.o(.data)
    uwTick                                   0x20000008   Data           4  stm32f1xx_hal.o(.data)
    SystemCoreClock                          0x2000000c   Data           4  system_stm32f1xx.o(.data)
    nor_flash0                               0x20000020   Data          56  fal_flash_sfud_port.o(.data)
    flash_table                              0x20000064   Data         116  sfud.o(.data)
    __stdout                                 0x200000e0   Data           4  stdout.o(.data)
    hspi2                                    0x200000e4   Data          88  spi.o(.bss)
    huart1                                   0x2000013c   Data          72  usart.o(.bss)
    pFlash                                   0x20000188   Data          32  stm32f1xx_hal_flash.o(.bss)
    ota_info                                 0x200001a8   Data         248  bootloader.o(.bss)
    __initial_sp                             0x20002c40   Data           0  startup_stm32f103xe.o(STACK)



==============================================================================

Memory Map of the image

  Image Entry point : 0x08000131

  Load Region LR_IROM1 (Base: 0x08000000, Size: 0x0000a028, Max: 0x00080000, ABSOLUTE)

    Execution Region ER_IROM1 (Exec base: 0x08000000, Load base: 0x08000000, Size: 0x00009f44, Max: 0x00080000, ABSOLUTE)

    Exec Addr    Load Addr    Size         Type   Attr      Idx    E Section Name        Object

    0x08000000   0x08000000   0x00000130   Data   RO            3    RESET               startup_stm32f103xe.o
    0x08000130   0x08000130   0x00000000   Code   RO         4096  * .ARM.Collect$$$$00000000  mc_w.l(entry.o)
    0x08000130   0x08000130   0x00000004   Code   RO         4384    .ARM.Collect$$$$00000001  mc_w.l(entry2.o)
    0x08000134   0x08000134   0x00000004   Code   RO         4387    .ARM.Collect$$$$00000004  mc_w.l(entry5.o)
    0x08000138   0x08000138   0x00000000   Code   RO         4389    .ARM.Collect$$$$00000008  mc_w.l(entry7b.o)
    0x08000138   0x08000138   0x00000000   Code   RO         4391    .ARM.Collect$$$$0000000A  mc_w.l(entry8b.o)
    0x08000138   0x08000138   0x00000008   Code   RO         4392    .ARM.Collect$$$$0000000B  mc_w.l(entry9a.o)
    0x08000140   0x08000140   0x00000004   Code   RO         4399    .ARM.Collect$$$$0000000E  mc_w.l(entry12b.o)
    0x08000144   0x08000144   0x00000000   Code   RO         4394    .ARM.Collect$$$$0000000F  mc_w.l(entry10a.o)
    0x08000144   0x08000144   0x00000000   Code   RO         4396    .ARM.Collect$$$$00000011  mc_w.l(entry11a.o)
    0x08000144   0x08000144   0x00000004   Code   RO         4385    .ARM.Collect$$$$00002712  mc_w.l(entry2.o)
    0x08000148   0x08000148   0x00000024   Code   RO            4    .text               startup_stm32f103xe.o
    0x0800016c   0x0800016c   0x00000020   Code   RO         4099    .text               mc_w.l(llushr.o)
    0x0800018c   0x0800018c   0x00000024   Code   RO         4101    .text               mc_w.l(memcpya.o)
    0x080001b0   0x080001b0   0x00000024   Code   RO         4103    .text               mc_w.l(memseta.o)
    0x080001d4   0x080001d4   0x00000018   Code   RO         4105    .text               mc_w.l(strncpy.o)
    0x080001ec   0x080001ec   0x0000000e   Code   RO         4107    .text               mc_w.l(strlen.o)
    0x080001fa   0x080001fa   0x0000001c   Code   RO         4109    .text               mc_w.l(strcmp.o)
    0x08000216   0x08000216   0x0000001a   Code   RO         4111    .text               mc_w.l(memcmp.o)
    0x08000230   0x08000230   0x0000001e   Code   RO         4113    .text               mc_w.l(strncmp.o)
    0x0800024e   0x0800024e   0x0000002c   Code   RO         4401    .text               mc_w.l(uidiv.o)
    0x0800027a   0x0800027a   0x00000062   Code   RO         4403    .text               mc_w.l(uldiv.o)
    0x080002dc   0x080002dc   0x00000000   Code   RO         4405    .text               mc_w.l(iusefp.o)
    0x080002dc   0x080002dc   0x0000014e   Code   RO         4408    .text               mf_w.l(dadd.o)
    0x0800042a   0x0800042a   0x000000e4   Code   RO         4410    .text               mf_w.l(dmul.o)
    0x0800050e   0x0800050e   0x000000de   Code   RO         4412    .text               mf_w.l(ddiv.o)
    0x080005ec   0x080005ec   0x00000030   Code   RO         4414    .text               mf_w.l(dfixul.o)
    0x0800061c   0x0800061c   0x00000030   Code   RO         4416    .text               mf_w.l(cdrcmple.o)
    0x0800064c   0x0800064c   0x00000024   Code   RO         4418    .text               mc_w.l(init.o)
    0x08000670   0x08000670   0x0000001e   Code   RO         4420    .text               mc_w.l(llshl.o)
    0x0800068e   0x0800068e   0x00000024   Code   RO         4422    .text               mc_w.l(llsshr.o)
    0x080006b2   0x080006b2   0x000000ba   Code   RO         4424    .text               mf_w.l(depilogue.o)
    0x0800076c   0x0800076c   0x00000002   Code   RO          287    i.BusFault_Handler  stm32f1xx_it.o
    0x0800076e   0x0800076e   0x00000002   Code   RO          288    i.DebugMon_Handler  stm32f1xx_it.o
    0x08000770   0x08000770   0x00000004   Code   RO           13    i.Error_Handler     main.o
    0x08000774   0x08000774   0x00000024   Code   RO         1564    i.FLASH_MassErase   stm32f1xx_hal_flash_ex.o
    0x08000798   0x08000798   0x00000024   Code   RO         1569    i.FLASH_PageErase   stm32f1xx_hal_flash_ex.o
    0x080007bc   0x080007bc   0x0000001c   Code   RO         1461    i.FLASH_Program_HalfWord  stm32f1xx_hal_flash.o
    0x080007d8   0x080007d8   0x0000005c   Code   RO         1462    i.FLASH_SetErrorCode  stm32f1xx_hal_flash.o
    0x08000834   0x08000834   0x00000054   Code   RO         1463    i.FLASH_WaitForLastOperation  stm32f1xx_hal_flash.o
    0x08000888   0x08000888   0x00000024   Code   RO          751    i.HAL_Delay         stm32f1xx_hal.o
    0x080008ac   0x080008ac   0x000000a8   Code   RO         1570    i.HAL_FLASHEx_Erase  stm32f1xx_hal_flash_ex.o
    0x08000954   0x08000954   0x00000014   Code   RO         1467    i.HAL_FLASH_Lock    stm32f1xx_hal_flash.o
    0x08000968   0x08000968   0x00000080   Code   RO         1472    i.HAL_FLASH_Program  stm32f1xx_hal_flash.o
    0x080009e8   0x080009e8   0x00000028   Code   RO         1474    i.HAL_FLASH_Unlock  stm32f1xx_hal_flash.o
    0x08000a10   0x08000a10   0x000001f8   Code   RO         1061    i.HAL_GPIO_Init     stm32f1xx_hal_gpio.o
    0x08000c08   0x08000c08   0x0000000a   Code   RO         1065    i.HAL_GPIO_WritePin  stm32f1xx_hal_gpio.o
    0x08000c12   0x08000c12   0x00000002   PAD
    0x08000c14   0x08000c14   0x0000000c   Code   RO          755    i.HAL_GetTick       stm32f1xx_hal.o
    0x08000c20   0x08000c20   0x00000010   Code   RO          761    i.HAL_IncTick       stm32f1xx_hal.o
    0x08000c30   0x08000c30   0x00000024   Code   RO          762    i.HAL_Init          stm32f1xx_hal.o
    0x08000c54   0x08000c54   0x00000040   Code   RO          763    i.HAL_InitTick      stm32f1xx_hal.o
    0x08000c94   0x08000c94   0x0000003c   Code   RO          362    i.HAL_MspInit       stm32f1xx_hal_msp.o
    0x08000cd0   0x08000cd0   0x00000040   Code   RO         1227    i.HAL_NVIC_SetPriority  stm32f1xx_hal_cortex.o
    0x08000d10   0x08000d10   0x00000024   Code   RO         1228    i.HAL_NVIC_SetPriorityGrouping  stm32f1xx_hal_cortex.o
    0x08000d34   0x08000d34   0x0000012c   Code   RO          919    i.HAL_RCC_ClockConfig  stm32f1xx_hal_rcc.o
    0x08000e60   0x08000e60   0x00000020   Code   RO          926    i.HAL_RCC_GetPCLK1Freq  stm32f1xx_hal_rcc.o
    0x08000e80   0x08000e80   0x00000020   Code   RO          927    i.HAL_RCC_GetPCLK2Freq  stm32f1xx_hal_rcc.o
    0x08000ea0   0x08000ea0   0x0000004c   Code   RO          928    i.HAL_RCC_GetSysClockFreq  stm32f1xx_hal_rcc.o
    0x08000eec   0x08000eec   0x00000320   Code   RO          931    i.HAL_RCC_OscConfig  stm32f1xx_hal_rcc.o
    0x0800120c   0x0800120c   0x000000b2   Code   RO          433    i.HAL_SPI_Init      stm32f1xx_hal_spi.o
    0x080012be   0x080012be   0x00000002   PAD
    0x080012c0   0x080012c0   0x00000074   Code   RO          204    i.HAL_SPI_MspInit   spi.o
    0x08001334   0x08001334   0x00000154   Code   RO          436    i.HAL_SPI_Receive   stm32f1xx_hal_spi.o
    0x08001488   0x08001488   0x00000166   Code   RO          441    i.HAL_SPI_Transmit  stm32f1xx_hal_spi.o
    0x080015ee   0x080015ee   0x000001f0   Code   RO          442    i.HAL_SPI_TransmitReceive  stm32f1xx_hal_spi.o
    0x080017de   0x080017de   0x00000028   Code   RO         1232    i.HAL_SYSTICK_Config  stm32f1xx_hal_cortex.o
    0x08001806   0x08001806   0x00000064   Code   RO         1751    i.HAL_UART_Init     stm32f1xx_hal_uart.o
    0x0800186a   0x0800186a   0x00000002   PAD
    0x0800186c   0x0800186c   0x00000070   Code   RO          246    i.HAL_UART_MspInit  usart.o
    0x080018dc   0x080018dc   0x000000a0   Code   RO         1759    i.HAL_UART_Transmit  stm32f1xx_hal_uart.o
    0x0800197c   0x0800197c   0x00000002   Code   RO          289    i.HardFault_Handler  stm32f1xx_it.o
    0x0800197e   0x0800197e   0x00000002   PAD
    0x08001980   0x08001980   0x00000080   Code   RO          179    i.MX_GPIO_Init      gpio.o
    0x08001a00   0x08001a00   0x00000044   Code   RO          205    i.MX_SPI2_Init      spi.o
    0x08001a44   0x08001a44   0x00000038   Code   RO          247    i.MX_USART1_UART_Init  usart.o
    0x08001a7c   0x08001a7c   0x00000002   Code   RO          290    i.MemManage_Handler  stm32f1xx_it.o
    0x08001a7e   0x08001a7e   0x00000002   Code   RO          291    i.NMI_Handler       stm32f1xx_it.o
    0x08001a80   0x08001a80   0x00000002   Code   RO          292    i.PendSV_Handler    stm32f1xx_it.o
    0x08001a82   0x08001a82   0x0000005c   Code   RO          470    i.SPI_EndRxTransaction  stm32f1xx_hal_spi.o
    0x08001ade   0x08001ade   0x00000034   Code   RO          471    i.SPI_EndRxTxTransaction  stm32f1xx_hal_spi.o
    0x08001b12   0x08001b12   0x00000002   PAD
    0x08001b14   0x08001b14   0x000000b8   Code   RO          476    i.SPI_WaitFlagStateUntilTimeout  stm32f1xx_hal_spi.o
    0x08001bcc   0x08001bcc   0x00000002   Code   RO          293    i.SVC_Handler       stm32f1xx_it.o
    0x08001bce   0x08001bce   0x00000004   Code   RO          294    i.SysTick_Handler   stm32f1xx_it.o
    0x08001bd2   0x08001bd2   0x0000005e   Code   RO           14    i.SystemClock_Config  main.o
    0x08001c30   0x08001c30   0x00000002   Code   RO         2085    i.SystemInit        system_stm32f1xx.o
    0x08001c32   0x08001c32   0x0000004e   Code   RO         1774    i.UART_EndRxTransfer  stm32f1xx_hal_uart.o
    0x08001c80   0x08001c80   0x000000b8   Code   RO         1777    i.UART_SetConfig    stm32f1xx_hal_uart.o
    0x08001d38   0x08001d38   0x00000072   Code   RO         1780    i.UART_WaitOnFlagUntilTimeout  stm32f1xx_hal_uart.o
    0x08001daa   0x08001daa   0x00000002   Code   RO          295    i.UsageFault_Handler  stm32f1xx_it.o
    0x08001dac   0x08001dac   0x00000020   Code   RO         4350    i.__0printf         mc_w.l(printfa.o)
    0x08001dcc   0x08001dcc   0x00000034   Code   RO         4355    i.__0vsnprintf      mc_w.l(printfa.o)
    0x08001e00   0x08001e00   0x0000001a   Code   RO         2122    i.__NVIC_ClearPendingIRQ  bootloader.o
    0x08001e1a   0x08001e1a   0x00000020   Code   RO         1234    i.__NVIC_SetPriority  stm32f1xx_hal_cortex.o
    0x08001e3a   0x08001e3a   0x0000000e   Code   RO         4428    i.__scatterload_copy  mc_w.l(handlers.o)
    0x08001e48   0x08001e48   0x00000002   Code   RO         4429    i.__scatterload_null  mc_w.l(handlers.o)
    0x08001e4a   0x08001e4a   0x0000000e   Code   RO         4430    i.__scatterload_zeroinit  mc_w.l(handlers.o)
    0x08001e58   0x08001e58   0x00000060   Code   RO         3286    i._fdb_continue_ff_addr  fdb_utils.o
    0x08001eb8   0x08001eb8   0x0000000e   Code   RO         2735    i._fdb_db_path      fdb.o
    0x08001ec6   0x08001ec6   0x0000001c   Code   RO         3287    i._fdb_flash_erase  fdb_utils.o
    0x08001ee2   0x08001ee2   0x0000001c   Code   RO         3288    i._fdb_flash_read   fdb_utils.o
    0x08001efe   0x08001efe   0x0000001c   Code   RO         3289    i._fdb_flash_write  fdb_utils.o
    0x08001f1a   0x08001f1a   0x00000032   Code   RO         3290    i._fdb_flash_write_align  fdb_utils.o
    0x08001f4c   0x08001f4c   0x00000028   Code   RO         3291    i._fdb_get_status   fdb_utils.o
    0x08001f74   0x08001f74   0x00000258   Code   RO         2737    i._fdb_init_ex      fdb.o
    0x080021cc   0x080021cc   0x000000f0   Code   RO         2738    i._fdb_init_finish  fdb.o
    0x080022bc   0x080022bc   0x000000fc   Code   RO         2812    i._fdb_kv_load      fdb_kvdb.o
    0x080023b8   0x080023b8   0x00000084   Code   RO         3292    i._fdb_read_status  fdb_utils.o
    0x0800243c   0x0800243c   0x0000002c   Code   RO         3293    i._fdb_set_status   fdb_utils.o
    0x08002468   0x08002468   0x000000cc   Code   RO         3294    i._fdb_write_status  fdb_utils.o
    0x08002534   0x08002534   0x00000184   Code   RO         4357    i._fp_digits        mc_w.l(printfa.o)
    0x080026b8   0x080026b8   0x000006b4   Code   RO         4358    i._printf_core      mc_w.l(printfa.o)
    0x08002d6c   0x08002d6c   0x00000024   Code   RO         4359    i._printf_post_padding  mc_w.l(printfa.o)
    0x08002d90   0x08002d90   0x0000002e   Code   RO         4360    i._printf_pre_padding  mc_w.l(printfa.o)
    0x08002dbe   0x08002dbe   0x00000016   Code   RO         4361    i._snputc           mc_w.l(printfa.o)
    0x08002dd4   0x08002dd4   0x0000004e   Code   RO         2299    i.a_w25qxx_qspi_write_read  driver_w25qxx.o
    0x08002e22   0x08002e22   0x00000032   Code   RO         2301    i.a_w25qxx_spi_write_read  driver_w25qxx.o
    0x08002e54   0x08002e54   0x000001f4   Code   RO         3572    i.aai_write         sfud.o
    0x08003048   0x08003048   0x00000130   Code   RO         2813    i.alloc_kv          fdb_kvdb.o
    0x08003178   0x08003178   0x0000002e   Code   RO         2814    i.alloc_kv_cb       fdb_kvdb.o
    0x080031a6   0x080031a6   0x00000002   PAD
    0x080031a8   0x080031a8   0x0000002c   Code   RO         3365    i.app_flashdb_get   app_flashdb.o
    0x080031d4   0x080031d4   0x00000100   Code   RO         3366    i.app_flashdb_init  app_flashdb.o
    0x080032d4   0x080032d4   0x00000030   Code   RO         3367    i.app_flashdb_set   app_flashdb.o
    0x08003304   0x08003304   0x0000000c   Code   RO         2195    i.app_w25qxx_init   app_w25qxx.o
    0x08003310   0x08003310   0x000002ac   Code   RO         2123    i.bootloader_jump_to_app  bootloader.o
    0x080035bc   0x080035bc   0x000000d4   Code   RO         2124    i.bootloader_poll   bootloader.o
    0x08003690   0x08003690   0x0000001e   Code   RO         2815    i.check_and_recovery_gc_cb  fdb_kvdb.o
    0x080036ae   0x080036ae   0x00000002   PAD
    0x080036b0   0x080036b0   0x00000144   Code   RO         2816    i.check_and_recovery_kv_cb  fdb_kvdb.o
    0x080037f4   0x080037f4   0x000000f4   Code   RO         3488    i.check_and_update_part_cache  fal_partition.o
    0x080038e8   0x080038e8   0x0000001c   Code   RO         2817    i.check_oldest_addr_cb  fdb_kvdb.o
    0x08003904   0x08003904   0x000000a8   Code   RO         2818    i.check_sec_hdr_cb  fdb_kvdb.o
    0x080039ac   0x080039ac   0x00000018   Code   RO         2125    i.clear_upgrade_flag  bootloader.o
    0x080039c4   0x080039c4   0x00000294   Code   RO         2819    i.create_kv_blob    fdb_kvdb.o
    0x08003c58   0x08003c58   0x0000017c   Code   RO         2820    i.del_kv            fdb_kvdb.o
    0x08003dd4   0x08003dd4   0x000001f0   Code   RO         2821    i.do_gc             fdb_kvdb.o
    0x08003fc4   0x08003fc4   0x0000008c   Code   RO         3452    i.erase             fal_flash_sfud_port.o
    0x08004050   0x08004050   0x00000074   Code   RO         3430    i.fal_flash_device_find  fal_flash.o
    0x080040c4   0x080040c4   0x00000124   Code   RO         3431    i.fal_flash_init    fal_flash.o
    0x080041e8   0x080041e8   0x000000fc   Code   RO         3409    i.fal_init          fal.o
    0x080042e4   0x080042e4   0x0000015c   Code   RO         3490    i.fal_partition_erase  fal_partition.o
    0x08004440   0x08004440   0x00000070   Code   RO         3492    i.fal_partition_find  fal_partition.o
    0x080044b0   0x080044b0   0x0000002c   Code   RO         3493    i.fal_partition_init  fal_partition.o
    0x080044dc   0x080044dc   0x00000170   Code   RO         3494    i.fal_partition_read  fal_partition.o
    0x0800464c   0x0800464c   0x00000174   Code   RO         3495    i.fal_partition_write  fal_partition.o
    0x080047c0   0x080047c0   0x00000244   Code   RO         3497    i.fal_show_part_table  fal_partition.o
    0x08004a04   0x08004a04   0x00000006   Code   RO         3295    i.fdb_blob_make     fdb_utils.o
    0x08004a0a   0x08004a0a   0x00000002   PAD
    0x08004a0c   0x08004a0c   0x00000024   Code   RO         3297    i.fdb_calc_crc32    fdb_utils.o
    0x08004a30   0x08004a30   0x000000d0   Code   RO         2825    i.fdb_kv_get_blob   fdb_kvdb.o
    0x08004b00   0x08004b00   0x00000094   Code   RO         2831    i.fdb_kv_set_blob   fdb_kvdb.o
    0x08004b94   0x08004b94   0x0000009a   Code   RO         2832    i.fdb_kv_set_default  fdb_kvdb.o
    0x08004c2e   0x08004c2e   0x00000002   PAD
    0x08004c30   0x08004c30   0x000001f0   Code   RO         2837    i.fdb_kvdb_init     fdb_kvdb.o
    0x08004e20   0x08004e20   0x0000004e   Code   RO         2838    i.find_kv           fdb_kvdb.o
    0x08004e6e   0x08004e6e   0x00000036   Code   RO         2839    i.find_kv_cb        fdb_kvdb.o
    0x08004ea4   0x08004ea4   0x00000024   Code   RO         2840    i.find_kv_no_cache  fdb_kvdb.o
    0x08004ec8   0x08004ec8   0x00000098   Code   RO         2841    i.find_next_kv_addr  fdb_kvdb.o
    0x08004f60   0x08004f60   0x000000b4   Code   RO         3498    i.flash_device_find_by_part  fal_partition.o
    0x08005014   0x08005014   0x00000078   Code   RO         2702    i.flash_erase       hal_flash.o
    0x0800508c   0x0800508c   0x0000002c   Code   RO         2703    i.flash_read        hal_flash.o
    0x080050b8   0x080050b8   0x00000078   Code   RO         2704    i.flash_write       hal_flash.o
    0x08005130   0x08005130   0x00000104   Code   RO         2842    i.format_sector     fdb_kvdb.o
    0x08005234   0x08005234   0x00000018   Code   RO           15    i.fputc             main.o
    0x0800524c   0x0800524c   0x00000012   Code   RO         2843    i.gc_check_cb       fdb_kvdb.o
    0x0800525e   0x0800525e   0x00000006   Code   RO         2844    i.gc_collect        fdb_kvdb.o
    0x08005264   0x08005264   0x00000108   Code   RO         2845    i.gc_collect_by_free_size  fdb_kvdb.o
    0x0800536c   0x0800536c   0x00000086   Code   RO         2846    i.get_kv_from_cache  fdb_kvdb.o
    0x080053f2   0x080053f2   0x00000056   Code   RO         2847    i.get_next_kv_addr  fdb_kvdb.o
    0x08005448   0x08005448   0x0000002a   Code   RO         2848    i.get_next_sector_addr  fdb_kvdb.o
    0x08005472   0x08005472   0x00000002   PAD
    0x08005474   0x08005474   0x0000002c   Code   RO         2849    i.get_sector_from_cache  fdb_kvdb.o
    0x080054a0   0x080054a0   0x0000026c   Code   RO         3573    i.hardware_init     sfud.o
    0x0800570c   0x0800570c   0x00000028   Code   RO         3453    i.init              fal_flash_sfud_port.o
    0x08005734   0x08005734   0x00000072   Code   RO         2850    i.kv_iterator       fdb_kvdb.o
    0x080057a6   0x080057a6   0x00000002   PAD
    0x080057a8   0x080057a8   0x00000068   Code   RO           16    i.main              main.o
    0x08005810   0x08005810   0x000000a8   Code   RO         3574    i.make_adress_byte_array  sfud.o
    0x080058b8   0x080058b8   0x000001cc   Code   RO         2851    i.move_kv           fdb_kvdb.o
    0x08005a84   0x08005a84   0x00000114   Code   RO         2852    i.new_kv            fdb_kvdb.o
    0x08005b98   0x08005b98   0x0000021c   Code   RO         3575    i.page256_or_1_byte_write  sfud.o
    0x08005db4   0x08005db4   0x00000088   Code   RO         3454    i.read              fal_flash_sfud_port.o
    0x08005e3c   0x08005e3c   0x00000148   Code   RO         3700    i.read_basic_header  sfud_sfdp.o
    0x08005f84   0x08005f84   0x00000510   Code   RO         3701    i.read_basic_table  sfud_sfdp.o
    0x08006494   0x08006494   0x000000a4   Code   RO         3576    i.read_jedec_id     sfud.o
    0x08006538   0x08006538   0x000001e8   Code   RO         2854    i.read_kv           fdb_kvdb.o
    0x08006720   0x08006720   0x000001f8   Code   RO         2855    i.read_sector_info  fdb_kvdb.o
    0x08006918   0x08006918   0x00000108   Code   RO         3702    i.read_sfdp_data    sfud_sfdp.o
    0x08006a20   0x08006a20   0x0000017c   Code   RO         3703    i.read_sfdp_header  sfud_sfdp.o
    0x08006b9c   0x08006b9c   0x000000b0   Code   RO         3577    i.reset             sfud.o
    0x08006c4c   0x08006c4c   0x00000024   Code   RO         3752    i.retry_delay_100us  sfud_port.o
    0x08006c70   0x08006c70   0x00000066   Code   RO         2856    i.sector_iterator   fdb_kvdb.o
    0x08006cd6   0x08006cd6   0x00000022   Code   RO         2857    i.sector_statistics_cb  fdb_kvdb.o
    0x08006cf8   0x08006cf8   0x00000120   Code   RO         3578    i.set_4_byte_address_mode  sfud.o
    0x08006e18   0x08006e18   0x000000a6   Code   RO         2858    i.set_kv            fdb_kvdb.o
    0x08006ebe   0x08006ebe   0x00000002   PAD
    0x08006ec0   0x08006ec0   0x000000d0   Code   RO         3579    i.set_write_enabled  sfud.o
    0x08006f90   0x08006f90   0x0000013c   Code   RO         3580    i.sfud_chip_erase   sfud.o
    0x080070cc   0x080070cc   0x000000e4   Code   RO         3581    i.sfud_device_init  sfud.o
    0x080071b0   0x080071b0   0x000001fc   Code   RO         3582    i.sfud_erase        sfud.o
    0x080073ac   0x080073ac   0x00000010   Code   RO         3584    i.sfud_get_device   sfud.o
    0x080073bc   0x080073bc   0x00000098   Code   RO         3587    i.sfud_init         sfud.o
    0x08007454   0x08007454   0x00000048   Code   RO         3753    i.sfud_log_debug    sfud_port.o
    0x0800749c   0x0800749c   0x0000003c   Code   RO         3754    i.sfud_log_info     sfud_port.o
    0x080074d8   0x080074d8   0x00000144   Code   RO         3588    i.sfud_read         sfud.o
    0x0800761c   0x0800761c   0x00000094   Code   RO         3704    i.sfud_read_sfdp    sfud_sfdp.o
    0x080076b0   0x080076b0   0x00000098   Code   RO         3589    i.sfud_read_status  sfud.o
    0x08007748   0x08007748   0x000000b8   Code   RO         3705    i.sfud_sfdp_get_suitable_eraser  sfud_sfdp.o
    0x08007800   0x08007800   0x0000003c   Code   RO         3755    i.sfud_spi_port_init  sfud_port.o
    0x0800783c   0x0800783c   0x0000002a   Code   RO         3590    i.sfud_write        sfud.o
    0x08007866   0x08007866   0x00000002   PAD
    0x08007868   0x08007868   0x000000e0   Code   RO         3591    i.sfud_write_status  sfud.o
    0x08007948   0x08007948   0x00000018   Code   RO         2199    i.spi_cs_set        app_w25qxx.o
    0x08007960   0x08007960   0x00000004   Code   RO         3756    i.spi_lock          sfud_port.o
    0x08007964   0x08007964   0x00000004   Code   RO         3757    i.spi_unlock        sfud_port.o
    0x08007968   0x08007968   0x0000007c   Code   RO         3758    i.spi_write_read    sfud_port.o
    0x080079e4   0x080079e4   0x000000aa   Code   RO         2859    i.update_kv_cache   fdb_kvdb.o
    0x08007a8e   0x08007a8e   0x00000076   Code   RO         2860    i.update_sec_status  fdb_kvdb.o
    0x08007b04   0x08007b04   0x00000060   Code   RO         2861    i.update_sector_cache  fdb_kvdb.o
    0x08007b64   0x08007b64   0x0000001c   Code   RO         2862    i.update_sector_empty_addr_cache  fdb_kvdb.o
    0x08007b80   0x08007b80   0x00000010   Code   RO         2863    i.update_sector_status_store_cache  fdb_kvdb.o
    0x08007b90   0x08007b90   0x00000344   Code   RO         2126    i.upgrade_firmware  bootloader.o
    0x08007ed4   0x08007ed4   0x00000144   Code   RO         2200    i.w25qxx_basic_init  app_w25qxx.o
    0x08008018   0x08008018   0x0000010c   Code   RO         2306    i.w25qxx_deinit     driver_w25qxx.o
    0x08008124   0x08008124   0x000006c0   Code   RO         2339    i.w25qxx_init       driver_w25qxx.o
    0x080087e4   0x080087e4   0x00000120   Code   RO         2352    i.w25qxx_set_address_mode  driver_w25qxx.o
    0x08008904   0x08008904   0x0000000c   Code   RO         2354    i.w25qxx_set_dual_quad_spi  driver_w25qxx.o
    0x08008910   0x08008910   0x0000000e   Code   RO         2355    i.w25qxx_set_interface  driver_w25qxx.o
    0x0800891e   0x0800891e   0x0000000c   Code   RO         2360    i.w25qxx_set_type   driver_w25qxx.o
    0x0800892a   0x0800892a   0x00000004   Code   RO         2201    i.w25qxx_spi_deinit  app_w25qxx.o
    0x0800892e   0x0800892e   0x00000004   Code   RO         2202    i.w25qxx_spi_delayms  app_w25qxx.o
    0x08008932   0x08008932   0x00000002   Code   RO         2203    i.w25qxx_spi_delayus  app_w25qxx.o
    0x08008934   0x08008934   0x00000004   Code   RO         2204    i.w25qxx_spi_init   app_w25qxx.o
    0x08008938   0x08008938   0x0000006c   Code   RO         2205    i.w25qxx_spi_write_read  app_w25qxx.o
    0x080089a4   0x080089a4   0x000000cc   Code   RO         3592    i.wait_busy         sfud.o
    0x08008a70   0x08008a70   0x00000090   Code   RO         3455    i.write             fal_flash_sfud_port.o
    0x08008b00   0x08008b00   0x00000012   Data   RO          932    .constdata          stm32f1xx_hal_rcc.o
    0x08008b12   0x08008b12   0x00000010   Data   RO         2086    .constdata          system_stm32f1xx.o
    0x08008b22   0x08008b22   0x00000008   Data   RO         2087    .constdata          system_stm32f1xx.o
    0x08008b2a   0x08008b2a   0x00000019   Data   RO         2739    .constdata          fdb.o
    0x08008b43   0x08008b43   0x00000001   PAD
    0x08008b44   0x08008b44   0x00000057   Data   RO         2865    .constdata          fdb_kvdb.o
    0x08008b9b   0x08008b9b   0x00000001   PAD
    0x08008b9c   0x08008b9c   0x00000423   Data   RO         3298    .constdata          fdb_utils.o
    0x08008fbf   0x08008fbf   0x00000009   Data   RO         3411    .constdata          fal.o
    0x08008fc8   0x08008fc8   0x00000029   Data   RO         3432    .constdata          fal_flash.o
    0x08008ff1   0x08008ff1   0x00000011   Data   RO         3456    .constdata          fal_flash_sfud_port.o
    0x08009002   0x08009002   0x00000002   PAD
    0x08009004   0x08009004   0x00000179   Data   RO         3500    .constdata          fal_partition.o
    0x0800917d   0x0800917d   0x00000003   PAD
    0x08009180   0x08009180   0x00000267   Data   RO         3593    .constdata          sfud.o
    0x080093e7   0x080093e7   0x00000070   Data   RO         3706    .constdata          sfud_sfdp.o
    0x08009457   0x08009457   0x00000001   PAD
    0x08009458   0x08009458   0x00000211   Data   RO         2128    .conststring        bootloader.o
    0x08009669   0x08009669   0x00000003   PAD
    0x0800966c   0x0800966c   0x00000093   Data   RO         2740    .conststring        fdb.o
    0x080096ff   0x080096ff   0x00000001   PAD
    0x08009700   0x08009700   0x00000170   Data   RO         2866    .conststring        fdb_kvdb.o
    0x08009870   0x08009870   0x0000005b   Data   RO         3433    .conststring        fal_flash.o
    0x080098cb   0x080098cb   0x00000001   PAD
    0x080098cc   0x080098cc   0x00000132   Data   RO         3501    .conststring        fal_partition.o
    0x080099fe   0x080099fe   0x00000002   PAD
    0x08009a00   0x08009a00   0x00000194   Data   RO         3594    .conststring        sfud.o
    0x08009b94   0x08009b94   0x0000038f   Data   RO         3707    .conststring        sfud_sfdp.o
    0x08009f23   0x08009f23   0x00000001   PAD
    0x08009f24   0x08009f24   0x00000020   Data   RO         4426    Region$$Table       anon$$obj.o


    Execution Region RW_IRAM1 (Exec base: 0x20000000, Load base: 0x08009f44, Size: 0x00002c40, Max: 0x00010000, ABSOLUTE)

    Exec Addr    Load Addr    Size         Type   Attr      Idx    E Section Name        Object

    0x20000000   0x08009f44   0x0000000c   Data   RW          769    .data               stm32f1xx_hal.o
    0x2000000c   0x08009f50   0x00000004   Data   RW         2088    .data               system_stm32f1xx.o
    0x20000010   0x08009f54   0x00000001   Data   RW         2741    .data               fdb.o
    0x20000011   0x08009f55   0x00000003   PAD
    0x20000014   0x08009f58   0x00000004   Data   RW         3369    .data               app_flashdb.o
    0x20000018   0x08009f5c   0x00000001   Data   RW         3412    .data               fal.o
    0x20000019   0x08009f5d   0x00000001   Data   RW         3434    .data               fal_flash.o
    0x2000001a   0x08009f5e   0x00000002   PAD
    0x2000001c   0x08009f60   0x0000003c   Data   RW         3457    .data               fal_flash_sfud_port.o
    0x20000058   0x08009f9c   0x0000000c   Data   RW         3502    .data               fal_partition.o
    0x20000064   0x08009fa8   0x00000074   Data   RW         3595    .data               sfud.o
    0x200000d8   0x0800a01c   0x00000008   Data   RW         3760    .data               sfud_port.o
    0x200000e0   0x0800a024   0x00000004   Data   RW         4400    .data               mc_w.l(stdout.o)
    0x200000e4        -       0x00000058   Zero   RW          206    .bss                spi.o
    0x2000013c        -       0x00000048   Zero   RW          248    .bss                usart.o
    0x20000184   0x0800a028   0x00000004   PAD
    0x20000188        -       0x00000020   Zero   RW         1475    .bss                stm32f1xx_hal_flash.o
    0x200001a8        -       0x000010f8   Zero   RW         2127    .bss                bootloader.o
    0x200012a0        -       0x00001128   Zero   RW         2206    .bss                app_w25qxx.o
    0x200023c8        -       0x0000036c   Zero   RW         3368    .bss                app_flashdb.o
    0x20002734        -       0x0000000c   Zero   RW         3499    .bss                fal_partition.o
    0x20002740        -       0x00000100   Zero   RW         3759    .bss                sfud_port.o
    0x20002840        -       0x00000400   Zero   RW            1    STACK               startup_stm32f103xe.o


==============================================================================

Image component sizes


      Code (inc. data)   RO Data    RW Data    ZI Data      Debug   Object Name

       348        180          0          4        876       4875   app_flashdb.o
       482        196          0          0       4392       7146   app_w25qxx.o
      1782       1102        529          0       4344      35236   bootloader.o
      2450        816          0          0          0       9136   driver_w25qxx.o
       252        178          9          1          0        823   fal.o
       408        212        132          1          0       2105   fal_flash.o
       460        226         17         60          0       6209   fal_flash_sfud_port.o
      2248       1226        683         12         12       9030   fal_partition.o
       854        414        172          1          0       9431   fdb.o
         0          0          0          0          0       6136   fdb_file.o
      7440       2002        455          0          0      44344   fdb_kvdb.o
       692        188       1059          0          0       9277   fdb_utils.o
       128          8          0          0          0        947   gpio.o
       284         22          0          0          0       3289   hal_flash.o
       226         68          0          0          0     475688   main.o
      4830       2190       1019        116          0      16086   sfud.o
       360         90          0          8        256       9254   sfud_port.o
      2600       1422       1023          0          0      11321   sfud_sfdp.o
       184         22          0          0         88       1641   spi.o
        36          8        304          0       1024        800   startup_stm32f103xe.o
       164         28          0         12          0       6485   stm32f1xx_hal.o
       172         14          0          0          0      28286   stm32f1xx_hal_cortex.o
       392         46          0          0         32       4706   stm32f1xx_hal_flash.o
       240         26          0          0          0       3237   stm32f1xx_hal_flash_ex.o
       514         42          0          0          0       2896   stm32f1xx_hal_gpio.o
        60          8          0          0          0        870   stm32f1xx_hal_msp.o
      1240         84         18          0          0       5092   stm32f1xx_hal_rcc.o
      1700          4          0          0          0       8034   stm32f1xx_hal_spi.o
       636          6          0          0          0       4624   stm32f1xx_hal_uart.o
        20          0          0          0          0       3842   stm32f1xx_it.o
         2          0         24          4          0       1107   system_stm32f1xx.o
       168         20          0          0         72       1662   usart.o

    ----------------------------------------------------------------------
     31398      10848       5492        224      11100     733615   Object Totals
         0          0         32          0          0          0   (incl. Generated)
        26          0         16          5          4          0   (incl. Padding)

    ----------------------------------------------------------------------

      Code (inc. data)   RO Data    RW Data    ZI Data      Debug   Library Member Name

         0          0          0          0          0          0   entry.o
         0          0          0          0          0          0   entry10a.o
         0          0          0          0          0          0   entry11a.o
         4          0          0          0          0          0   entry12b.o
         8          4          0          0          0          0   entry2.o
         4          0          0          0          0          0   entry5.o
         0          0          0          0          0          0   entry7b.o
         0          0          0          0          0          0   entry8b.o
         8          4          0          0          0          0   entry9a.o
        30          0          0          0          0          0   handlers.o
        36          8          0          0          0         68   init.o
         0          0          0          0          0          0   iusefp.o
        30          0          0          0          0         68   llshl.o
        36          0          0          0          0         68   llsshr.o
        32          0          0          0          0         68   llushr.o
        26          0          0          0          0         80   memcmp.o
        36          0          0          0          0         68   memcpya.o
        36          0          0          0          0        108   memseta.o
      2292         96          0          0          0        612   printfa.o
         0          0          0          4          0          0   stdout.o
        28          0          0          0          0         76   strcmp.o
        14          0          0          0          0         68   strlen.o
        30          0          0          0          0         80   strncmp.o
        24          0          0          0          0         76   strncpy.o
        44          0          0          0          0         80   uidiv.o
        98          0          0          0          0         92   uldiv.o
        48          0          0          0          0         68   cdrcmple.o
       334          0          0          0          0        148   dadd.o
       222          0          0          0          0        100   ddiv.o
       186          0          0          0          0        176   depilogue.o
        48          0          0          0          0         68   dfixul.o
       228          0          0          0          0         96   dmul.o

    ----------------------------------------------------------------------
      3882        112          0          4          0       2268   Library Totals
         0          0          0          0          0          0   (incl. Padding)

    ----------------------------------------------------------------------

      Code (inc. data)   RO Data    RW Data    ZI Data      Debug   Library Name

      2816        112          0          4          0       1612   mc_w.l
      1066          0          0          0          0        656   mf_w.l

    ----------------------------------------------------------------------
      3882        112          0          4          0       2268   Library Totals

    ----------------------------------------------------------------------

==============================================================================


      Code (inc. data)   RO Data    RW Data    ZI Data      Debug   

     35280      10960       5492        228      11100     725531   Grand Totals
     35280      10960       5492        228      11100     725531   ELF Image Totals
     35280      10960       5492        228          0          0   ROM Totals

==============================================================================

    Total RO  Size (Code + RO Data)                40772 (  39.82kB)
    Total RW  Size (RW Data + ZI Data)             11328 (  11.06kB)
    Total ROM Size (Code + RO Data + RW Data)      41000 (  40.04kB)

==============================================================================

